Component: ARM Compiler 5.06 update 6 (build 750) Tool: armlink [4d35ed]

==============================================================================

Section Cross References

    main.o(i.main) refers to task_sysinit.o(i.Task_Sys_Init) for Task_Sys_Init
    main.o(i.main) refers to task_userinit.o(i.Task_UserInit) for Task_UserInit
    main.o(i.main) refers to usercode.o(i.UserLogic_Code) for UserLogic_Code
    usercode.o(i.UserLogic_Code) refers to printfa.o(i.__0printf) for __2printf
    usercode.o(i.UserLogic_Code) refers to task_uart.o(i.Task_PCUartListen) for Task_PCUartListen
    task_irq.o(i.DMA1_Channel5_IRQHandler) refers to stm32f1xx_hal_dma.o(i.HAL_DMA_IRQHandler) for HAL_DMA_IRQHandler
    task_irq.o(i.DMA1_Channel5_IRQHandler) refers to config.o(.data) for Uart1
    task_irq.o(i.DMA1_Channel6_IRQHandler) refers to stm32f1xx_hal_dma.o(i.HAL_DMA_IRQHandler) for HAL_DMA_IRQHandler
    task_irq.o(i.DMA1_Channel6_IRQHandler) refers to config.o(.data) for JY901S
    task_irq.o(i.EXTI15_10_IRQHandler) refers to task_irq.o(i.Task_EXTI15_10_IRQHandler) for Task_EXTI15_10_IRQHandler
    task_irq.o(i.EXTI9_5_IRQHandler) refers to task_irq.o(i.Task_EXTI9_5_IRQHandler) for Task_EXTI9_5_IRQHandler
    task_irq.o(i.USART1_IRQHandler) refers to drv_hal_uart.o(i.Drv_Uart_DMA_RxHandler) for Drv_Uart_DMA_RxHandler
    task_irq.o(i.USART1_IRQHandler) refers to config.o(.data) for Uart1
    task_irq.o(i.USART2_IRQHandler) refers to drv_hal_uart.o(i.Drv_Uart_DMA_RxHandler) for Drv_Uart_DMA_RxHandler
    task_irq.o(i.USART2_IRQHandler) refers to config.o(.data) for JY901S
    task_sysinit.o(i.Task_Sys_Init) refers to drv_hal.o(i.Drv_HAL_Init) for Drv_HAL_Init
    task_userinit.o(i.Task_UserInit) refers to drv_hal_uart.o(i.Drv_Uart_DMAInit) for Drv_Uart_DMAInit
    task_userinit.o(i.Task_UserInit) refers to drv_hal_gpio.o(i.Drv_GPIO_Init) for Drv_GPIO_Init
    task_userinit.o(i.Task_UserInit) refers to task_led.o(i.Task_LED_AllOff) for Task_LED_AllOff
    task_userinit.o(i.Task_UserInit) refers to ocd_ds3231.o(i.OCD_DS3231_Init) for OCD_DS3231_Init
    task_userinit.o(i.Task_UserInit) refers to ocd_fatfs.o(i.OCD_FATFS_Init) for OCD_FATFS_Init
    task_userinit.o(i.Task_UserInit) refers to printfa.o(i.__0printf) for __2printf
    task_userinit.o(i.Task_UserInit) refers to ocd_at24cxx.o(i.OCD_AT24CXX_Init) for OCD_AT24CXX_Init
    task_userinit.o(i.Task_UserInit) refers to ocd_jy901.o(i.OCD_JY901_DMAInit) for OCD_JY901_DMAInit
    task_userinit.o(i.Task_UserInit) refers to config.o(.data) for Uart1
    task_userinit.o(i.Task_UserInit) refers to task_uart.o(.data) for SDcardStatus
    task_led.o(i.Task_LED_AllOff) refers to drv_hal_gpio.o(i.Drv_GPIO_Set) for Drv_GPIO_Set
    task_led.o(i.Task_LED_AllOff) refers to config.o(.data) for LED
    task_led.o(i.Task_LED_BlueOn) refers to drv_hal_gpio.o(i.Drv_GPIO_Set) for Drv_GPIO_Set
    task_led.o(i.Task_LED_BlueOn) refers to drv_hal_gpio.o(i.Drv_GPIO_Reset) for Drv_GPIO_Reset
    task_led.o(i.Task_LED_BlueOn) refers to printfa.o(i.__0printf) for __2printf
    task_led.o(i.Task_LED_BlueOn) refers to config.o(.data) for LED
    task_led.o(i.Task_LED_GreenOn) refers to drv_hal_gpio.o(i.Drv_GPIO_Set) for Drv_GPIO_Set
    task_led.o(i.Task_LED_GreenOn) refers to drv_hal_gpio.o(i.Drv_GPIO_Reset) for Drv_GPIO_Reset
    task_led.o(i.Task_LED_GreenOn) refers to printfa.o(i.__0printf) for __2printf
    task_led.o(i.Task_LED_GreenOn) refers to config.o(.data) for LED
    task_led.o(i.Task_LED_RedOn) refers to drv_hal_gpio.o(i.Drv_GPIO_Reset) for Drv_GPIO_Reset
    task_led.o(i.Task_LED_RedOn) refers to drv_hal_gpio.o(i.Drv_GPIO_Set) for Drv_GPIO_Set
    task_led.o(i.Task_LED_RedOn) refers to printfa.o(i.__0printf) for __2printf
    task_led.o(i.Task_LED_RedOn) refers to config.o(.data) for LED
    task_uart.o(i.S_UartDataSort) refers to memseta.o(.text) for __aeabi_memclr4
    task_uart.o(i.S_UartDataSort) refers to drv_hal_uart.o(i.Drv_Uart_Receive_DMA) for Drv_Uart_Receive_DMA
    task_uart.o(i.S_UartDataSort) refers to printfa.o(i.__0printf) for __2printf
    task_uart.o(i.S_UartDataSort) refers to task_uart.o(.bss) for PCBuffer
    task_uart.o(i.S_UartDataSort) refers to config.o(.data) for Uart1
    task_uart.o(i.S_UartDataSort) refers to task_uart.o(.data) for ReceNum
    task_uart.o(i.Task_PCUartListen) refers to task_uart.o(i.S_UartDataSort) for S_UartDataSort
    task_uart.o(i.Task_PCUartListen) refers to task_led.o(i.Task_LED_RedOn) for Task_LED_RedOn
    task_uart.o(i.Task_PCUartListen) refers to drv_hal_delay.o(i.Drv_Delay_Ms) for Drv_Delay_Ms
    task_uart.o(i.Task_PCUartListen) refers to task_led.o(i.Task_LED_GreenOn) for Task_LED_GreenOn
    task_uart.o(i.Task_PCUartListen) refers to task_led.o(i.Task_LED_BlueOn) for Task_LED_BlueOn
    task_uart.o(i.Task_PCUartListen) refers to task_led.o(i.Task_LED_AllOff) for Task_LED_AllOff
    task_uart.o(i.Task_PCUartListen) refers to task_ds3231.o(i.Task_DS1337_Test) for Task_DS1337_Test
[...]
    S_SDCard_GetResponse                     0x080036a5   Thumb Code    38  ocd_sdcard.o(i.S_SDCard_GetResponse)
    i.S_SDCard_Init                          0x080036d0   Section        0  ocd_sdcard.o(i.S_SDCard_Init)
    S_SDCard_Init                            0x080036d1   Thumb Code   398  ocd_sdcard.o(i.S_SDCard_Init)
    i.S_SDCard_ReadDisk                      0x08003868   Section        0  ocd_sdcard.o(i.S_SDCard_ReadDisk)
    S_SDCard_ReadDisk                        0x08003869   Thumb Code   112  ocd_sdcard.o(i.S_SDCard_ReadDisk)
    i.S_SDCard_ReceiveData                   0x080038dc   Section        0  ocd_sdcard.o(i.S_SDCard_ReceiveData)
    S_SDCard_ReceiveData                     0x080038dd   Thumb Code    62  ocd_sdcard.o(i.S_SDCard_ReceiveData)
    i.S_SDCard_SendBlock                     0x08003920   Section        0  ocd_sdcard.o(i.S_SDCard_SendBlock)
    S_SDCard_SendBlock                       0x08003921   Thumb Code    92  ocd_sdcard.o(i.S_SDCard_SendBlock)
    i.S_SDCard_SendCMD                       0x08003980   Section        0  ocd_sdcard.o(i.S_SDCard_SendCMD)
    S_SDCard_SendCMD                         0x08003981   Thumb Code   138  ocd_sdcard.o(i.S_SDCard_SendCMD)
    i.S_SDCard_Wait                          0x08003a10   Section        0  ocd_sdcard.o(i.S_SDCard_Wait)
    S_SDCard_Wait                            0x08003a11   Thumb Code    20  ocd_sdcard.o(i.S_SDCard_Wait)
    i.S_SDCard_WaitReady                     0x08003a24   Section        0  ocd_sdcard.o(i.S_SDCard_WaitReady)
    S_SDCard_WaitReady                       0x08003a25   Thumb Code    40  ocd_sdcard.o(i.S_SDCard_WaitReady)
    i.S_SDCard_WaitStop                      0x08003a50   Section        0  ocd_sdcard.o(i.S_SDCard_WaitStop)
    S_SDCard_WaitStop                        0x08003a51   Thumb Code    12  ocd_sdcard.o(i.S_SDCard_WaitStop)
    i.S_SDCard_WriteDisk                     0x08003a60   Section        0  ocd_sdcard.o(i.S_SDCard_WriteDisk)
    S_SDCard_WriteDisk                       0x08003a61   Thumb Code   134  ocd_sdcard.o(i.S_SDCard_WriteDisk)
    i.S_SPI_CLKEnable                        0x08003aec   Section        0  drv_hal_spi.o(i.S_SPI_CLKEnable)
    S_SPI_CLKEnable                          0x08003aed   Thumb Code   112  drv_hal_spi.o(i.S_SPI_CLKEnable)
    i.S_SPI_GPIOConfig                       0x08003b6c   Section        0  drv_hal_spi.o(i.S_SPI_GPIOConfig)
    S_SPI_GPIOConfig                         0x08003b6d   Thumb Code   102  drv_hal_spi.o(i.S_SPI_GPIOConfig)
    i.S_SPI_ParamConfig                      0x08003be0   Section        0  drv_hal_spi.o(i.S_SPI_ParamConfig)
    S_SPI_ParamConfig                        0x08003be1   Thumb Code    22  drv_hal_spi.o(i.S_SPI_ParamConfig)
    i.S_UART_CLKEnable                       0x08003c14   Section        0  drv_hal_uart.o(i.S_UART_CLKEnable)
    S_UART_CLKEnable                         0x08003c15   Thumb Code   184  drv_hal_uart.o(i.S_UART_CLKEnable)
    i.S_UART_DMA_CLKEnable                   0x08003ce4   Section        0  drv_hal_uart.o(i.S_UART_DMA_CLKEnable)
    S_UART_DMA_CLKEnable                     0x08003ce5   Thumb Code   170  drv_hal_uart.o(i.S_UART_DMA_CLKEnable)
    i.S_UART_GPIOConfig                      0x08003dc8   Section        0  drv_hal_uart.o(i.S_UART_GPIOConfig)
    S_UART_GPIOConfig                        0x08003dc9   Thumb Code   338  drv_hal_uart.o(i.S_UART_GPIOConfig)
    i.S_UartDataSort                         0x08003f30   Section        0  task_uart.o(i.S_UartDataSort)
    S_UartDataSort                           0x08003f31   Thumb Code    72  task_uart.o(i.S_UartDataSort)
    i.S_Uart_CLKConfig                       0x08003f94   Section        0  drv_hal_uart.o(i.S_Uart_CLKConfig)
    S_Uart_CLKConfig                         0x08003f95   Thumb Code     2  drv_hal_uart.o(i.S_Uart_CLKConfig)
    i.S_Uart_DMAParamConfig                  0x08003f98   Section        0  drv_hal_uart.o(i.S_Uart_DMAParamConfig)
    S_Uart_DMAParamConfig                    0x08003f99   Thumb Code    58  drv_hal_uart.o(i.S_Uart_DMAParamConfig)
    i.S_Uart_DMA_NVICConfig                  0x08003ff4   Section        0  drv_hal_uart.o(i.S_Uart_DMA_NVICConfig)
    S_Uart_DMA_NVICConfig                    0x08003ff5   Thumb Code   258  drv_hal_uart.o(i.S_Uart_DMA_NVICConfig)
    i.S_Uart_NVICConfig                      0x08004108   Section        0  drv_hal_uart.o(i.S_Uart_NVICConfig)
    S_Uart_NVICConfig                        0x08004109   Thumb Code   154  drv_hal_uart.o(i.S_Uart_NVICConfig)
    i.S_Uart_ParamConfig                     0x080041b8   Section        0  drv_hal_uart.o(i.S_Uart_ParamConfig)
    S_Uart_ParamConfig                       0x080041b9   Thumb Code    22  drv_hal_uart.o(i.S_Uart_ParamConfig)
    i.SysTick_Handler                        0x080041f0   Section        0  drv_hal.o(i.SysTick_Handler)
    i.SystemInit                             0x080041f8   Section        0  system_stm32f1xx.o(i.SystemInit)
    i.TIM2_IRQHandler                        0x080041fa   Section        0  task_irq.o(i.TIM2_IRQHandler)
    i.TIM3_IRQHandler                        0x080041fc   Section        0  task_irq.o(i.TIM3_IRQHandler)
    i.TIM4_IRQHandler                        0x080041fe   Section        0  task_irq.o(i.TIM4_IRQHandler)
    i.TIM5_IRQHandler                        0x08004200   Section        0  task_irq.o(i.TIM5_IRQHandler)
    i.TIM6_IRQHandler                        0x08004202   Section        0  task_irq.o(i.TIM6_IRQHandler)
    i.TIM7_IRQHandler                        0x08004204   Section        0  task_irq.o(i.TIM7_IRQHandler)
    i.Task_AT24CXX_Test                      0x08004208   Section        0  task_ad24xx.o(i.Task_AT24CXX_Test)
    i.Task_DS1337_Test                       0x080042b0   Section        0  task_ds3231.o(i.Task_DS1337_Test)
    i.Task_EXTI15_10_IRQHandler              0x08004398   Section        0  task_irq.o(i.Task_EXTI15_10_IRQHandler)
    i.Task_EXTI9_5_IRQHandler                0x0800439a   Section        0  task_irq.o(i.Task_EXTI9_5_IRQHandler)
    i.Task_JY901_Test                        0x0800439c   Section        0  task_jy901.o(i.Task_JY901_Test)
    i.Task_LED_AllOff                        0x080043c4   Section        0  task_led.o(i.Task_LED_AllOff)
    i.Task_LED_BlueOn                        0x080043e4   Section        0  task_led.o(i.Task_LED_BlueOn)
    i.Task_LED_GreenOn                       0x0800441c   Section        0  task_led.o(i.Task_LED_GreenOn)
    i.Task_LED_RedOn                         0x08004454   Section        0  task_led.o(i.Task_LED_RedOn)
    i.Task_PCUartListen                      0x08004488   Section        0  task_uart.o(i.Task_PCUartListen)
    i.Task_Sys_Init                          0x0800463c   Section        0  task_sysinit.o(i.Task_Sys_Init)
    i.Task_TATFS_Test                        0x08004644   Section        0  task_fatfs.o(i.Task_TATFS_Test)
    i.Task_UserInit                          0x08004770   Section        0  task_userinit.o(i.Task_UserInit)
    i.UART4_IRQHandler                       0x080047e0   Section        0  task_irq.o(i.UART4_IRQHandler)
    i.UART5_IRQHandler                       0x080047e2   Section        0  task_irq.o(i.UART5_IRQHandler)
    i.UART_DMAError                          0x080047e4   Section        0  stm32f1xx_hal_uart.o(i.UART_DMAError)
    UART_DMAError                            0x080047e5   Thumb Code    80  stm32f1xx_hal_uart.o(i.UART_DMAError)
    i.UART_DMAReceiveCplt                    0x08004834   Section        0  stm32f1xx_hal_uart.o(i.UART_DMAReceiveCplt)
    UART_DMAReceiveCplt                      0x08004835   Thumb Code    70  stm32f1xx_hal_uart.o(i.UART_DMAReceiveCplt)
    i.UART_DMARxHalfCplt                     0x0800487a   Section        0  stm32f1xx_hal_uart.o(i.UART_DMARxHalfCplt)
    UART_DMARxHalfCplt                       0x0800487b   Thumb Code    14  stm32f1xx_hal_uart.o(i.UART_DMARxHalfCplt)
    i.UART_EndRxTransfer                     0x08004888   Section        0  stm32f1xx_hal_uart.o(i.UART_EndRxTransfer)
    UART_EndRxTransfer                       0x08004889   Thumb Code    32  stm32f1xx_hal_uart.o(i.UART_EndRxTransfer)
    i.UART_EndTxTransfer                     0x080048a8   Section        0  stm32f1xx_hal_uart.o(i.UART_EndTxTransfer)
    UART_EndTxTransfer                       0x080048a9   Thumb Code    20  stm32f1xx_hal_uart.o(i.UART_EndTxTransfer)
    i.UART_SetConfig                         0x080048bc   Section        0  stm32f1xx_hal_uart.o(i.UART_SetConfig)
    UART_SetConfig                           0x080048bd   Thumb Code   248  stm32f1xx_hal_uart.o(i.UART_SetConfig)
    i.UART_WaitOnFlagUntilTimeout            0x080049b8   Section        0  stm32f1xx_hal_uart.o(i.UART_WaitOnFlagUntilTimeout)
    UART_WaitOnFlagUntilTimeout              0x080049b9   Thumb Code   108  stm32f1xx_hal_uart.o(i.UART_WaitOnFlagUntilTimeout)
    i.USART1_IRQHandler                      0x08004a24   Section        0  task_irq.o(i.USART1_IRQHandler)
    i.USART2_IRQHandler                      0x08004a34   Section        0  task_irq.o(i.USART2_IRQHandler)
    i.USART3_IRQHandler                      0x08004a44   Section        0  task_irq.o(i.USART3_IRQHandler)
    i.UsageFault_Handler                     0x08004a46   Section        0  drv_hal.o(i.UsageFault_Handler)
    i.UserLogic_Code                         0x08004a4c   Section        0  usercode.o(i.UserLogic_Code)
    i.__0printf                              0x08004ac8   Section        0  printfa.o(i.__0printf)
    i.__NVIC_GetPriorityGrouping             0x08004ae8   Section        0  stm32f1xx_hal_cortex.o(i.__NVIC_GetPriorityGrouping)
    __NVIC_GetPriorityGrouping               0x08004ae9   Thumb Code    10  stm32f1xx_hal_cortex.o(i.__NVIC_GetPriorityGrouping)
    i.__NVIC_SetPriority                     0x08004af8   Section        0  stm32f1xx_hal_cortex.o(i.__NVIC_SetPriority)
    __NVIC_SetPriority                       0x08004af9   Thumb Code    32  stm32f1xx_hal_cortex.o(i.__NVIC_SetPriority)
    i.__scatterload_copy                     0x08004b20   Section       14  handlers.o(i.__scatterload_copy)
    i.__scatterload_null                     0x08004b2e   Section        2  handlers.o(i.__scatterload_null)
    i.__scatterload_zeroinit                 0x08004b30   Section       14  handlers.o(i.__scatterload_zeroinit)
    i._fp_digits                             0x08004b40   Section        0  printfa.o(i._fp_digits)
    _fp_digits                               0x08004b41   Thumb Code   366  printfa.o(i._fp_digits)
    i._printf_core                           0x08004cc4   Section        0  printfa.o(i._printf_core)
    _printf_core                             0x08004cc5   Thumb Code  1744  printfa.o(i._printf_core)
    i._printf_post_padding                   0x080053a0   Section        0  printfa.o(i._printf_post_padding)
    _printf_post_padding                     0x080053a1   Thumb Code    36  printfa.o(i._printf_post_padding)
    i._printf_pre_padding                    0x080053c4   Section        0  printfa.o(i._printf_pre_padding)
    _printf_pre_padding                      0x080053c5   Thumb Code    46  printfa.o(i._printf_pre_padding)
    i.check_fs                               0x080053f4   Section        0  ff.o(i.check_fs)
    check_fs                                 0x080053f5   Thumb Code   210  ff.o(i.check_fs)
    i.clmt_clust                             0x080054d4   Section        0  ff.o(i.clmt_clust)
    clmt_clust                               0x080054d5   Thumb Code    50  ff.o(i.clmt_clust)
    i.clst2sect                              0x08005506   Section        0  ff.o(i.clst2sect)
    clst2sect                                0x08005507   Thumb Code    26  ff.o(i.clst2sect)
    i.create_chain                           0x08005520   Section        0  ff.o(i.create_chain)
    create_chain                             0x08005521   Thumb Code   288  ff.o(i.create_chain)
    i.create_name                            0x08005640   Section        0  ff.o(i.create_name)
    create_name                              0x08005641   Thumb Code   252  ff.o(i.create_name)
    i.dbc_1st                                0x0800574c   Section        0  ff.o(i.dbc_1st)
    dbc_1st                                  0x0800574d   Thumb Code    46  ff.o(i.dbc_1st)
    i.dbc_2nd                                0x08005780   Section        0  ff.o(i.dbc_2nd)
    dbc_2nd                                  0x08005781   Thumb Code    66  ff.o(i.dbc_2nd)
    i.dir_alloc                              0x080057c8   Section        0  ff.o(i.dir_alloc)
    dir_alloc                                0x080057c9   Thumb Code    96  ff.o(i.dir_alloc)
    i.dir_clear                              0x08005828   Section        0  ff.o(i.dir_clear)
    dir_clear                                0x08005829   Thumb Code    94  ff.o(i.dir_clear)
    i.dir_find                               0x08005886   Section        0  ff.o(i.dir_find)
    dir_find                                 0x08005887   Thumb Code   108  ff.o(i.dir_find)
    i.dir_next                               0x080058f2   Section        0  ff.o(i.dir_next)
    dir_next                                 0x080058f3   Thumb Code   202  ff.o(i.dir_next)
    i.dir_register                           0x080059bc   Section        0  ff.o(i.dir_register)
    dir_register                             0x080059bd   Thumb Code    66  ff.o(i.dir_register)
    i.dir_sdi                                0x080059fe   Section        0  ff.o(i.dir_sdi)
    dir_sdi                                  0x080059ff   Thumb Code   154  ff.o(i.dir_sdi)
    i.disk_initialize                        0x08005a98   Section        0  ocd_sdcard.o(i.disk_initialize)
    i.disk_ioctl                             0x08005a9e   Section        0  ocd_sdcard.o(i.disk_ioctl)
    i.disk_read                              0x08005ae4   Section        0  ocd_sdcard.o(i.disk_read)
    i.disk_status                            0x08005b44   Section        0  ocd_sdcard.o(i.disk_status)
    i.disk_write                             0x08005b4a   Section        0  ocd_sdcard.o(i.disk_write)
    i.f_close                                0x08005ba0   Section        0  ff.o(i.f_close)
    i.f_lseek                                0x08005bc2   Section        0  ff.o(i.f_lseek)
    i.f_mkdir                                0x08005e72   Section        0  ff.o(i.f_mkdir)
    i.f_mount                                0x08005f78   Section        0  ff.o(i.f_mount)
    i.f_open                                 0x08005fcc   Section        0  ff.o(i.f_open)
    i.f_read                                 0x080061be   Section        0  ff.o(i.f_read)
    i.f_sync                                 0x0800636c   Section        0  ff.o(i.f_sync)
    i.f_write                                0x0800640c   Section        0  ff.o(i.f_write)
    i.find_volume                            0x080065fe   Section        0  ff.o(i.find_volume)
    find_volume                              0x080065ff   Thumb Code   120  ff.o(i.find_volume)
    i.follow_path                            0x08006676   Section        0  ff.o(i.follow_path)
    follow_path                              0x08006677   Thumb Code   158  ff.o(i.follow_path)
    i.fputc                                  0x08006714   Section        0  drv_hal.o(i.fputc)
    i.get_fat                                0x08006748   Section        0  ff.o(i.get_fat)
    get_fat                                  0x08006749   Thumb Code   224  ff.o(i.get_fat)
    i.get_fattime                            0x08006828   Section        0  ocd_sdcard.o(i.get_fattime)
    i.get_ldnumber                           0x0800682c   Section        0  ff.o(i.get_ldnumber)
    get_ldnumber                             0x0800682d   Thumb Code    78  ff.o(i.get_ldnumber)
    i.ld_clust                               0x0800687a   Section        0  ff.o(i.ld_clust)
    ld_clust                                 0x0800687b   Thumb Code    38  ff.o(i.ld_clust)
    i.ld_dword                               0x080068a0   Section        0  ff.o(i.ld_dword)
    ld_dword                                 0x080068a1   Thumb Code    24  ff.o(i.ld_dword)
    i.ld_word                                0x080068b8   Section        0  ff.o(i.ld_word)
    ld_word                                  0x080068b9   Thumb Code    12  ff.o(i.ld_word)
    i.main                                   0x080068c4   Section        0  main.o(i.main)
    i.malloc                                 0x080068d8   Section        0  malloc.o(i.malloc)
    i.mount_volume                           0x08006944   Section        0  ff.o(i.mount_volume)
    mount_volume                             0x08006945   Thumb Code   658  ff.o(i.mount_volume)
    i.move_window                            0x08006bec   Section        0  ff.o(i.move_window)
    move_window                              0x08006bed   Thumb Code    52  ff.o(i.move_window)
    i.put_fat                                0x08006c20   Section        0  ff.o(i.put_fat)
    put_fat                                  0x08006c21   Thumb Code   312  ff.o(i.put_fat)
    i.remove_chain                           0x08006d58   Section        0  ff.o(i.remove_chain)
    remove_chain                             0x08006d59   Thumb Code   154  ff.o(i.remove_chain)
    i.st_clust                               0x08006df2   Section        0  ff.o(i.st_clust)
    st_clust                                 0x08006df3   Thumb Code    36  ff.o(i.st_clust)
    i.st_dword                               0x08006e16   Section        0  ff.o(i.st_dword)
    st_dword                                 0x08006e17   Thumb Code    24  ff.o(i.st_dword)
    i.st_word                                0x08006e2e   Section        0  ff.o(i.st_word)
    st_word                                  0x08006e2f   Thumb Code    12  ff.o(i.st_word)
    i.sync_fs                                0x08006e3c   Section        0  ff.o(i.sync_fs)
    sync_fs                                  0x08006e3d   Thumb Code   132  ff.o(i.sync_fs)
    i.sync_window                            0x08006ec8   Section        0  ff.o(i.sync_window)
    sync_window                              0x08006ec9   Thumb Code    74  ff.o(i.sync_window)
    i.validate                               0x08006f12   Section        0  ff.o(i.validate)
    validate                                 0x08006f13   Thumb Code    60  ff.o(i.validate)
    .constdata                               0x08006f4e   Section       15  ocd_jy901.o(.constdata)
    .constdata                               0x08006f60   Section       56  ff.o(.constdata)
    DbcTbl                                   0x08006f60   Data          10  ff.o(.constdata)
    cst                                      0x08006f6a   Data          14  ff.o(.constdata)
    cst32                                    0x08006f78   Data          14  ff.o(.constdata)
    defopt                                   0x08006f88   Data          16  ff.o(.constdata)
    .constdata                               0x08006f98   Section       24  system_stm32f1xx.o(.constdata)
    .data                                    0x20000000   Section     2248  config.o(.data)
    s_ucSdType                               0x20000000   Data           1  config.o(.data)
    .data                                    0x200008c8   Section        3  task_uart.o(.data)
    s_ucSdType                               0x200008c8   Data           1  task_uart.o(.data)
    .data                                    0x200008cb   Section        8  task_ds3231.o(.data)
    s_ucSdType                               0x200008cb   Data           1  task_ds3231.o(.data)
    .data                                    0x200008d4   Section      141  task_fatfs.o(.data)
    s_ucSdType                               0x200008d4   Data           1  task_fatfs.o(.data)
    File_Name                                0x200008d5   Data          18  task_fatfs.o(.data)
    Path_Name                                0x200008e7   Data           6  task_fatfs.o(.data)
    .data                                    0x20000961   Section       22  task_ad24xx.o(.data)
    s_ucSdType                               0x20000961   Data           1  task_ad24xx.o(.data)
    s_ucpAT24CXXData                         0x20000962   Data          21  task_ad24xx.o(.data)
    .data                                    0x20000977   Section        1  ocd_sdcard.o(.data)
    s_ucSdType                               0x20000977   Data           1  ocd_sdcard.o(.data)
    .data                                    0x20000978   Section        6  ff.o(.data)
    FatFs                                    0x20000978   Data           4  ff.o(.data)
    Fsid                                     0x2000097c   Data           2  ff.o(.data)
    .data                                    0x20000980   Section        4  drv_hal.o(.data)
    .data                                    0x20000984   Section        9  stm32f1xx_hal.o(.data)
    .data                                    0x20000990   Section        4  system_stm32f1xx.o(.data)
    .data                                    0x20000994   Section        4  mvars.o(.data)
    .data                                    0x20000998   Section        4  mvars.o(.data)
    .bss                                     0x2000099c   Section      284  task_uart.o(.bss)
    s_tSPI                                   0x2000099c   Data         184  task_uart.o(.bss)
    .bss                                     0x20000ab8   Section      284  task_fatfs.o(.bss)
    s_tSPI                                   0x20000ab8   Data         184  task_fatfs.o(.bss)
    .bss                                     0x20000bd4   Section      184  ocd_sdcard.o(.bss)
    s_tSPI                                   0x20000bd4   Data         184  ocd_sdcard.o(.bss)
    HEAP                                     0x20000c90   Section      512  startup_stm32f103xe.o(HEAP)
    STACK                                    0x20000e90   Section     1024  startup_stm32f103xe.o(STACK)

    Global Symbols

    Symbol Name                              Value     Ov Type        Size  Object(Section)

    BuildAttributes$$THM_ISAv4$P$D$K$B$S$PE$A:L22UL41UL21$X:L11$S22US41US21$IEEE1$IW$USESV6$~STKCKD$USESV7$~SHL$OTIME$ROPI$EBA8$MICROLIB$REQ8$PRES8$EABIv2 0x00000000   Number         0  anon$$obj.o ABSOLUTE
    __ARM_use_no_argv                        0x00000000   Number         0  main.o ABSOLUTE
    __use_no_errno                           0x00000000   Number         0  useno.o ABSOLUTE
    __use_no_exception_handling              0x00000000   Number         0  useno.o ABSOLUTE
    __use_no_fp                              0x00000000   Number         0  useno.o ABSOLUTE
    __use_no_heap                            0x00000000   Number         0  useno.o ABSOLUTE
    __use_no_heap_region                     0x00000000   Number         0  useno.o ABSOLUTE
    __use_no_semihosting                     0x00000000   Number         0  useno.o ABSOLUTE
    __use_no_semihosting_swi                 0x00000000   Number         0  useno.o ABSOLUTE
    __use_no_signal_handling                 0x00000000   Number         0  useno.o ABSOLUTE
    _printf_a                                0x00000000   Number         0  stubs.o ABSOLUTE
    _printf_c                                0x00000000   Number         0  stubs.o ABSOLUTE
    _printf_charcount                        0x00000000   Number         0  stubs.o ABSOLUTE
    _printf_d                                0x00000000   Number         0  stubs.o ABSOLUTE
    _printf_e                                0x00000000   Number         0  stubs.o ABSOLUTE
    _printf_f                                0x00000000   Number         0  stubs.o ABSOLUTE
    _printf_flags                            0x00000000   Number         0  stubs.o ABSOLUTE
    _printf_fp_dec                           0x00000000   Number         0  stubs.o ABSOLUTE
    _printf_fp_hex                           0x00000000   Number         0  stubs.o ABSOLUTE
    _printf_g                                0x00000000   Number         0  stubs.o ABSOLUTE
    _printf_i                                0x00000000   Number         0  stubs.o ABSOLUTE
    _printf_int_dec                          0x00000000   Number         0  stubs.o ABSOLUTE
    _printf_l                                0x00000000   Number         0  stubs.o ABSOLUTE
    _printf_lc                               0x00000000   Number         0  stubs.o ABSOLUTE
    _printf_ll                               0x00000000   Number         0  stubs.o ABSOLUTE
    _printf_lld                              0x00000000   Number         0  stubs.o ABSOLUTE
    _printf_lli                              0x00000000   Number         0  stubs.o ABSOLUTE
    _printf_llo                              0x00000000   Number         0  stubs.o ABSOLUTE
    _printf_llu                              0x00000000   Number         0  stubs.o ABSOLUTE
    _printf_llx                              0x00000000   Number         0  stubs.o ABSOLUTE
    _printf_longlong_dec                     0x00000000   Number         0  stubs.o ABSOLUTE
    _printf_longlong_hex                     0x00000000   Number         0  stubs.o ABSOLUTE
    _printf_longlong_oct                     0x00000000   Number         0  stubs.o ABSOLUTE
    _printf_ls                               0x00000000   Number         0  stubs.o ABSOLUTE
    _printf_mbtowc                           0x00000000   Number         0  stubs.o ABSOLUTE
    _printf_n                                0x00000000   Number         0  stubs.o ABSOLUTE
    _printf_o                                0x00000000   Number         0  stubs.o ABSOLUTE
    _printf_p                                0x00000000   Number         0  stubs.o ABSOLUTE
    _printf_percent                          0x00000000   Number         0  stubs.o ABSOLUTE
    _printf_pre_padding                      0x00000000   Number         0  stubs.o ABSOLUTE
    _printf_return_value                     0x00000000   Number         0  stubs.o ABSOLUTE
    _printf_s                                0x00000000   Number         0  stubs.o ABSOLUTE
    _printf_sizespec                         0x00000000   Number         0  stubs.o ABSOLUTE
    _printf_str                              0x00000000   Number         0  stubs.o ABSOLUTE
    _printf_truncate_signed                  0x00000000   Number         0  stubs.o ABSOLUTE
    _printf_truncate_unsigned                0x00000000   Number         0  stubs.o ABSOLUTE
    _printf_u                                0x00000000   Number         0  stubs.o ABSOLUTE
    _printf_wc                               0x00000000   Number         0  stubs.o ABSOLUTE
    _printf_wctomb                           0x00000000   Number         0  stubs.o ABSOLUTE
    _printf_widthprec                        0x00000000   Number         0  stubs.o ABSOLUTE
    _printf_x                                0x00000000   Number         0  stubs.o ABSOLUTE
    __cpp_initialize__aeabi_                  - Undefined Weak Reference
    __cxa_finalize                            - Undefined Weak Reference
    _clock_init                               - Undefined Weak Reference
    _microlib_exit                            - Undefined Weak Reference
    __Vectors_Size                           0x00000130   Number         0  startup_stm32f103xe.o ABSOLUTE
    __Vectors                                0x08000000   Data           4  startup_stm32f103xe.o(RESET)
    __Vectors_End                            0x08000130   Data           0  startup_stm32f103xe.o(RESET)
    __main                                   0x08000131   Thumb Code     0  entry.o(.ARM.Collect$$$$00000000)
    _main_stk                                0x08000131   Thumb Code     0  entry2.o(.ARM.Collect$$$$00000001)
    _main_scatterload                        0x08000135   Thumb Code     0  entry5.o(.ARM.Collect$$$$00000004)
    __main_after_scatterload                 0x08000139   Thumb Code     0  entry5.o(.ARM.Collect$$$$00000004)
    _main_clock                              0x08000139   Thumb Code     0  entry7b.o(.ARM.Collect$$$$00000008)
    _main_cpp_init                           0x08000139   Thumb Code     0  entry8b.o(.ARM.Collect$$$$0000000A)
    _main_init                               0x08000139   Thumb Code     0  entry9a.o(.ARM.Collect$$$$0000000B)
    __rt_final_cpp                           0x08000141   Thumb Code     0  entry10a.o(.ARM.Collect$$$$0000000D)
    __rt_final_exit                          0x08000141   Thumb Code     0  entry11a.o(.ARM.Collect$$$$0000000F)
    Reset_Handler                            0x08000145   Thumb Code     8  startup_stm32f103xe.o(.text)
    ADC1_2_IRQHandler                        0x0800015f   Thumb Code     0  startup_stm32f103xe.o(.text)
    ADC3_IRQHandler                          0x0800015f   Thumb Code     0  startup_stm32f103xe.o(.text)
    CAN1_RX1_IRQHandler                      0x0800015f   Thumb Code     0  startup_stm32f103xe.o(.text)
    CAN1_SCE_IRQHandler                      0x0800015f   Thumb Code     0  startup_stm32f103xe.o(.text)
    DMA1_Channel1_IRQHandler                 0x0800015f   Thumb Code     0  startup_stm32f103xe.o(.text)
    DMA1_Channel2_IRQHandler                 0x0800015f   Thumb Code     0  startup_stm32f103xe.o(.text)
    DMA1_Channel3_IRQHandler                 0x0800015f   Thumb Code     0  startup_stm32f103xe.o(.text)
    DMA1_Channel4_IRQHandler                 0x0800015f   Thumb Code     0  startup_stm32f103xe.o(.text)
    DMA1_Channel7_IRQHandler                 0x0800015f   Thumb Code     0  startup_stm32f103xe.o(.text)
    DMA2_Channel1_IRQHandler                 0x0800015f   Thumb Code     0  startup_stm32f103xe.o(.text)
    DMA2_Channel2_IRQHandler                 0x0800015f   Thumb Code     0  startup_stm32f103xe.o(.text)
    DMA2_Channel3_IRQHandler                 0x0800015f   Thumb Code     0  startup_stm32f103xe.o(.text)
    DMA2_Channel4_5_IRQHandler               0x0800015f   Thumb Code     0  startup_stm32f103xe.o(.text)
    EXTI0_IRQHandler                         0x0800015f   Thumb Code     0  startup_stm32f103xe.o(.text)
    EXTI1_IRQHandler                         0x0800015f   Thumb Code     0  startup_stm32f103xe.o(.text)
    EXTI2_IRQHandler                         0x0800015f   Thumb Code     0  startup_stm32f103xe.o(.text)
    EXTI3_IRQHandler                         0x0800015f   Thumb Code     0  startup_stm32f103xe.o(.text)
    EXTI4_IRQHandler                         0x0800015f   Thumb Code     0  startup_stm32f103xe.o(.text)
    FLASH_IRQHandler                         0x0800015f   Thumb Code     0  startup_stm32f103xe.o(.text)
    FSMC_IRQHandler                          0x0800015f   Thumb Code     0  startup_stm32f103xe.o(.text)
    I2C1_ER_IRQHandler                       0x0800015f   Thumb Code     0  startup_stm32f103xe.o(.text)
    I2C1_EV_IRQHandler                       0x0800015f   Thumb Code     0  startup_stm32f103xe.o(.text)
    I2C2_ER_IRQHandler                       0x0800015f   Thumb Code     0  startup_stm32f103xe.o(.text)
    I2C2_EV_IRQHandler                       0x0800015f   Thumb Code     0  startup_stm32f103xe.o(.text)
    PVD_IRQHandler                           0x0800015f   Thumb Code     0  startup_stm32f103xe.o(.text)
    RCC_IRQHandler                           0x0800015f   Thumb Code     0  startup_stm32f103xe.o(.text)
    RTC_Alarm_IRQHandler                     0x0800015f   Thumb Code     0  startup_stm32f103xe.o(.text)
    RTC_IRQHandler                           0x0800015f   Thumb Code     0  startup_stm32f103xe.o(.text)
    SDIO_IRQHandler                          0x0800015f   Thumb Code     0  startup_stm32f103xe.o(.text)
    SPI1_IRQHandler                          0x0800015f   Thumb Code     0  startup_stm32f103xe.o(.text)
    SPI2_IRQHandler                          0x0800015f   Thumb Code     0  startup_stm32f103xe.o(.text)
    SPI3_IRQHandler                          0x0800015f   Thumb Code     0  startup_stm32f103xe.o(.text)
    TAMPER_IRQHandler                        0x0800015f   Thumb Code     0  startup_stm32f103xe.o(.text)
    TIM1_BRK_IRQHandler                      0x0800015f   Thumb Code     0  startup_stm32f103xe.o(.text)
    TIM1_CC_IRQHandler                       0x0800015f   Thumb Code     0  startup_stm32f103xe.o(.text)
    TIM1_TRG_COM_IRQHandler                  0x0800015f   Thumb Code     0  startup_stm32f103xe.o(.text)
    TIM1_UP_IRQHandler                       0x0800015f   Thumb Code     0  startup_stm32f103xe.o(.text)
    TIM8_BRK_IRQHandler                      0x0800015f   Thumb Code     0  startup_stm32f103xe.o(.text)
    TIM8_CC_IRQHandler                       0x0800015f   Thumb Code     0  startup_stm32f103xe.o(.text)
    TIM8_TRG_COM_IRQHandler                  0x0800015f   Thumb Code     0  startup_stm32f103xe.o(.text)
    TIM8_UP_IRQHandler                       0x0800015f   Thumb Code     0  startup_stm32f103xe.o(.text)
    USBWakeUp_IRQHandler                     0x0800015f   Thumb Code     0  startup_stm32f103xe.o(.text)
    USB_HP_CAN1_TX_IRQHandler                0x0800015f   Thumb Code     0  startup_stm32f103xe.o(.text)
    USB_LP_CAN1_RX0_IRQHandler               0x0800015f   Thumb Code     0  startup_stm32f103xe.o(.text)
    WWDG_IRQHandler                          0x0800015f   Thumb Code     0  startup_stm32f103xe.o(.text)
    __aeabi_llsr                             0x08000169   Thumb Code    32  llushr.o(.text)
    _ll_ushift_r                             0x08000169   Thumb Code     0  llushr.o(.text)
    __aeabi_memcpy                           0x08000189   Thumb Code    36  memcpya.o(.text)
    __aeabi_memcpy4                          0x08000189   Thumb Code     0  memcpya.o(.text)
    __aeabi_memcpy8                          0x08000189   Thumb Code     0  memcpya.o(.text)
    __aeabi_memset                           0x080001ad   Thumb Code    14  memseta.o(.text)
    __aeabi_memset4                          0x080001ad   Thumb Code     0  memseta.o(.text)
    __aeabi_memset8                          0x080001ad   Thumb Code     0  memseta.o(.text)
    __aeabi_memclr                           0x080001bb   Thumb Code     4  memseta.o(.text)
    __aeabi_memclr4                          0x080001bb   Thumb Code     0  memseta.o(.text)
    __aeabi_memclr8                          0x080001bb   Thumb Code     0  memseta.o(.text)
    _memset$wrapper                          0x080001bf   Thumb Code    18  memseta.o(.text)
    strchr                                   0x080001d1   Thumb Code    20  strchr.o(.text)
    memcmp                                   0x080001e5   Thumb Code    26  memcmp.o(.text)
    __aeabi_fmul                             0x080001ff   Thumb Code   100  fmul.o(.text)
    __aeabi_fdiv                             0x08000263   Thumb Code   124  fdiv.o(.text)
    __aeabi_dmul                             0x080002df   Thumb Code   228  dmul.o(.text)
    __aeabi_ddiv                             0x080003c3   Thumb Code   222  ddiv.o(.text)
    __aeabi_i2f                              0x080004a1   Thumb Code    18  fflti.o(.text)
    __aeabi_f2d                              0x080004b3   Thumb Code    38  f2d.o(.text)
    __aeabi_cdrcmple                         0x080004d9   Thumb Code    48  cdrcmple.o(.text)
    __aeabi_uidiv                            0x08000509   Thumb Code     0  uidiv.o(.text)
    __aeabi_uidivmod                         0x08000509   Thumb Code    44  uidiv.o(.text)
    __aeabi_uldivmod                         0x08000535   Thumb Code    98  uldiv.o(.text)
    __I$use$fp                               0x08000597   Thumb Code     0  iusefp.o(.text)
    _float_round                             0x08000597   Thumb Code    18  fepilogue.o(.text)
    _float_epilogue                          0x080005a9   Thumb Code    92  fepilogue.o(.text)
    _double_round                            0x08000605   Thumb Code    30  depilogue.o(.text)
    _double_epilogue                         0x08000623   Thumb Code   156  depilogue.o(.text)
    __aeabi_dadd                             0x080006bf   Thumb Code   322  dadd.o(.text)
    __aeabi_dsub                             0x08000801   Thumb Code     6  dadd.o(.text)
    __aeabi_drsub                            0x08000807   Thumb Code     6  dadd.o(.text)
    __aeabi_d2ulz                            0x0800080d   Thumb Code    48  dfixul.o(.text)
    __scatterload                            0x0800083d   Thumb Code    28  init.o(.text)
    __scatterload_rt2                        0x0800083d   Thumb Code     0  init.o(.text)
    __aeabi_llsl                             0x08000861   Thumb Code    30  llshl.o(.text)
    _ll_shift_l                              0x08000861   Thumb Code     0  llshl.o(.text)
    __aeabi_lasr                             0x0800087f   Thumb Code    36  llsshr.o(.text)
    _ll_sshift_r                             0x0800087f   Thumb Code     0  llsshr.o(.text)
    __decompress                             0x080008a3   Thumb Code     0  __dczerorl2.o(.text)
    __decompress1                            0x080008a3   Thumb Code    86  __dczerorl2.o(.text)
    BusFault_Handler                         0x080008f9   Thumb Code     4  drv_hal.o(i.BusFault_Handler)
    DMA1_Channel5_IRQHandler                 0x080008fd   Thumb Code    10  task_irq.o(i.DMA1_Channel5_IRQHandler)
    DMA1_Channel6_IRQHandler                 0x0800090d   Thumb Code    10  task_irq.o(i.DMA1_Channel6_IRQHandler)
    DebugMon_Handler                         0x08000949   Thumb Code     2  drv_hal.o(i.DebugMon_Handler)
    Drv_Delay_Ms                             0x0800094b   Thumb Code    12  drv_hal_delay.o(i.Drv_Delay_Ms)
    Drv_Delay_Us                             0x08000957   Thumb Code    80  drv_hal_delay.o(i.Drv_Delay_Us)
    Drv_GPIO_Init                            0x080009a9   Thumb Code   104  drv_hal_gpio.o(i.Drv_GPIO_Init)
    Drv_GPIO_Reset                           0x08000a1d   Thumb Code    18  drv_hal_gpio.o(i.Drv_GPIO_Reset)
    Drv_GPIO_Set                             0x08000a2f   Thumb Code    18  drv_hal_gpio.o(i.Drv_GPIO_Set)
    Drv_HAL_Error                            0x08000a41   Thumb Code    24  drv_hal.o(i.Drv_HAL_Error)
    Drv_HAL_IncTick                          0x08000a9d   Thumb Code    12  drv_hal.o(i.Drv_HAL_IncTick)
    Drv_HAL_Init                             0x08000aa9   Thumb Code    12  drv_hal.o(i.Drv_HAL_Init)
    Drv_IICSoft_Init                         0x08000ab5   Thumb Code    14  drv_hal_iic_soft.o(i.Drv_IICSoft_Init)
    Drv_IICSoft_ReadByte                     0x08000ac3   Thumb Code    90  drv_hal_iic_soft.o(i.Drv_IICSoft_ReadByte)
    Drv_IICSoft_SendByte                     0x08000b1d   Thumb Code    86  drv_hal_iic_soft.o(i.Drv_IICSoft_SendByte)
    Drv_IICSoft_Start                        0x08000b73   Thumb Code    48  drv_hal_iic_soft.o(i.Drv_IICSoft_Start)
    Drv_IICSoft_Stop                         0x08000ba3   Thumb Code    48  drv_hal_iic_soft.o(i.Drv_IICSoft_Stop)
    Drv_IICSoft_WaitAck                      0x08000bd3   Thumb Code    76  drv_hal_iic_soft.o(i.Drv_IICSoft_WaitAck)
    Drv_SPI_Init                             0x08000c1f   Thumb Code    24  drv_hal_spi.o(i.Drv_SPI_Init)
    Drv_SPI_SpeedConfig                      0x08000c39   Thumb Code    38  drv_hal_spi.o(i.Drv_SPI_SpeedConfig)
    Drv_SPI_TransmitReceive                  0x08000c7d   Thumb Code    36  drv_hal_spi.o(i.Drv_SPI_TransmitReceive)
    Drv_Uart_DMAInit                         0x08000ca1   Thumb Code   144  drv_hal_uart.o(i.Drv_Uart_DMAInit)
    Drv_Uart_DMA_RxHandler                   0x08000d31   Thumb Code    82  drv_hal_uart.o(i.Drv_Uart_DMA_RxHandler)
    Drv_Uart_Receive_DMA                     0x08000d83   Thumb Code    52  drv_hal_uart.o(i.Drv_Uart_Receive_DMA)
    Drv_Uart_Transmit                        0x08000db7   Thumb Code    22  drv_hal_uart.o(i.Drv_Uart_Transmit)
    EXTI15_10_IRQHandler                     0x08000dcd   Thumb Code     8  task_irq.o(i.EXTI15_10_IRQHandler)
    EXTI9_5_IRQHandler                       0x08000dd5   Thumb Code     8  task_irq.o(i.EXTI9_5_IRQHandler)
    HAL_DMA_Abort                            0x08000ddd   Thumb Code    86  stm32f1xx_hal_dma.o(i.HAL_DMA_Abort)
    HAL_DMA_IRQHandler                       0x08000e35   Thumb Code   910  stm32f1xx_hal_dma.o(i.HAL_DMA_IRQHandler)
    HAL_DMA_Init                             0x080011cd   Thumb Code   132  stm32f1xx_hal_dma.o(i.HAL_DMA_Init)
    HAL_DMA_Start_IT                         0x08001259   Thumb Code   156  stm32f1xx_hal_dma.o(i.HAL_DMA_Start_IT)
    HAL_Delay                                0x080012f5   Thumb Code    36  stm32f1xx_hal.o(i.HAL_Delay)
    HAL_GPIO_Init                            0x0800131d   Thumb Code   792  stm32f1xx_hal_gpio.o(i.HAL_GPIO_Init)
    HAL_GPIO_ReadPin                         0x0800165d   Thumb Code    16  stm32f1xx_hal_gpio.o(i.HAL_GPIO_ReadPin)
    HAL_GPIO_WritePin                        0x0800166d   Thumb Code    12  stm32f1xx_hal_gpio.o(i.HAL_GPIO_WritePin)
    HAL_GetTick                              0x08001679   Thumb Code     6  stm32f1xx_hal.o(i.HAL_GetTick)
    HAL_IncTick                              0x08001685   Thumb Code    16  stm32f1xx_hal.o(i.HAL_IncTick)
    HAL_Init                                 0x0800169d   Thumb Code    34  stm32f1xx_hal.o(i.HAL_Init)
    HAL_InitTick                             0x080016c5   Thumb Code    64  stm32f1xx_hal.o(i.HAL_InitTick)
    HAL_MspInit                              0x08001711   Thumb Code   158  drv_hal.o(i.HAL_MspInit)
    HAL_NVIC_EnableIRQ                       0x080017b9   Thumb Code    32  stm32f1xx_hal_cortex.o(i.HAL_NVIC_EnableIRQ)
    HAL_NVIC_SetPriority                     0x080017d9   Thumb Code   124  stm32f1xx_hal_cortex.o(i.HAL_NVIC_SetPriority)
    HAL_NVIC_SetPriorityGrouping             0x08001855   Thumb Code    32  stm32f1xx_hal_cortex.o(i.HAL_NVIC_SetPriorityGrouping)
    HAL_RCC_ClockConfig                      0x0800187d   Thumb Code   376  stm32f1xx_hal_rcc.o(i.HAL_RCC_ClockConfig)
    HAL_RCC_GetHCLKFreq                      0x08001a09   Thumb Code     6  stm32f1xx_hal_rcc.o(i.HAL_RCC_GetHCLKFreq)
    HAL_RCC_GetPCLK1Freq                     0x08001a15   Thumb Code    22  stm32f1xx_hal_rcc.o(i.HAL_RCC_GetPCLK1Freq)
    HAL_RCC_GetPCLK2Freq                     0x08001a35   Thumb Code    22  stm32f1xx_hal_rcc.o(i.HAL_RCC_GetPCLK2Freq)
    HAL_RCC_GetSysClockFreq                  0x08001a55   Thumb Code   116  stm32f1xx_hal_rcc.o(i.HAL_RCC_GetSysClockFreq)
    HAL_RCC_OscConfig                        0x08001ae9   Thumb Code  1114  stm32f1xx_hal_rcc.o(i.HAL_RCC_OscConfig)
    HAL_SPI_Init                             0x08001f4d   Thumb Code   190  stm32f1xx_hal_spi.o(i.HAL_SPI_Init)
    HAL_SPI_MspInit                          0x0800200b   Thumb Code     2  stm32f1xx_hal_spi.o(i.HAL_SPI_MspInit)
    HAL_SPI_TransmitReceive                  0x0800200d   Thumb Code   554  stm32f1xx_hal_spi.o(i.HAL_SPI_TransmitReceive)
    HAL_SYSTICK_Callback                     0x08002237   Thumb Code     2  stm32f1xx_hal_cortex.o(i.HAL_SYSTICK_Callback)
    HAL_SYSTICK_Config                       0x08002239   Thumb Code    52  stm32f1xx_hal_cortex.o(i.HAL_SYSTICK_Config)
    HAL_SYSTICK_IRQHandler                   0x0800226d   Thumb Code     8  stm32f1xx_hal_cortex.o(i.HAL_SYSTICK_IRQHandler)
    HAL_UART_DMAStop                         0x08002275   Thumb Code   102  stm32f1xx_hal_uart.o(i.HAL_UART_DMAStop)
    HAL_UART_ErrorCallback                   0x080022db   Thumb Code     2  stm32f1xx_hal_uart.o(i.HAL_UART_ErrorCallback)
    HAL_UART_Init                            0x080022dd   Thumb Code   114  stm32f1xx_hal_uart.o(i.HAL_UART_Init)
    HAL_UART_MspInit                         0x0800234f   Thumb Code     2  stm32f1xx_hal_uart.o(i.HAL_UART_MspInit)
    HAL_UART_Receive_DMA                     0x08002351   Thumb Code   182  stm32f1xx_hal_uart.o(i.HAL_UART_Receive_DMA)
    HAL_UART_RxCpltCallback                  0x08002415   Thumb Code     2  stm32f1xx_hal_uart.o(i.HAL_UART_RxCpltCallback)
    HAL_UART_RxHalfCpltCallback              0x08002417   Thumb Code     2  stm32f1xx_hal_uart.o(i.HAL_UART_RxHalfCpltCallback)
    HAL_UART_Transmit                        0x08002419   Thumb Code   210  stm32f1xx_hal_uart.o(i.HAL_UART_Transmit)
    HardFault_Handler                        0x080024eb   Thumb Code     4  drv_hal.o(i.HardFault_Handler)
    MemManage_Handler                        0x080024ef   Thumb Code     4  drv_hal.o(i.MemManage_Handler)
    NMI_Handler                              0x080024f3   Thumb Code     4  drv_hal.o(i.NMI_Handler)
    OCD_AT24CXX_Check                        0x080024f7   Thumb Code    54  ocd_at24cxx.o(i.OCD_AT24CXX_Check)
    OCD_AT24CXX_Init                         0x0800252d   Thumb Code    12  ocd_at24cxx.o(i.OCD_AT24CXX_Init)
    OCD_AT24CXX_ReadLenByte                  0x08002539   Thumb Code    40  ocd_at24cxx.o(i.OCD_AT24CXX_ReadLenByte)
    OCD_AT24CXX_WriteLenByte                 0x08002561   Thumb Code    40  ocd_at24cxx.o(i.OCD_AT24CXX_WriteLenByte)
    OCD_DS3231_Init                          0x08002589   Thumb Code    54  ocd_ds3231.o(i.OCD_DS3231_Init)
    OCD_DS3231_TimeGetHex                    0x080025bf   Thumb Code    94  ocd_ds3231.o(i.OCD_DS3231_TimeGetHex)
    OCD_DS3231_TimeSetHex                    0x0800261d   Thumb Code   140  ocd_ds3231.o(i.OCD_DS3231_TimeSetHex)
    OCD_FATFS_CreateDir                      0x080026a9   Thumb Code    74  ocd_fatfs.o(i.OCD_FATFS_CreateDir)
    OCD_FATFS_Init                           0x08002715   Thumb Code    96  ocd_fatfs.o(i.OCD_FATFS_Init)
    OCD_FATFS_Read_SpecifyIndex              0x08002775   Thumb Code   160  ocd_fatfs.o(i.OCD_FATFS_Read_SpecifyIndex)
    OCD_FATFS_Write_End                      0x08002835   Thumb Code   190  ocd_fatfs.o(i.OCD_FATFS_Write_End)
    OCD_JY901_DMAInit                        0x08002915   Thumb Code    30  ocd_jy901.o(i.OCD_JY901_DMAInit)
    OCD_JY901_DataConversion                 0x08002935   Thumb Code   498  ocd_jy901.o(i.OCD_JY901_DataConversion)
    OCD_JY901_DataProcess                    0x08002b31   Thumb Code   260  ocd_jy901.o(i.OCD_JY901_DataProcess)
    OCD_JY901_Printf                         0x08002c35   Thumb Code   490  ocd_jy901.o(i.OCD_JY901_Printf)
    OCD_JY901_RxBaudConfig                   0x08002ec5   Thumb Code    54  ocd_jy901.o(i.OCD_JY901_RxBaudConfig)
    OCD_JY901_RxSpeedConfig                  0x08002f05   Thumb Code    56  ocd_jy901.o(i.OCD_JY901_RxSpeedConfig)
    OCD_JY901_RxTypeConfig                   0x08002f45   Thumb Code    68  ocd_jy901.o(i.OCD_JY901_RxTypeConfig)
    OCD_SDCard_SPIInit                       0x08002f91   Thumb Code    90  ocd_sdcard.o(i.OCD_SDCard_SPIInit)
    PendSV_Handler                           0x08002ff1   Thumb Code     2  drv_hal.o(i.PendSV_Handler)
    SVC_Handler                              0x0800311d   Thumb Code     2  drv_hal.o(i.SVC_Handler)
    S_AT24CXX_ReadOneByte                    0x0800312b   Thumb Code   114  ocd_at24cxx.o(i.S_AT24CXX_ReadOneByte)
    SysTick_Handler                          0x080041f1   Thumb Code     8  drv_hal.o(i.SysTick_Handler)
    SystemInit                               0x080041f9   Thumb Code     2  system_stm32f1xx.o(i.SystemInit)
    TIM2_IRQHandler                          0x080041fb   Thumb Code     2  task_irq.o(i.TIM2_IRQHandler)
    TIM3_IRQHandler                          0x080041fd   Thumb Code     2  task_irq.o(i.TIM3_IRQHandler)
    TIM4_IRQHandler                          0x080041ff   Thumb Code     2  task_irq.o(i.TIM4_IRQHandler)
    TIM5_IRQHandler                          0x08004201   Thumb Code     2  task_irq.o(i.TIM5_IRQHandler)
    TIM6_IRQHandler                          0x08004203   Thumb Code     2  task_irq.o(i.TIM6_IRQHandler)
    TIM7_IRQHandler                          0x08004205   Thumb Code     2  task_irq.o(i.TIM7_IRQHandler)
    Task_AT24CXX_Test                        0x08004209   Thumb Code    76  task_ad24xx.o(i.Task_AT24CXX_Test)
    Task_DS1337_Test                         0x080042b1   Thumb Code   112  task_ds3231.o(i.Task_DS1337_Test)
    Task_EXTI15_10_IRQHandler                0x08004399   Thumb Code     2  task_irq.o(i.Task_EXTI15_10_IRQHandler)
    Task_EXTI9_5_IRQHandler                  0x0800439b   Thumb Code     2  task_irq.o(i.Task_EXTI9_5_IRQHandler)
    Task_JY901_Test                          0x0800439d   Thumb Code    30  task_jy901.o(i.Task_JY901_Test)
    Task_LED_AllOff                          0x080043c5   Thumb Code    26  task_led.o(i.Task_LED_AllOff)
    Task_LED_BlueOn                          0x080043e5   Thumb Code    32  task_led.o(i.Task_LED_BlueOn)
    Task_LED_GreenOn                         0x0800441d   Thumb Code    32  task_led.o(i.Task_LED_GreenOn)
    Task_LED_RedOn                           0x08004455   Thumb Code    32  task_led.o(i.Task_LED_RedOn)
    Task_PCUartListen                        0x08004489   Thumb Code   282  task_uart.o(i.Task_PCUartListen)
    Task_Sys_Init                            0x0800463d   Thumb Code     8  task_sysinit.o(i.Task_Sys_Init)
    Task_TATFS_Test                          0x08004645   Thumb Code   162  task_fatfs.o(i.Task_TATFS_Test)
    Task_UserInit                            0x08004771   Thumb Code    68  task_userinit.o(i.Task_UserInit)
    UART4_IRQHandler                         0x080047e1   Thumb Code     2  task_irq.o(i.UART4_IRQHandler)
    UART5_IRQHandler                         0x080047e3   Thumb Code     2  task_irq.o(i.UART5_IRQHandler)
    USART1_IRQHandler                        0x08004a25   Thumb Code    10  task_irq.o(i.USART1_IRQHandler)
    USART2_IRQHandler                        0x08004a35   Thumb Code    10  task_irq.o(i.USART2_IRQHandler)
    USART3_IRQHandler                        0x08004a45   Thumb Code     2  task_irq.o(i.USART3_IRQHandler)
    UsageFault_Handler                       0x08004a47   Thumb Code     4  drv_hal.o(i.UsageFault_Handler)
    UserLogic_Code                           0x08004a4d   Thumb Code    26  usercode.o(i.UserLogic_Code)
    __0printf                                0x08004ac9   Thumb Code    22  printfa.o(i.__0printf)
    __1printf                                0x08004ac9   Thumb Code     0  printfa.o(i.__0printf)
    __2printf                                0x08004ac9   Thumb Code     0  printfa.o(i.__0printf)
    __c89printf                              0x08004ac9   Thumb Code     0  printfa.o(i.__0printf)
    printf                                   0x08004ac9   Thumb Code     0  printfa.o(i.__0printf)
    __scatterload_copy                       0x08004b21   Thumb Code    14  handlers.o(i.__scatterload_copy)
    __scatterload_null                       0x08004b2f   Thumb Code     2  handlers.o(i.__scatterload_null)
    __scatterload_zeroinit                   0x08004b31   Thumb Code    14  handlers.o(i.__scatterload_zeroinit)
    disk_initialize                          0x08005a99   Thumb Code     6  ocd_sdcard.o(i.disk_initialize)
    disk_ioctl                               0x08005a9f   Thumb Code    68  ocd_sdcard.o(i.disk_ioctl)
    disk_read                                0x08005ae5   Thumb Code    92  ocd_sdcard.o(i.disk_read)
    disk_status                              0x08005b45   Thumb Code     6  ocd_sdcard.o(i.disk_status)
    disk_write                               0x08005b4b   Thumb Code    86  ocd_sdcard.o(i.disk_write)
    f_close                                  0x08005ba1   Thumb Code    34  ff.o(i.f_close)
    f_lseek                                  0x08005bc3   Thumb Code   688  ff.o(i.f_lseek)
    f_mkdir                                  0x08005e73   Thumb Code   260  ff.o(i.f_mkdir)
    f_mount                                  0x08005f79   Thumb Code    80  ff.o(i.f_mount)
    f_open                                   0x08005fcd   Thumb Code   498  ff.o(i.f_open)
    f_read                                   0x080061bf   Thumb Code   430  ff.o(i.f_read)
    f_sync                                   0x0800636d   Thumb Code   160  ff.o(i.f_sync)
    f_write                                  0x0800640d   Thumb Code   498  ff.o(i.f_write)
    fputc                                    0x08006715   Thumb Code    48  drv_hal.o(i.fputc)
    get_fattime                              0x08006829   Thumb Code     4  ocd_sdcard.o(i.get_fattime)
    main                                     0x080068c5   Thumb Code    18  main.o(i.main)
    malloc                                   0x080068d9   Thumb Code    92  malloc.o(i.malloc)
    ucpUnlockCmd                             0x08006f4e   Data           5  ocd_jy901.o(.constdata)
    ucpSleepCmd                              0x08006f53   Data           5  ocd_jy901.o(.constdata)
    ucpOutputOnceCmd                         0x08006f58   Data           5  ocd_jy901.o(.constdata)
    AHBPrescTable                            0x08006f98   Data          16  system_stm32f1xx.o(.constdata)
    APBPrescTable                            0x08006fa8   Data           8  system_stm32f1xx.o(.constdata)
    Region$$Table$$Base                      0x08006fb0   Number         0  anon$$obj.o(Region$$Table)
    Region$$Table$$Limit                     0x08006fd0   Number         0  anon$$obj.o(Region$$Table)
    LED                                      0x20000004   Data          72  config.o(.data)
    Uart1                                    0x2000004c   Data         296  config.o(.data)
    tDS3231                                  0x20000174   Data          48  config.o(.data)
    tFATFS                                   0x200001a4   Data        1368  config.o(.data)
    tAT24CXX                                 0x200006fc   Data          48  config.o(.data)
    JY901S                                   0x2000072c   Data         412  config.o(.data)
    ReceNum                                  0x200008c9   Data           1  task_uart.o(.data)
    SDcardStatus                             0x200008ca   Data           1  task_uart.o(.data)
    s_tSysTime                               0x200008cc   Data           7  task_ds3231.o(.data)
    sendBuffer                               0x200008ed   Data         100  task_fatfs.o(.data)
    sendNum                                  0x20000954   Data           4  task_fatfs.o(.data)
    receNum                                  0x20000958   Data           4  task_fatfs.o(.data)
    Offset                                   0x2000095c   Data           4  task_fatfs.o(.data)
    ret                                      0x20000960   Data           1  task_fatfs.o(.data)
    __stdout                                 0x20000980   Data           4  drv_hal.o(.data)
    uwTick                                   0x20000984   Data           4  stm32f1xx_hal.o(.data)
    uwTickPrio                               0x20000988   Data           4  stm32f1xx_hal.o(.data)
    uwTickFreq                               0x2000098c   Data           1  stm32f1xx_hal.o(.data)
    SystemCoreClock                          0x20000990   Data           4  system_stm32f1xx.o(.data)
    __microlib_freelist                      0x20000994   Data           4  mvars.o(.data)
    __microlib_freelist_initialised          0x20000998   Data           4  mvars.o(.data)
    PCBuffer                                 0x20000a54   Data         100  task_uart.o(.bss)
    receBuffer                               0x20000b70   Data         100  task_fatfs.o(.bss)
    __heap_base                              0x20000c90   Data           0  startup_stm32f103xe.o(HEAP)
    __heap_limit                             0x20000e90   Data           0  startup_stm32f103xe.o(HEAP)
    __initial_sp                             0x20001290   Data           0  startup_stm32f103xe.o(STACK)



==============================================================================

Memory Map of the image

  Image Entry point : 0x08000131

  Load Region LR_IROM1 (Base: 0x08000000, Size: 0x0000796c, Max: 0x00040000, ABSOLUTE, COMPRESSED[0x000070ec])

    Execution Region ER_IROM1 (Exec base: 0x08000000, Load base: 0x08000000, Size: 0x00006fd0, Max: 0x00040000, ABSOLUTE)

    Exec Addr    Load Addr    Size         Type   Attr      Idx    E Section Name        Object

    0x08000000   0x08000000   0x00000130   Data   RO         6843    RESET               startup_stm32f103xe.o
    0x08000130   0x08000130   0x00000000   Code   RO         6848  * .ARM.Collect$$$$00000000  mc_w.l(entry.o)
    0x08000130   0x08000130   0x00000004   Code   RO         7186    .ARM.Collect$$$$00000001  mc_w.l(entry2.o)
    0x08000134   0x08000134   0x00000004   Code   RO         7189    .ARM.Collect$$$$00000004  mc_w.l(entry5.o)
    0x08000138   0x08000138   0x00000000   Code   RO         7191    .ARM.Collect$$$$00000008  mc_w.l(entry7b.o)
    0x08000138   0x08000138   0x00000000   Code   RO         7193    .ARM.Collect$$$$0000000A  mc_w.l(entry8b.o)
    0x08000138   0x08000138   0x00000008   Code   RO         7194    .ARM.Collect$$$$0000000B  mc_w.l(entry9a.o)
    0x08000140   0x08000140   0x00000000   Code   RO         7196    .ARM.Collect$$$$0000000D  mc_w.l(entry10a.o)
    0x08000140   0x08000140   0x00000000   Code   RO         7198    .ARM.Collect$$$$0000000F  mc_w.l(entry11a.o)
    0x08000140   0x08000140   0x00000004   Code   RO         7187    .ARM.Collect$$$$00002712  mc_w.l(entry2.o)
    0x08000144   0x08000144   0x00000024   Code   RO         6844    .text               startup_stm32f103xe.o
    0x08000168   0x08000168   0x00000020   Code   RO         6851    .text               mc_w.l(llushr.o)
    0x08000188   0x08000188   0x00000024   Code   RO         6853    .text               mc_w.l(memcpya.o)
    0x080001ac   0x080001ac   0x00000024   Code   RO         6855    .text               mc_w.l(memseta.o)
    0x080001d0   0x080001d0   0x00000014   Code   RO         6857    .text               mc_w.l(strchr.o)
    0x080001e4   0x080001e4   0x0000001a   Code   RO         6861    .text               mc_w.l(memcmp.o)
    0x080001fe   0x080001fe   0x00000064   Code   RO         7156    .text               mf_w.l(fmul.o)
    0x08000262   0x08000262   0x0000007c   Code   RO         7158    .text               mf_w.l(fdiv.o)
    0x080002de   0x080002de   0x000000e4   Code   RO         7160    .text               mf_w.l(dmul.o)
    0x080003c2   0x080003c2   0x000000de   Code   RO         7162    .text               mf_w.l(ddiv.o)
    0x080004a0   0x080004a0   0x00000012   Code   RO         7164    .text               mf_w.l(fflti.o)
    0x080004b2   0x080004b2   0x00000026   Code   RO         7176    .text               mf_w.l(f2d.o)
    0x080004d8   0x080004d8   0x00000030   Code   RO         7178    .text               mf_w.l(cdrcmple.o)
    0x08000508   0x08000508   0x0000002c   Code   RO         7200    .text               mc_w.l(uidiv.o)
    0x08000534   0x08000534   0x00000062   Code   RO         7202    .text               mc_w.l(uldiv.o)
    0x08000596   0x08000596   0x00000000   Code   RO         7206    .text               mc_w.l(iusefp.o)
    0x08000596   0x08000596   0x0000006e   Code   RO         7207    .text               mf_w.l(fepilogue.o)
    0x08000604   0x08000604   0x000000ba   Code   RO         7209    .text               mf_w.l(depilogue.o)
    0x080006be   0x080006be   0x0000014e   Code   RO         7211    .text               mf_w.l(dadd.o)
    0x0800080c   0x0800080c   0x00000030   Code   RO         7213    .text               mf_w.l(dfixul.o)
    0x0800083c   0x0800083c   0x00000024   Code   RO         7215    .text               mc_w.l(init.o)
    0x08000860   0x08000860   0x0000001e   Code   RO         7217    .text               mc_w.l(llshl.o)
    0x0800087e   0x0800087e   0x00000024   Code   RO         7219    .text               mc_w.l(llsshr.o)
    0x080008a2   0x080008a2   0x00000056   Code   RO         7229    .text               mc_w.l(__dczerorl2.o)
    0x080008f8   0x080008f8   0x00000004   Code   RO         2020    i.BusFault_Handler  drv_hal.o
    0x080008fc   0x080008fc   0x00000010   Code   RO          347    i.DMA1_Channel5_IRQHandler  task_irq.o
    0x0800090c   0x0800090c   0x00000010   Code   RO          348    i.DMA1_Channel6_IRQHandler  task_irq.o
    0x0800091c   0x0800091c   0x0000002c   Code   RO         3792    i.DMA_SetConfig     stm32f1xx_hal_dma.o
    0x08000948   0x08000948   0x00000002   Code   RO         2021    i.DebugMon_Handler  drv_hal.o
    0x0800094a   0x0800094a   0x0000000c   Code   RO         2278    i.Drv_Delay_Ms      drv_hal_delay.o
    0x08000956   0x08000956   0x00000050   Code   RO         2279    i.Drv_Delay_Us      drv_hal_delay.o
    0x080009a6   0x080009a6   0x00000002   PAD
    0x080009a8   0x080009a8   0x00000074   Code   RO         2310    i.Drv_GPIO_Init     drv_hal_gpio.o
    0x08000a1c   0x08000a1c   0x00000012   Code   RO         2314    i.Drv_GPIO_Reset    drv_hal_gpio.o
    0x08000a2e   0x08000a2e   0x00000012   Code   RO         2315    i.Drv_GPIO_Set      drv_hal_gpio.o
    0x08000a40   0x08000a40   0x0000005c   Code   RO         2022    i.Drv_HAL_Error     drv_hal.o
    0x08000a9c   0x08000a9c   0x0000000c   Code   RO         2023    i.Drv_HAL_IncTick   drv_hal.o
    0x08000aa8   0x08000aa8   0x0000000c   Code   RO         2024    i.Drv_HAL_Init      drv_hal.o
    0x08000ab4   0x08000ab4   0x0000000e   Code   RO         2406    i.Drv_IICSoft_Init  drv_hal_iic_soft.o
    0x08000ac2   0x08000ac2   0x0000005a   Code   RO         2407    i.Drv_IICSoft_ReadByte  drv_hal_iic_soft.o
    0x08000b1c   0x08000b1c   0x00000056   Code   RO         2408    i.Drv_IICSoft_SendByte  drv_hal_iic_soft.o
    0x08000b72   0x08000b72   0x00000030   Code   RO         2409    i.Drv_IICSoft_Start  drv_hal_iic_soft.o
    0x08000ba2   0x08000ba2   0x00000030   Code   RO         2410    i.Drv_IICSoft_Stop  drv_hal_iic_soft.o
    0x08000bd2   0x08000bd2   0x0000004c   Code   RO         2411    i.Drv_IICSoft_WaitAck  drv_hal_iic_soft.o
    0x08000c1e   0x08000c1e   0x00000018   Code   RO         2602    i.Drv_SPI_Init      drv_hal_spi.o
    0x08000c36   0x08000c36   0x00000002   PAD
    0x08000c38   0x08000c38   0x00000044   Code   RO         2603    i.Drv_SPI_SpeedConfig  drv_hal_spi.o
    0x08000c7c   0x08000c7c   0x00000024   Code   RO         2605    i.Drv_SPI_TransmitReceive  drv_hal_spi.o
    0x08000ca0   0x08000ca0   0x00000090   Code   RO         2773    i.Drv_Uart_DMAInit  drv_hal_uart.o
    0x08000d30   0x08000d30   0x00000052   Code   RO         2774    i.Drv_Uart_DMA_RxHandler  drv_hal_uart.o
    0x08000d82   0x08000d82   0x00000034   Code   RO         2780    i.Drv_Uart_Receive_DMA  drv_hal_uart.o
    0x08000db6   0x08000db6   0x00000016   Code   RO         2782    i.Drv_Uart_Transmit  drv_hal_uart.o
    0x08000dcc   0x08000dcc   0x00000008   Code   RO          349    i.EXTI15_10_IRQHandler  task_irq.o
    0x08000dd4   0x08000dd4   0x00000008   Code   RO          350    i.EXTI9_5_IRQHandler  task_irq.o
    0x08000ddc   0x08000ddc   0x00000056   Code   RO         3793    i.HAL_DMA_Abort     stm32f1xx_hal_dma.o
    0x08000e32   0x08000e32   0x00000002   PAD
    0x08000e34   0x08000e34   0x00000398   Code   RO         3798    i.HAL_DMA_IRQHandler  stm32f1xx_hal_dma.o
    0x080011cc   0x080011cc   0x0000008c   Code   RO         3799    i.HAL_DMA_Init      stm32f1xx_hal_dma.o
    0x08001258   0x08001258   0x0000009c   Code   RO         3803    i.HAL_DMA_Start_IT  stm32f1xx_hal_dma.o
    0x080012f4   0x080012f4   0x00000028   Code   RO         2945    i.HAL_Delay         stm32f1xx_hal.o
    0x0800131c   0x0800131c   0x00000340   Code   RO         4189    i.HAL_GPIO_Init     stm32f1xx_hal_gpio.o
    0x0800165c   0x0800165c   0x00000010   Code   RO         4191    i.HAL_GPIO_ReadPin  stm32f1xx_hal_gpio.o
    0x0800166c   0x0800166c   0x0000000c   Code   RO         4193    i.HAL_GPIO_WritePin  stm32f1xx_hal_gpio.o
    0x08001678   0x08001678   0x0000000c   Code   RO         2949    i.HAL_GetTick       stm32f1xx_hal.o
    0x08001684   0x08001684   0x00000018   Code   RO         2955    i.HAL_IncTick       stm32f1xx_hal.o
    0x0800169c   0x0800169c   0x00000028   Code   RO         2956    i.HAL_Init          stm32f1xx_hal.o
    0x080016c4   0x080016c4   0x0000004c   Code   RO         2957    i.HAL_InitTick      stm32f1xx_hal.o
    0x08001710   0x08001710   0x000000a8   Code   RO         2030    i.HAL_MspInit       drv_hal.o
    0x080017b8   0x080017b8   0x00000020   Code   RO         3426    i.HAL_NVIC_EnableIRQ  stm32f1xx_hal_cortex.o
    0x080017d8   0x080017d8   0x0000007c   Code   RO         3432    i.HAL_NVIC_SetPriority  stm32f1xx_hal_cortex.o
    0x08001854   0x08001854   0x00000028   Code   RO         3433    i.HAL_NVIC_SetPriorityGrouping  stm32f1xx_hal_cortex.o
    0x0800187c   0x0800187c   0x0000018c   Code   RO         4624    i.HAL_RCC_ClockConfig  stm32f1xx_hal_rcc.o
    0x08001a08   0x08001a08   0x0000000c   Code   RO         4629    i.HAL_RCC_GetHCLKFreq  stm32f1xx_hal_rcc.o
    0x08001a14   0x08001a14   0x00000020   Code   RO         4631    i.HAL_RCC_GetPCLK1Freq  stm32f1xx_hal_rcc.o
    0x08001a34   0x08001a34   0x00000020   Code   RO         4632    i.HAL_RCC_GetPCLK2Freq  stm32f1xx_hal_rcc.o
    0x08001a54   0x08001a54   0x00000094   Code   RO         4633    i.HAL_RCC_GetSysClockFreq  stm32f1xx_hal_rcc.o
    0x08001ae8   0x08001ae8   0x00000464   Code   RO         4636    i.HAL_RCC_OscConfig  stm32f1xx_hal_rcc.o
    0x08001f4c   0x08001f4c   0x000000be   Code   RO         4849    i.HAL_SPI_Init      stm32f1xx_hal_spi.o
    0x0800200a   0x0800200a   0x00000002   Code   RO         4851    i.HAL_SPI_MspInit   stm32f1xx_hal_spi.o
    0x0800200c   0x0800200c   0x0000022a   Code   RO         4858    i.HAL_SPI_TransmitReceive  stm32f1xx_hal_spi.o
    0x08002236   0x08002236   0x00000002   Code   RO         3436    i.HAL_SYSTICK_Callback  stm32f1xx_hal_cortex.o
    0x08002238   0x08002238   0x00000034   Code   RO         3437    i.HAL_SYSTICK_Config  stm32f1xx_hal_cortex.o
    0x0800226c   0x0800226c   0x00000008   Code   RO         3438    i.HAL_SYSTICK_IRQHandler  stm32f1xx_hal_cortex.o
    0x08002274   0x08002274   0x00000066   Code   RO         6181    i.HAL_UART_DMAStop  stm32f1xx_hal_uart.o
    0x080022da   0x080022da   0x00000002   Code   RO         6183    i.HAL_UART_ErrorCallback  stm32f1xx_hal_uart.o
    0x080022dc   0x080022dc   0x00000072   Code   RO         6187    i.HAL_UART_Init     stm32f1xx_hal_uart.o
    0x0800234e   0x0800234e   0x00000002   Code   RO         6189    i.HAL_UART_MspInit  stm32f1xx_hal_uart.o
    0x08002350   0x08002350   0x000000c4   Code   RO         6191    i.HAL_UART_Receive_DMA  stm32f1xx_hal_uart.o
    0x08002414   0x08002414   0x00000002   Code   RO         6193    i.HAL_UART_RxCpltCallback  stm32f1xx_hal_uart.o
    0x08002416   0x08002416   0x00000002   Code   RO         6194    i.HAL_UART_RxHalfCpltCallback  stm32f1xx_hal_uart.o
    0x08002418   0x08002418   0x000000d2   Code   RO         6195    i.HAL_UART_Transmit  stm32f1xx_hal_uart.o
    0x080024ea   0x080024ea   0x00000004   Code   RO         2031    i.HardFault_Handler  drv_hal.o
    0x080024ee   0x080024ee   0x00000004   Code   RO         2032    i.MemManage_Handler  drv_hal.o
    0x080024f2   0x080024f2   0x00000004   Code   RO         2033    i.NMI_Handler       drv_hal.o
    0x080024f6   0x080024f6   0x00000036   Code   RO          805    i.OCD_AT24CXX_Check  ocd_at24cxx.o
    0x0800252c   0x0800252c   0x0000000c   Code   RO          806    i.OCD_AT24CXX_Init  ocd_at24cxx.o
    0x08002538   0x08002538   0x00000028   Code   RO          808    i.OCD_AT24CXX_ReadLenByte  ocd_at24cxx.o
    0x08002560   0x08002560   0x00000028   Code   RO          810    i.OCD_AT24CXX_WriteLenByte  ocd_at24cxx.o
    0x08002588   0x08002588   0x00000036   Code   RO          877    i.OCD_DS3231_Init   ocd_ds3231.o
    0x080025be   0x080025be   0x0000005e   Code   RO          879    i.OCD_DS3231_TimeGetHex  ocd_ds3231.o
    0x0800261c   0x0800261c   0x0000008c   Code   RO          881    i.OCD_DS3231_TimeSetHex  ocd_ds3231.o
    0x080026a8   0x080026a8   0x0000006c   Code   RO         1063    i.OCD_FATFS_CreateDir  ocd_fatfs.o
    0x08002714   0x08002714   0x00000060   Code   RO         1065    i.OCD_FATFS_Init    ocd_fatfs.o
    0x08002774   0x08002774   0x000000c0   Code   RO         1068    i.OCD_FATFS_Read_SpecifyIndex  ocd_fatfs.o
    0x08002834   0x08002834   0x000000e0   Code   RO         1070    i.OCD_FATFS_Write_End  ocd_fatfs.o
    0x08002914   0x08002914   0x0000001e   Code   RO          956    i.OCD_JY901_DMAInit  ocd_jy901.o
    0x08002932   0x08002932   0x00000002   PAD
    0x08002934   0x08002934   0x000001fc   Code   RO          957    i.OCD_JY901_DataConversion  ocd_jy901.o
    0x08002b30   0x08002b30   0x00000104   Code   RO          958    i.OCD_JY901_DataProcess  ocd_jy901.o
    0x08002c34   0x08002c34   0x00000290   Code   RO          962    i.OCD_JY901_Printf  ocd_jy901.o
    0x08002ec4   0x08002ec4   0x00000040   Code   RO          963    i.OCD_JY901_RxBaudConfig  ocd_jy901.o
    0x08002f04   0x08002f04   0x00000040   Code   RO          964    i.OCD_JY901_RxSpeedConfig  ocd_jy901.o
    0x08002f44   0x08002f44   0x0000004c   Code   RO          965    i.OCD_JY901_RxTypeConfig  ocd_jy901.o
    0x08002f90   0x08002f90   0x00000060   Code   RO         1138    i.OCD_SDCard_SPIInit  ocd_sdcard.o
    0x08002ff0   0x08002ff0   0x00000002   Code   RO         2034    i.PendSV_Handler    drv_hal.o
    0x08002ff2   0x08002ff2   0x00000002   PAD
    0x08002ff4   0x08002ff4   0x00000028   Code   RO         4637    i.RCC_Delay         stm32f1xx_hal_rcc.o
    0x0800301c   0x0800301c   0x00000028   Code   RO         4887    i.SPI_EndRxTxTransaction  stm32f1xx_hal_spi.o
    0x08003044   0x08003044   0x000000d8   Code   RO         4892    i.SPI_WaitFlagStateUntilTimeout  stm32f1xx_hal_spi.o
    0x0800311c   0x0800311c   0x00000002   Code   RO         2035    i.SVC_Handler       drv_hal.o
    0x0800311e   0x0800311e   0x0000000c   Code   RO          811    i.S_AT24CXX_Delay   ocd_at24cxx.o
    0x0800312a   0x0800312a   0x00000072   Code   RO          812    i.S_AT24CXX_ReadOneByte  ocd_at24cxx.o
    0x0800319c   0x0800319c   0x00000066   Code   RO          813    i.S_AT24CXX_WriteOneByte  ocd_at24cxx.o
    0x08003202   0x08003202   0x00000016   Code   RO          882    i.S_DS3231_DelayUs  ocd_ds3231.o
    0x08003218   0x08003218   0x00000076   Code   RO          883    i.S_DS3231_ReadByte  ocd_ds3231.o
    0x0800328e   0x0800328e   0x00000062   Code   RO          885    i.S_DS3231_WriteByte  ocd_ds3231.o
    0x080032f0   0x080032f0   0x000000d0   Code   RO         2318    i.S_GPIO_CLKEnable  drv_hal_gpio.o
    0x080033c0   0x080033c0   0x000000f2   Code   RO         2320    i.S_GPIO_NVICParamConfig  drv_hal_gpio.o
    0x080034b2   0x080034b2   0x0000000e   Code   RO         2321    i.S_GPIO_ParamConfig  drv_hal_gpio.o
    0x080034c0   0x080034c0   0x00000066   Code   RO         2036    i.S_HAL_CLKConfig   drv_hal.o
    0x08003526   0x08003526   0x0000000c   Code   RO         2412    i.S_IICSoft_DelayUs  drv_hal_iic_soft.o
    0x08003532   0x08003532   0x00000010   Code   RO         2413    i.S_IICSoft_READ_SDA  drv_hal_iic_soft.o
    0x08003542   0x08003542   0x00000012   Code   RO         2414    i.S_IICSoft_SCL_H   drv_hal_iic_soft.o
    0x08003554   0x08003554   0x00000012   Code   RO         2415    i.S_IICSoft_SCL_L   drv_hal_iic_soft.o
    0x08003566   0x08003566   0x00000012   Code   RO         2416    i.S_IICSoft_SDA_H   drv_hal_iic_soft.o
    0x08003578   0x08003578   0x00000026   Code   RO         2417    i.S_IICSoft_SDA_InputMode  drv_hal_iic_soft.o
    0x0800359e   0x0800359e   0x00000012   Code   RO         2418    i.S_IICSoft_SDA_L   drv_hal_iic_soft.o
    0x080035b0   0x080035b0   0x00000028   Code   RO         2419    i.S_IICSoft_SDA_OutputMode  drv_hal_iic_soft.o
    0x080035d8   0x080035d8   0x00000030   Code   RO         2420    i.S_IICSoft_SendAck  drv_hal_iic_soft.o
    0x08003608   0x08003608   0x00000030   Code   RO         2421    i.S_IICSoft_SendNAck  drv_hal_iic_soft.o
    0x08003638   0x08003638   0x0000000a   Code   RO          967    i.S_JY901_Delay     ocd_jy901.o
    0x08003642   0x08003642   0x00000002   PAD
    0x08003644   0x08003644   0x0000004c   Code   RO          968    i.S_JY901_SaveConfig  ocd_jy901.o
    0x08003690   0x08003690   0x00000014   Code   RO          969    i.S_JY901_UnLock    ocd_jy901.o
    0x080036a4   0x080036a4   0x0000002c   Code   RO         1139    i.S_SDCard_GetResponse  ocd_sdcard.o
    0x080036d0   0x080036d0   0x00000198   Code   RO         1140    i.S_SDCard_Init     ocd_sdcard.o
    0x08003868   0x08003868   0x00000074   Code   RO         1141    i.S_SDCard_ReadDisk  ocd_sdcard.o
    0x080038dc   0x080038dc   0x00000044   Code   RO         1142    i.S_SDCard_ReceiveData  ocd_sdcard.o
    0x08003920   0x08003920   0x00000060   Code   RO         1143    i.S_SDCard_SendBlock  ocd_sdcard.o
    0x08003980   0x08003980   0x00000090   Code   RO         1144    i.S_SDCard_SendCMD  ocd_sdcard.o
    0x08003a10   0x08003a10   0x00000014   Code   RO         1145    i.S_SDCard_Wait     ocd_sdcard.o
    0x08003a24   0x08003a24   0x0000002c   Code   RO         1146    i.S_SDCard_WaitReady  ocd_sdcard.o
    0x08003a50   0x08003a50   0x00000010   Code   RO         1147    i.S_SDCard_WaitStop  ocd_sdcard.o
    0x08003a60   0x08003a60   0x0000008c   Code   RO         1148    i.S_SDCard_WriteDisk  ocd_sdcard.o
    0x08003aec   0x08003aec   0x00000080   Code   RO         2606    i.S_SPI_CLKEnable   drv_hal_spi.o
    0x08003b6c   0x08003b6c   0x00000074   Code   RO         2607    i.S_SPI_GPIOConfig  drv_hal_spi.o
    0x08003be0   0x08003be0   0x00000034   Code   RO         2608    i.S_SPI_ParamConfig  drv_hal_spi.o
    0x08003c14   0x08003c14   0x000000d0   Code   RO         2785    i.S_UART_CLKEnable  drv_hal_uart.o
    0x08003ce4   0x08003ce4   0x000000e4   Code   RO         2786    i.S_UART_DMA_CLKEnable  drv_hal_uart.o
    0x08003dc8   0x08003dc8   0x00000168   Code   RO         2787    i.S_UART_GPIOConfig  drv_hal_uart.o
    0x08003f30   0x08003f30   0x00000064   Code   RO          582    i.S_UartDataSort    task_uart.o
    0x08003f94   0x08003f94   0x00000002   Code   RO         2788    i.S_Uart_CLKConfig  drv_hal_uart.o
    0x08003f96   0x08003f96   0x00000002   PAD
    0x08003f98   0x08003f98   0x0000005c   Code   RO         2789    i.S_Uart_DMAParamConfig  drv_hal_uart.o
    0x08003ff4   0x08003ff4   0x00000114   Code   RO         2790    i.S_Uart_DMA_NVICConfig  drv_hal_uart.o
    0x08004108   0x08004108   0x000000b0   Code   RO         2791    i.S_Uart_NVICConfig  drv_hal_uart.o
    0x080041b8   0x080041b8   0x00000038   Code   RO         2792    i.S_Uart_ParamConfig  drv_hal_uart.o
    0x080041f0   0x080041f0   0x00000008   Code   RO         2037    i.SysTick_Handler   drv_hal.o
    0x080041f8   0x080041f8   0x00000002   Code   RO         6808    i.SystemInit        system_stm32f1xx.o
    0x080041fa   0x080041fa   0x00000002   Code   RO          351    i.TIM2_IRQHandler   task_irq.o
    0x080041fc   0x080041fc   0x00000002   Code   RO          352    i.TIM3_IRQHandler   task_irq.o
    0x080041fe   0x080041fe   0x00000002   Code   RO          353    i.TIM4_IRQHandler   task_irq.o
    0x08004200   0x08004200   0x00000002   Code   RO          354    i.TIM5_IRQHandler   task_irq.o
    0x08004202   0x08004202   0x00000002   Code   RO          355    i.TIM6_IRQHandler   task_irq.o
    0x08004204   0x08004204   0x00000002   Code   RO          356    i.TIM7_IRQHandler   task_irq.o
    0x08004206   0x08004206   0x00000002   PAD
    0x08004208   0x08004208   0x000000a8   Code   RO          671    i.Task_AT24CXX_Test  task_ad24xx.o
    0x080042b0   0x080042b0   0x000000e8   Code   RO          615    i.Task_DS1337_Test  task_ds3231.o
    0x08004398   0x08004398   0x00000002   Code   RO          357    i.Task_EXTI15_10_IRQHandler  task_irq.o
    0x0800439a   0x0800439a   0x00000002   Code   RO          358    i.Task_EXTI9_5_IRQHandler  task_irq.o
    0x0800439c   0x0800439c   0x00000028   Code   RO          698    i.Task_JY901_Test   task_jy901.o
    0x080043c4   0x080043c4   0x00000020   Code   RO          537    i.Task_LED_AllOff   task_led.o
    0x080043e4   0x080043e4   0x00000038   Code   RO          538    i.Task_LED_BlueOn   task_led.o
    0x0800441c   0x0800441c   0x00000038   Code   RO          539    i.Task_LED_GreenOn  task_led.o
    0x08004454   0x08004454   0x00000034   Code   RO          540    i.Task_LED_RedOn    task_led.o
    0x08004488   0x08004488   0x000001b4   Code   RO          583    i.Task_PCUartListen  task_uart.o
    0x0800463c   0x0800463c   0x00000008   Code   RO          482    i.Task_Sys_Init     task_sysinit.o
    0x08004644   0x08004644   0x0000012c   Code   RO          643    i.Task_TATFS_Test   task_fatfs.o
    0x08004770   0x08004770   0x00000070   Code   RO          509    i.Task_UserInit     task_userinit.o
    0x080047e0   0x080047e0   0x00000002   Code   RO          361    i.UART4_IRQHandler  task_irq.o
    0x080047e2   0x080047e2   0x00000002   Code   RO          362    i.UART5_IRQHandler  task_irq.o
    0x080047e4   0x080047e4   0x00000050   Code   RO         6201    i.UART_DMAError     stm32f1xx_hal_uart.o
    0x08004834   0x08004834   0x00000046   Code   RO         6202    i.UART_DMAReceiveCplt  stm32f1xx_hal_uart.o
    0x0800487a   0x0800487a   0x0000000e   Code   RO         6204    i.UART_DMARxHalfCplt  stm32f1xx_hal_uart.o
    0x08004888   0x08004888   0x00000020   Code   RO         6210    i.UART_EndRxTransfer  stm32f1xx_hal_uart.o
    0x080048a8   0x080048a8   0x00000014   Code   RO         6212    i.UART_EndTxTransfer  stm32f1xx_hal_uart.o
    0x080048bc   0x080048bc   0x000000fc   Code   RO         6214    i.UART_SetConfig    stm32f1xx_hal_uart.o
    0x080049b8   0x080049b8   0x0000006c   Code   RO         6216    i.UART_WaitOnFlagUntilTimeout  stm32f1xx_hal_uart.o
    0x08004a24   0x08004a24   0x00000010   Code   RO          363    i.USART1_IRQHandler  task_irq.o
    0x08004a34   0x08004a34   0x00000010   Code   RO          364    i.USART2_IRQHandler  task_irq.o
    0x08004a44   0x08004a44   0x00000002   Code   RO          365    i.USART3_IRQHandler  task_irq.o
    0x08004a46   0x08004a46   0x00000004   Code   RO         2038    i.UsageFault_Handler  drv_hal.o
    0x08004a4a   0x08004a4a   0x00000002   PAD
    0x08004a4c   0x08004a4c   0x0000007c   Code   RO          213    i.UserLogic_Code    usercode.o
    0x08004ac8   0x08004ac8   0x00000020   Code   RO         7098    i.__0printf         mc_w.l(printfa.o)
    0x08004ae8   0x08004ae8   0x00000010   Code   RO         3439    i.__NVIC_GetPriorityGrouping  stm32f1xx_hal_cortex.o
    0x08004af8   0x08004af8   0x00000028   Code   RO         3440    i.__NVIC_SetPriority  stm32f1xx_hal_cortex.o
    0x08004b20   0x08004b20   0x0000000e   Code   RO         7223    i.__scatterload_copy  mc_w.l(handlers.o)
    0x08004b2e   0x08004b2e   0x00000002   Code   RO         7224    i.__scatterload_null  mc_w.l(handlers.o)
    0x08004b30   0x08004b30   0x0000000e   Code   RO         7225    i.__scatterload_zeroinit  mc_w.l(handlers.o)
    0x08004b3e   0x08004b3e   0x00000002   PAD
    0x08004b40   0x08004b40   0x00000184   Code   RO         7105    i._fp_digits        mc_w.l(printfa.o)
    0x08004cc4   0x08004cc4   0x000006dc   Code   RO         7106    i._printf_core      mc_w.l(printfa.o)
    0x080053a0   0x080053a0   0x00000024   Code   RO         7107    i._printf_post_padding  mc_w.l(printfa.o)
    0x080053c4   0x080053c4   0x0000002e   Code   RO         7108    i._printf_pre_padding  mc_w.l(printfa.o)
    0x080053f2   0x080053f2   0x00000002   PAD
    0x080053f4   0x080053f4   0x000000e0   Code   RO         1652    i.check_fs          ff.o
    0x080054d4   0x080054d4   0x00000032   Code   RO         1653    i.clmt_clust        ff.o
    0x08005506   0x08005506   0x0000001a   Code   RO         1654    i.clst2sect         ff.o
    0x08005520   0x08005520   0x00000120   Code   RO         1655    i.create_chain      ff.o
    0x08005640   0x08005640   0x0000010c   Code   RO         1656    i.create_name       ff.o
    0x0800574c   0x0800574c   0x00000034   Code   RO         1658    i.dbc_1st           ff.o
    0x08005780   0x08005780   0x00000048   Code   RO         1659    i.dbc_2nd           ff.o
    0x080057c8   0x080057c8   0x00000060   Code   RO         1660    i.dir_alloc         ff.o
    0x08005828   0x08005828   0x0000005e   Code   RO         1661    i.dir_clear         ff.o
    0x08005886   0x08005886   0x0000006c   Code   RO         1662    i.dir_find          ff.o
    0x080058f2   0x080058f2   0x000000ca   Code   RO         1663    i.dir_next          ff.o
    0x080059bc   0x080059bc   0x00000042   Code   RO         1665    i.dir_register      ff.o
    0x080059fe   0x080059fe   0x0000009a   Code   RO         1667    i.dir_sdi           ff.o
    0x08005a98   0x08005a98   0x00000006   Code   RO         1149    i.disk_initialize   ocd_sdcard.o
    0x08005a9e   0x08005a9e   0x00000044   Code   RO         1150    i.disk_ioctl        ocd_sdcard.o
    0x08005ae2   0x08005ae2   0x00000002   PAD
    0x08005ae4   0x08005ae4   0x00000060   Code   RO         1151    i.disk_read         ocd_sdcard.o
    0x08005b44   0x08005b44   0x00000006   Code   RO         1152    i.disk_status       ocd_sdcard.o
    0x08005b4a   0x08005b4a   0x00000056   Code   RO         1153    i.disk_write        ocd_sdcard.o
    0x08005ba0   0x08005ba0   0x00000022   Code   RO         1668    i.f_close           ff.o
    0x08005bc2   0x08005bc2   0x000002b0   Code   RO         1672    i.f_lseek           ff.o
    0x08005e72   0x08005e72   0x00000104   Code   RO         1673    i.f_mkdir           ff.o
    0x08005f76   0x08005f76   0x00000002   PAD
    0x08005f78   0x08005f78   0x00000054   Code   RO         1675    i.f_mount           ff.o
    0x08005fcc   0x08005fcc   0x000001f2   Code   RO         1676    i.f_open            ff.o
    0x080061be   0x080061be   0x000001ae   Code   RO         1681    i.f_read            ff.o
    0x0800636c   0x0800636c   0x000000a0   Code   RO         1685    i.f_sync            ff.o
    0x0800640c   0x0800640c   0x000001f2   Code   RO         1688    i.f_write           ff.o
    0x080065fe   0x080065fe   0x00000078   Code   RO         1689    i.find_volume       ff.o
    0x08006676   0x08006676   0x0000009e   Code   RO         1690    i.follow_path       ff.o
    0x08006714   0x08006714   0x00000034   Code   RO         2040    i.fputc             drv_hal.o
    0x08006748   0x08006748   0x000000e0   Code   RO         1691    i.get_fat           ff.o
    0x08006828   0x08006828   0x00000004   Code   RO         1154    i.get_fattime       ocd_sdcard.o
    0x0800682c   0x0800682c   0x0000004e   Code   RO         1693    i.get_ldnumber      ff.o
    0x0800687a   0x0800687a   0x00000026   Code   RO         1694    i.ld_clust          ff.o
    0x080068a0   0x080068a0   0x00000018   Code   RO         1695    i.ld_dword          ff.o
    0x080068b8   0x080068b8   0x0000000c   Code   RO         1696    i.ld_word           ff.o
    0x080068c4   0x080068c4   0x00000012   Code   RO            4    i.main              main.o
    0x080068d6   0x080068d6   0x00000002   PAD
    0x080068d8   0x080068d8   0x0000006c   Code   RO         7127    i.malloc            mc_w.l(malloc.o)
    0x08006944   0x08006944   0x000002a8   Code   RO         1697    i.mount_volume      ff.o
    0x08006bec   0x08006bec   0x00000034   Code   RO         1698    i.move_window       ff.o
    0x08006c20   0x08006c20   0x00000138   Code   RO         1699    i.put_fat           ff.o
    0x08006d58   0x08006d58   0x0000009a   Code   RO         1703    i.remove_chain      ff.o
    0x08006df2   0x08006df2   0x00000024   Code   RO         1704    i.st_clust          ff.o
    0x08006e16   0x08006e16   0x00000018   Code   RO         1705    i.st_dword          ff.o
    0x08006e2e   0x08006e2e   0x0000000c   Code   RO         1706    i.st_word           ff.o
    0x08006e3a   0x08006e3a   0x00000002   PAD
    0x08006e3c   0x08006e3c   0x0000008c   Code   RO         1707    i.sync_fs           ff.o
    0x08006ec8   0x08006ec8   0x0000004a   Code   RO         1708    i.sync_window       ff.o
    0x08006f12   0x08006f12   0x0000003c   Code   RO         1709    i.validate          ff.o
    0x08006f4e   0x08006f4e   0x0000000f   Data   RO          970    .constdata          ocd_jy901.o
    0x08006f5d   0x08006f5d   0x00000003   PAD
    0x08006f60   0x08006f60   0x00000038   Data   RO         1710    .constdata          ff.o
    0x08006f98   0x08006f98   0x00000018   Data   RO         6809    .constdata          system_stm32f1xx.o
    0x08006fb0   0x08006fb0   0x00000020   Data   RO         7221    Region$$Table       anon$$obj.o


    Execution Region RW_IRAM1 (Exec base: 0x20000000, Load base: 0x08006fd0, Size: 0x00001290, Max: 0x0000c000, ABSOLUTE, COMPRESSED[0x0000011c])

    Exec Addr    Load Addr    Size         Type   Attr      Idx    E Section Name        Object

    0x20000000   COMPRESSED   0x000008c8   Data   RW          299    .data               config.o
    0x200008c8   COMPRESSED   0x00000003   Data   RW          585    .data               task_uart.o
    0x200008cb   COMPRESSED   0x00000008   Data   RW          617    .data               task_ds3231.o
    0x200008d3   COMPRESSED   0x00000001   PAD
    0x200008d4   COMPRESSED   0x0000008d   Data   RW          645    .data               task_fatfs.o
    0x20000961   COMPRESSED   0x00000016   Data   RW          673    .data               task_ad24xx.o
    0x20000977   COMPRESSED   0x00000001   Data   RW         1156    .data               ocd_sdcard.o
    0x20000978   COMPRESSED   0x00000006   Data   RW         1711    .data               ff.o
    0x2000097e   COMPRESSED   0x00000002   PAD
    0x20000980   COMPRESSED   0x00000004   Data   RW         2042    .data               drv_hal.o
    0x20000984   COMPRESSED   0x00000009   Data   RW         2963    .data               stm32f1xx_hal.o
    0x2000098d   COMPRESSED   0x00000003   PAD
    0x20000990   COMPRESSED   0x00000004   Data   RW         6810    .data               system_stm32f1xx.o
    0x20000994   COMPRESSED   0x00000004   Data   RW         7204    .data               mc_w.l(mvars.o)
    0x20000998   COMPRESSED   0x00000004   Data   RW         7205    .data               mc_w.l(mvars.o)
    0x2000099c        -       0x0000011c   Zero   RW          584    .bss                task_uart.o
    0x20000ab8        -       0x0000011c   Zero   RW          644    .bss                task_fatfs.o
    0x20000bd4        -       0x000000b8   Zero   RW         1155    .bss                ocd_sdcard.o
    0x20000c8c   COMPRESSED   0x00000004   PAD
    0x20000c90        -       0x00000200   Zero   RW         6842    HEAP                startup_stm32f103xe.o
    0x20000e90        -       0x00000400   Zero   RW         6841    STACK               startup_stm32f103xe.o


==============================================================================

Image component sizes


      Code (inc. data)   RO Data    RW Data    ZI Data      Debug   Object Name

         0          0          0       2248          0        783   config.o
       472         82          0          4          0       8779   drv_hal.o
        92          0          0          0          0       1118   drv_hal_delay.o
       616         36          0          0          0       3728   drv_hal_gpio.o
       636          0          0          0          0       8854   drv_hal_iic_soft.o
       424         90          0          0          0       3763   drv_hal_spi.o
      1698        212          0          0          0       7735   drv_hal_uart.o
      6550         76         56          6          0      47894   ff.o
        18          0          0          0          0     463311   main.o
       374          0          0          0          0       4668   ocd_at24cxx.o
       526          0          0          0          0       4142   ocd_ds3231.o
       620        100          0          0          0       3475   ocd_fatfs.o
      1764        226         15          0          0       6494   ocd_jy901.o
      1458         60          0          1        184      12141   ocd_sdcard.o
        36          8        304          0       1536        896   startup_stm32f103xe.o
       192         36          0          9          0       6721   stm32f1xx_hal.o
       314         22          0          0          0      30571   stm32f1xx_hal_cortex.o
      1346         18          0          0          0       4627   stm32f1xx_hal_dma.o
       860         40          0          0          0       3499   stm32f1xx_hal_gpio.o
      1784        110          0          0          0       6212   stm32f1xx_hal_rcc.o
      1002          6          0          0          0       5159   stm32f1xx_hal_spi.o
      1206         18          0          0          0      10398   stm32f1xx_hal_uart.o
         2          0         24          4          0       1471   system_stm32f1xx.o
       168         92          0         22          0       1152   task_ad24xx.o
       232        120          0          8          0        756   task_ds3231.o
       300        138          0        141        284       1525   task_fatfs.o
       102         24          0          0          0       7382   task_irq.o
        40         10          0          0          0        462   task_jy901.o
       196         74          0          0          0       1828   task_led.o
         8          0          0          0          0        448   task_sysinit.o
       536        188          0          3        284       1964   task_uart.o
       112         44          0          0          0        500   task_userinit.o
       124         98          0          0          0       7541   usercode.o

    ----------------------------------------------------------------------
     23834       1928        434       2452       2292     669997   Object Totals
         0          0         32          0          0          0   (incl. Generated)
        26          0          3          6          4          0   (incl. Padding)

    ----------------------------------------------------------------------

      Code (inc. data)   RO Data    RW Data    ZI Data      Debug   Library Member Name

        86          0          0          0          0          0   __dczerorl2.o
         0          0          0          0          0          0   entry.o
         0          0          0          0          0          0   entry10a.o
         0          0          0          0          0          0   entry11a.o
         8          4          0          0          0          0   entry2.o
         4          0          0          0          0          0   entry5.o
         0          0          0          0          0          0   entry7b.o
         0          0          0          0          0          0   entry8b.o
         8          4          0          0          0          0   entry9a.o
        30          0          0          0          0          0   handlers.o
        36          8          0          0          0         68   init.o
         0          0          0          0          0          0   iusefp.o
        30          0          0          0          0         68   llshl.o
        36          0          0          0          0         68   llsshr.o
        32          0          0          0          0         68   llushr.o
       108         16          0          0          0         84   malloc.o
        26          0          0          0          0         80   memcmp.o
        36          0          0          0          0         68   memcpya.o
        36          0          0          0          0        108   memseta.o
         0          0          0          8          0          0   mvars.o
      2258         90          0          0          0        452   printfa.o
        20          0          0          0          0         68   strchr.o
        44          0          0          0          0         80   uidiv.o
        98          0          0          0          0         92   uldiv.o
        48          0          0          0          0         68   cdrcmple.o
       334          0          0          0          0        148   dadd.o
       222          0          0          0          0        100   ddiv.o
       186          0          0          0          0        176   depilogue.o
        48          0          0          0          0         68   dfixul.o
       228          0          0          0          0         96   dmul.o
        38          0          0          0          0         68   f2d.o
       124          0          0          0          0         88   fdiv.o
       110          0          0          0          0        168   fepilogue.o
        18          0          0          0          0         68   fflti.o
       100          0          0          0          0         76   fmul.o

    ----------------------------------------------------------------------
      4356        122          0          8          0       2428   Library Totals
         4          0          0          0          0          0   (incl. Padding)

    ----------------------------------------------------------------------

      Code (inc. data)   RO Data    RW Data    ZI Data      Debug   Library Name

      2896        122          0          8          0       1304   mc_w.l
      1456          0          0          0          0       1124   mf_w.l

    ----------------------------------------------------------------------
      4356        122          0          8          0       2428   Library Totals

    ----------------------------------------------------------------------

==============================================================================


      Code (inc. data)   RO Data    RW Data    ZI Data      Debug   

     28190       2050        434       2460       2292     660229   Grand Totals
     28190       2050        434        284       2292     660229   ELF Image Totals (compressed)
     28190       2050        434        284          0          0   ROM Totals

==============================================================================

    Total RO  Size (Code + RO Data)                28624 (  27.95kB)
    Total RW  Size (RW Data + ZI Data)              4752 (   4.64kB)
    Total ROM Size (Code + RO Data + RW Data)      28908 (  28.23kB)

==============================================================================

