Component: ARM Compiler 5.06 update 6 (build 750) Tool: armlink [4d35ed]

==============================================================================

Section Cross References

    main.o(i.main) refers to task_sysinit.o(i.Task_Sys_Init) for Task_Sys_Init
    main.o(i.main) refers to task_userinit.o(i.Task_UserInit) for Task_UserInit
    main.o(i.main) refers to usercode.o(i.UserLogic_Code) for UserLogic_Code
    task_irq.o(i.EXTI15_10_IRQHandler) refers to task_irq.o(i.Task_EXTI15_10_IRQHandler) for Task_EXTI15_10_IRQHandler
    task_irq.o(i.EXTI9_5_IRQHandler) refers to task_irq.o(i.Task_EXTI9_5_IRQHandler) for Task_EXTI9_5_IRQHandler
    task_irq.o(i.HAL_UART_RxCpltCallback) refers to printfa.o(i.__0printf) for __2printf
    task_irq.o(i.HAL_UART_RxCpltCallback) refers to stm32f1xx_hal_uart.o(i.HAL_UART_Receive_IT) for HAL_UART_Receive_IT
    task_irq.o(i.HAL_UART_RxCpltCallback) refers to config.o(.data) for demoUart
    task_irq.o(i.USART1_IRQHandler) refers to task_irq.o(i.Task_USART1_IRQHandler) for Task_USART1_IRQHandler
    task_irq.o(i.USART1_IRQHandler) refers to drv_hal_uart.o(i.Drv_Uart_IRQHandler) for Drv_Uart_IRQHandler
    task_irq.o(i.USART1_IRQHandler) refers to config.o(.data) for demoUart
    task_sysinit.o(i.Task_Sys_Init) refers to drv_hal.o(i.Drv_HAL_Init) for Drv_HAL_Init
    task_userinit.o(i.Task_UserInit) refers to drv_hal_gpio.o(i.Drv_GPIO_Init) for Drv_GPIO_Init
    task_userinit.o(i.Task_UserInit) refers to drv_hal_uart.o(i.Drv_Uart_ITInit) for Drv_Uart_ITInit
    task_userinit.o(i.Task_UserInit) refers to config.o(.data) for demoGPIO
    ocd_ads1256.o(i.OCD_ADS1256_Check) refers to drv_hal_gpio.o(i.Drv_GPIO_Read) for Drv_GPIO_Read
    ocd_ads1256.o(i.OCD_ADS1256_Check) refers to drv_hal_spi.o(i.Drv_SPI_TransmitReceive) for Drv_SPI_TransmitReceive
    ocd_ads1256.o(i.OCD_ADS1256_Check) refers to ocd_ads1256.o(i.S_ADS1256_DelayUs) for S_ADS1256_DelayUs
    ocd_ads1256.o(i.OCD_ADS1256_Init) refers to ocd_ads1256.o(i.S_ADS1256_DRDY_Init) for S_ADS1256_DRDY_Init
    ocd_ads1256.o(i.OCD_ADS1256_Init) refers to drv_hal_spi.o(i.Drv_SPI_Init) for Drv_SPI_Init
    ocd_ads1256.o(i.OCD_ADS1256_Init) refers to ocd_ads1256.o(i.S_ADS1256_SetCommand) for S_ADS1256_SetCommand
    ocd_ads1256.o(i.OCD_ADS1256_Init) refers to ocd_ads1256.o(i.S_ADS1256_DelayUs) for S_ADS1256_DelayUs
    ocd_ads1256.o(i.OCD_ADS1256_Init) refers to ocd_ads1256.o(i.S_ADS1256_SetCalibrationCommand) for S_ADS1256_SetCalibrationCommand
    ocd_ads1256.o(i.OCD_ADS1256_Init) refers to drv_hal_gpio.o(i.Drv_GPIO_Read) for Drv_GPIO_Read
    ocd_ads1256.o(i.OCD_ADS1256_Init) refers to ocd_ads1256.o(i.S_ADS1256_WriteReg) for S_ADS1256_WriteReg
    ocd_ads1256.o(i.OCD_ADS1256_Init) refers to ocd_ads1256.o(i.S_ADS1256_SetSingleChannel) for S_ADS1256_SetSingleChannel
    ocd_ads1256.o(i.OCD_ADS1256_Init) refers to ocd_ads1256.o(i.S_ADS1256_SetSynCommand) for S_ADS1256_SetSynCommand
    ocd_ads1256.o(i.OCD_ADS1256_ReadOneChannelVoltage) refers to drv_hal_gpio.o(i.Drv_GPIO_Read) for Drv_GPIO_Read
    ocd_ads1256.o(i.OCD_ADS1256_ReadOneChannelVoltage) refers to ocd_ads1256.o(i.S_ADS1256_SetSingleChannel) for S_ADS1256_SetSingleChannel
    ocd_ads1256.o(i.OCD_ADS1256_ReadOneChannelVoltage) refers to ocd_ads1256.o(i.S_ADS1256_SetSynCommand) for S_ADS1256_SetSynCommand
    ocd_ads1256.o(i.OCD_ADS1256_ReadOneChannelVoltage) refers to ocd_ads1256.o(i.S_ADS1256_SetCommand) for S_ADS1256_SetCommand
    ocd_ads1256.o(i.OCD_ADS1256_ReadOneChannelVoltage) refers to ocd_ads1256.o(i.S_ADS1256_DelayUs) for S_ADS1256_DelayUs
    ocd_ads1256.o(i.OCD_ADS1256_ReadOneChannelVoltage) refers to drv_hal_spi.o(i.Drv_SPI_TransmitReceive) for Drv_SPI_TransmitReceive
    ocd_ads1256.o(i.OCD_ADS1256_ReadOneChannelVoltage) refers to dfltui.o(.text) for __aeabi_ui2d
    ocd_ads1256.o(i.OCD_ADS1256_ReadOneChannelVoltage) refers to dmul.o(.text) for __aeabi_dmul
    ocd_ads1256.o(i.OCD_ADS1256_ReadOneChannelVoltage) refers to d2f.o(.text) for __aeabi_d2f
    ocd_ads1256.o(i.OCD_ADS1256_ReadStatus) refers to drv_hal_gpio.o(i.Drv_GPIO_Read) for Drv_GPIO_Read
    ocd_ads1256.o(i.OCD_ADS1256_ReadStatus) refers to drv_hal_spi.o(i.Drv_SPI_TransmitReceive) for Drv_SPI_TransmitReceive
    ocd_ads1256.o(i.OCD_ADS1256_ReadStatus) refers to ocd_ads1256.o(i.S_ADS1256_DelayUs) for S_ADS1256_DelayUs
    ocd_ads1256.o(i.S_ADS1256_DRDY_Init) refers to drv_hal_gpio.o(i.Drv_GPIO_Init) for Drv_GPIO_Init
    ocd_ads1256.o(i.S_ADS1256_SetCalibrationCommand) refers to ocd_ads1256.o(i.S_ADS1256_SetCommand) for S_ADS1256_SetCommand
    ocd_ads1256.o(i.S_ADS1256_SetCalibrationCommand) refers to drv_hal_gpio.o(i.Drv_GPIO_Read) for Drv_GPIO_Read
    ocd_ads1256.o(i.S_ADS1256_SetCommand) refers to drv_hal_spi.o(i.Drv_SPI_TransmitReceive) for Drv_SPI_TransmitReceive
    ocd_ads1256.o(i.S_ADS1256_SetSingleChannel) refers to ocd_ads1256.o(i.S_ADS1256_WriteReg) for S_ADS1256_WriteReg
[...]
    Removing stm32f1xx_hal_tim_ex.o(.rev16_text), (4 bytes).
    Removing stm32f1xx_hal_tim_ex.o(.revsh_text), (4 bytes).
    Removing stm32f1xx_hal_tim_ex.o(.rrx_text), (6 bytes).
    Removing stm32f1xx_hal_tim_ex.o(i.HAL_TIMEx_BreakCallback), (2 bytes).
    Removing stm32f1xx_hal_tim_ex.o(i.HAL_TIMEx_CommutCallback), (2 bytes).
    Removing stm32f1xx_hal_tim_ex.o(i.HAL_TIMEx_CommutHalfCpltCallback), (2 bytes).
    Removing stm32f1xx_hal_tim_ex.o(i.HAL_TIMEx_ConfigBreakDeadTime), (116 bytes).
    Removing stm32f1xx_hal_tim_ex.o(i.HAL_TIMEx_ConfigCommutEvent), (134 bytes).
    Removing stm32f1xx_hal_tim_ex.o(i.HAL_TIMEx_ConfigCommutEvent_DMA), (164 bytes).
    Removing stm32f1xx_hal_tim_ex.o(i.HAL_TIMEx_ConfigCommutEvent_IT), (134 bytes).
    Removing stm32f1xx_hal_tim_ex.o(i.HAL_TIMEx_GetChannelNState), (38 bytes).
    Removing stm32f1xx_hal_tim_ex.o(i.HAL_TIMEx_HallSensor_DeInit), (96 bytes).
    Removing stm32f1xx_hal_tim_ex.o(i.HAL_TIMEx_HallSensor_GetState), (8 bytes).
    Removing stm32f1xx_hal_tim_ex.o(i.HAL_TIMEx_HallSensor_Init), (234 bytes).
    Removing stm32f1xx_hal_tim_ex.o(i.HAL_TIMEx_HallSensor_MspDeInit), (2 bytes).
    Removing stm32f1xx_hal_tim_ex.o(i.HAL_TIMEx_HallSensor_MspInit), (2 bytes).
    Removing stm32f1xx_hal_tim_ex.o(i.HAL_TIMEx_HallSensor_Start), (192 bytes).
    Removing stm32f1xx_hal_tim_ex.o(i.HAL_TIMEx_HallSensor_Start_DMA), (256 bytes).
    Removing stm32f1xx_hal_tim_ex.o(i.HAL_TIMEx_HallSensor_Start_IT), (204 bytes).
    Removing stm32f1xx_hal_tim_ex.o(i.HAL_TIMEx_HallSensor_Stop), (78 bytes).
    Removing stm32f1xx_hal_tim_ex.o(i.HAL_TIMEx_HallSensor_Stop_DMA), (84 bytes).
    Removing stm32f1xx_hal_tim_ex.o(i.HAL_TIMEx_HallSensor_Stop_IT), (90 bytes).
    Removing stm32f1xx_hal_tim_ex.o(i.HAL_TIMEx_MasterConfigSynchronization), (156 bytes).
    Removing stm32f1xx_hal_tim_ex.o(i.HAL_TIMEx_OCN_Start), (220 bytes).
    Removing stm32f1xx_hal_tim_ex.o(i.HAL_TIMEx_OCN_Start_DMA), (464 bytes).
    Removing stm32f1xx_hal_tim_ex.o(i.HAL_TIMEx_OCN_Start_IT), (288 bytes).
    Removing stm32f1xx_hal_tim_ex.o(i.HAL_TIMEx_OCN_Stop), (136 bytes).
    Removing stm32f1xx_hal_tim_ex.o(i.HAL_TIMEx_OCN_Stop_DMA), (212 bytes).
    Removing stm32f1xx_hal_tim_ex.o(i.HAL_TIMEx_OCN_Stop_IT), (218 bytes).
    Removing stm32f1xx_hal_tim_ex.o(i.HAL_TIMEx_OnePulseN_Start), (218 bytes).
    Removing stm32f1xx_hal_tim_ex.o(i.HAL_TIMEx_OnePulseN_Start_IT), (242 bytes).
    Removing stm32f1xx_hal_tim_ex.o(i.HAL_TIMEx_OnePulseN_Stop), (196 bytes).
    Removing stm32f1xx_hal_tim_ex.o(i.HAL_TIMEx_OnePulseN_Stop_IT), (220 bytes).
    Removing stm32f1xx_hal_tim_ex.o(i.HAL_TIMEx_PWMN_Start), (220 bytes).
    Removing stm32f1xx_hal_tim_ex.o(i.HAL_TIMEx_PWMN_Start_DMA), (464 bytes).
    Removing stm32f1xx_hal_tim_ex.o(i.HAL_TIMEx_PWMN_Start_IT), (288 bytes).
    Removing stm32f1xx_hal_tim_ex.o(i.HAL_TIMEx_PWMN_Stop), (136 bytes).
    Removing stm32f1xx_hal_tim_ex.o(i.HAL_TIMEx_PWMN_Stop_DMA), (212 bytes).
    Removing stm32f1xx_hal_tim_ex.o(i.HAL_TIMEx_PWMN_Stop_IT), (218 bytes).
    Removing stm32f1xx_hal_tim_ex.o(i.HAL_TIMEx_RemapConfig), (6 bytes).
    Removing stm32f1xx_hal_tim_ex.o(i.TIMEx_DMACommutationCplt), (20 bytes).
    Removing stm32f1xx_hal_tim_ex.o(i.TIMEx_DMACommutationHalfCplt), (20 bytes).
    Removing stm32f1xx_hal_tim_ex.o(i.TIM_CCxNChannelCmd), (34 bytes).
    Removing stm32f1xx_hal_tim_ex.o(i.TIM_DMADelayPulseNCplt), (104 bytes).
    Removing stm32f1xx_hal_tim_ex.o(i.TIM_DMAErrorCCxN), (68 bytes).
    Removing stm32f1xx_hal_uart.o(.rev16_text), (4 bytes).
    Removing stm32f1xx_hal_uart.o(.revsh_text), (4 bytes).
    Removing stm32f1xx_hal_uart.o(.rrx_text), (6 bytes).
    Removing stm32f1xx_hal_uart.o(i.HAL_HalfDuplex_EnableReceiver), (68 bytes).
    Removing stm32f1xx_hal_uart.o(i.HAL_HalfDuplex_EnableTransmitter), (68 bytes).
    Removing stm32f1xx_hal_uart.o(i.HAL_HalfDuplex_Init), (118 bytes).
    Removing stm32f1xx_hal_uart.o(i.HAL_LIN_Init), (142 bytes).
    Removing stm32f1xx_hal_uart.o(i.HAL_LIN_SendBreak), (62 bytes).
    Removing stm32f1xx_hal_uart.o(i.HAL_MultiProcessor_EnterMuteMode), (62 bytes).
    Removing stm32f1xx_hal_uart.o(i.HAL_MultiProcessor_ExitMuteMode), (62 bytes).
    Removing stm32f1xx_hal_uart.o(i.HAL_MultiProcessor_Init), (154 bytes).
    Removing stm32f1xx_hal_uart.o(i.HAL_UART_Abort), (166 bytes).
    Removing stm32f1xx_hal_uart.o(i.HAL_UART_AbortCpltCallback), (2 bytes).
    Removing stm32f1xx_hal_uart.o(i.HAL_UART_AbortReceive), (100 bytes).
    Removing stm32f1xx_hal_uart.o(i.HAL_UART_AbortReceiveCpltCallback), (2 bytes).
    Removing stm32f1xx_hal_uart.o(i.HAL_UART_AbortReceive_IT), (120 bytes).
    Removing stm32f1xx_hal_uart.o(i.HAL_UART_AbortTransmit), (88 bytes).
    Removing stm32f1xx_hal_uart.o(i.HAL_UART_AbortTransmitCpltCallback), (2 bytes).
    Removing stm32f1xx_hal_uart.o(i.HAL_UART_AbortTransmit_IT), (108 bytes).
    Removing stm32f1xx_hal_uart.o(i.HAL_UART_Abort_IT), (216 bytes).
    Removing stm32f1xx_hal_uart.o(i.HAL_UART_DMAPause), (124 bytes).
    Removing stm32f1xx_hal_uart.o(i.HAL_UART_DMAResume), (126 bytes).
    Removing stm32f1xx_hal_uart.o(i.HAL_UART_DMAStop), (102 bytes).
    Removing stm32f1xx_hal_uart.o(i.HAL_UART_DeInit), (58 bytes).
    Removing stm32f1xx_hal_uart.o(i.HAL_UART_GetError), (6 bytes).
    Removing stm32f1xx_hal_uart.o(i.HAL_UART_GetState), (20 bytes).
    Removing stm32f1xx_hal_uart.o(i.HAL_UART_MspDeInit), (2 bytes).
    Removing stm32f1xx_hal_uart.o(i.HAL_UART_Receive), (216 bytes).
    Removing stm32f1xx_hal_uart.o(i.HAL_UART_Receive_DMA), (196 bytes).
    Removing stm32f1xx_hal_uart.o(i.HAL_UART_RxCpltCallback), (2 bytes).
    Removing stm32f1xx_hal_uart.o(i.HAL_UART_RxHalfCpltCallback), (2 bytes).
    Removing stm32f1xx_hal_uart.o(i.HAL_UART_Transmit), (210 bytes).
    Removing stm32f1xx_hal_uart.o(i.HAL_UART_Transmit_DMA), (156 bytes).
    Removing stm32f1xx_hal_uart.o(i.HAL_UART_Transmit_IT), (88 bytes).
    Removing stm32f1xx_hal_uart.o(i.HAL_UART_TxHalfCpltCallback), (2 bytes).
    Removing stm32f1xx_hal_uart.o(i.UART_DMAError), (80 bytes).
    Removing stm32f1xx_hal_uart.o(i.UART_DMAReceiveCplt), (70 bytes).
    Removing stm32f1xx_hal_uart.o(i.UART_DMARxAbortCallback), (52 bytes).
    Removing stm32f1xx_hal_uart.o(i.UART_DMARxHalfCplt), (14 bytes).
    Removing stm32f1xx_hal_uart.o(i.UART_DMARxOnlyAbortCallback), (24 bytes).
    Removing stm32f1xx_hal_uart.o(i.UART_DMATransmitCplt), (54 bytes).
    Removing stm32f1xx_hal_uart.o(i.UART_DMATxAbortCallback), (52 bytes).
    Removing stm32f1xx_hal_uart.o(i.UART_DMATxHalfCplt), (14 bytes).
    Removing stm32f1xx_hal_uart.o(i.UART_DMATxOnlyAbortCallback), (24 bytes).
    Removing stm32f1xx_hal_uart.o(i.UART_EndTxTransfer), (20 bytes).
    Removing stm32f1xx_hal_uart.o(i.UART_WaitOnFlagUntilTimeout), (108 bytes).
    Removing stm32f1xx_hal_usart.o(.rev16_text), (4 bytes).
    Removing stm32f1xx_hal_usart.o(.revsh_text), (4 bytes).
    Removing stm32f1xx_hal_usart.o(.rrx_text), (6 bytes).
    Removing stm32f1xx_hal_usart.o(i.HAL_USART_Abort), (122 bytes).
    Removing stm32f1xx_hal_usart.o(i.HAL_USART_AbortCpltCallback), (2 bytes).
    Removing stm32f1xx_hal_usart.o(i.HAL_USART_Abort_IT), (212 bytes).
    Removing stm32f1xx_hal_usart.o(i.HAL_USART_DMAPause), (50 bytes).
    Removing stm32f1xx_hal_usart.o(i.HAL_USART_DMAResume), (50 bytes).
    Removing stm32f1xx_hal_usart.o(i.HAL_USART_DMAStop), (102 bytes).
    Removing stm32f1xx_hal_usart.o(i.HAL_USART_DeInit), (54 bytes).
    Removing stm32f1xx_hal_usart.o(i.HAL_USART_ErrorCallback), (2 bytes).
    Removing stm32f1xx_hal_usart.o(i.HAL_USART_GetError), (6 bytes).
    Removing stm32f1xx_hal_usart.o(i.HAL_USART_GetState), (8 bytes).
    Removing stm32f1xx_hal_usart.o(i.HAL_USART_IRQHandler), (388 bytes).
    Removing stm32f1xx_hal_usart.o(i.HAL_USART_Init), (90 bytes).
    Removing stm32f1xx_hal_usart.o(i.HAL_USART_MspDeInit), (2 bytes).
    Removing stm32f1xx_hal_usart.o(i.HAL_USART_MspInit), (2 bytes).
    Removing stm32f1xx_hal_usart.o(i.HAL_USART_Receive), (278 bytes).
    Removing stm32f1xx_hal_usart.o(i.HAL_USART_Receive_DMA), (248 bytes).
    Removing stm32f1xx_hal_usart.o(i.HAL_USART_Receive_IT), (108 bytes).
    Removing stm32f1xx_hal_usart.o(i.HAL_USART_RxCpltCallback), (2 bytes).
    Removing stm32f1xx_hal_usart.o(i.HAL_USART_RxHalfCpltCallback), (2 bytes).
    Removing stm32f1xx_hal_usart.o(i.HAL_USART_Transmit), (214 bytes).
    Removing stm32f1xx_hal_usart.o(i.HAL_USART_TransmitReceive), (320 bytes).
    Removing stm32f1xx_hal_usart.o(i.HAL_USART_TransmitReceive_DMA), (268 bytes).
    Removing stm32f1xx_hal_usart.o(i.HAL_USART_TransmitReceive_IT), (132 bytes).
    Removing stm32f1xx_hal_usart.o(i.HAL_USART_Transmit_DMA), (156 bytes).
    Removing stm32f1xx_hal_usart.o(i.HAL_USART_Transmit_IT), (88 bytes).
    Removing stm32f1xx_hal_usart.o(i.HAL_USART_TxCpltCallback), (2 bytes).
    Removing stm32f1xx_hal_usart.o(i.HAL_USART_TxHalfCpltCallback), (2 bytes).
    Removing stm32f1xx_hal_usart.o(i.HAL_USART_TxRxCpltCallback), (2 bytes).
    Removing stm32f1xx_hal_usart.o(i.USART_DMAAbortOnError), (20 bytes).
    Removing stm32f1xx_hal_usart.o(i.USART_DMAError), (84 bytes).
    Removing stm32f1xx_hal_usart.o(i.USART_DMAReceiveCplt), (122 bytes).
    Removing stm32f1xx_hal_usart.o(i.USART_DMARxAbortCallback), (48 bytes).
    Removing stm32f1xx_hal_usart.o(i.USART_DMARxHalfCplt), (14 bytes).
    Removing stm32f1xx_hal_usart.o(i.USART_DMATransmitCplt), (70 bytes).
    Removing stm32f1xx_hal_usart.o(i.USART_DMATxAbortCallback), (48 bytes).
    Removing stm32f1xx_hal_usart.o(i.USART_DMATxHalfCplt), (14 bytes).
    Removing stm32f1xx_hal_usart.o(i.USART_EndRxTransfer), (32 bytes).
    Removing stm32f1xx_hal_usart.o(i.USART_EndTransmit_IT), (44 bytes).
    Removing stm32f1xx_hal_usart.o(i.USART_EndTxTransfer), (20 bytes).
    Removing stm32f1xx_hal_usart.o(i.USART_Receive_IT), (194 bytes).
    Removing stm32f1xx_hal_usart.o(i.USART_SetConfig), (444 bytes).
    Removing stm32f1xx_hal_usart.o(i.USART_TransmitReceive_IT), (270 bytes).
    Removing stm32f1xx_hal_usart.o(i.USART_Transmit_IT), (104 bytes).
    Removing stm32f1xx_hal_usart.o(i.USART_WaitOnFlagUntilTimeout), (128 bytes).
    Removing stm32f1xx_hal_wwdg.o(.rev16_text), (4 bytes).
    Removing stm32f1xx_hal_wwdg.o(.revsh_text), (4 bytes).
    Removing stm32f1xx_hal_wwdg.o(.rrx_text), (6 bytes).
    Removing stm32f1xx_hal_wwdg.o(i.HAL_WWDG_EarlyWakeupCallback), (2 bytes).
    Removing stm32f1xx_hal_wwdg.o(i.HAL_WWDG_IRQHandler), (40 bytes).
    Removing stm32f1xx_hal_wwdg.o(i.HAL_WWDG_Init), (44 bytes).
    Removing stm32f1xx_hal_wwdg.o(i.HAL_WWDG_MspInit), (2 bytes).
    Removing stm32f1xx_hal_wwdg.o(i.HAL_WWDG_Refresh), (12 bytes).
    Removing system_stm32f1xx.o(.rev16_text), (4 bytes).
    Removing system_stm32f1xx.o(.revsh_text), (4 bytes).
    Removing system_stm32f1xx.o(.rrx_text), (6 bytes).
    Removing system_stm32f1xx.o(i.SystemCoreClockUpdate), (164 bytes).
    Removing fmul.o(.text), (100 bytes).
    Removing fdiv.o(.text), (124 bytes).
    Removing fflti.o(.text), (18 bytes).
    Removing ffltui.o(.text), (10 bytes).
    Removing dfltui.o(.text), (26 bytes).
    Removing ffixui.o(.text), (40 bytes).
    Removing f2d.o(.text), (38 bytes).
    Removing d2f.o(.text), (56 bytes).
    Removing cfrcmple.o(.text), (20 bytes).
    Removing fepilogue.o(.text), (110 bytes).

970 unused section(s) (total 84864 bytes) removed from the image.

==============================================================================

Image Symbol Table

    Local Symbols

    Symbol Name                              Value     Ov Type        Size  Object(Section)

    ../clib/../cmprslib/zerorunl2.c          0x00000000   Number         0  __dczerorl2.o ABSOLUTE
    ../clib/microlib/division.c              0x00000000   Number         0  uidiv.o ABSOLUTE
    ../clib/microlib/division.c              0x00000000   Number         0  uldiv.o ABSOLUTE
    ../clib/microlib/init/entry.s            0x00000000   Number         0  entry.o ABSOLUTE
    ../clib/microlib/init/entry.s            0x00000000   Number         0  entry5.o ABSOLUTE
    ../clib/microlib/init/entry.s            0x00000000   Number         0  entry10a.o ABSOLUTE
    ../clib/microlib/init/entry.s            0x00000000   Number         0  entry2.o ABSOLUTE
    ../clib/microlib/init/entry.s            0x00000000   Number         0  entry7a.o ABSOLUTE
    ../clib/microlib/init/entry.s            0x00000000   Number         0  entry7b.o ABSOLUTE
    ../clib/microlib/init/entry.s            0x00000000   Number         0  entry8a.o ABSOLUTE
    ../clib/microlib/init/entry.s            0x00000000   Number         0  entry8b.o ABSOLUTE
    ../clib/microlib/init/entry.s            0x00000000   Number         0  entry9a.o ABSOLUTE
    ../clib/microlib/init/entry.s            0x00000000   Number         0  entry9b.o ABSOLUTE
    ../clib/microlib/init/entry.s            0x00000000   Number         0  entry10b.o ABSOLUTE
    ../clib/microlib/init/entry.s            0x00000000   Number         0  entry11a.o ABSOLUTE
    ../clib/microlib/init/entry.s            0x00000000   Number         0  entry11b.o ABSOLUTE
    ../clib/microlib/longlong.c              0x00000000   Number         0  llshl.o ABSOLUTE
    ../clib/microlib/longlong.c              0x00000000   Number         0  llsshr.o ABSOLUTE
    ../clib/microlib/longlong.c              0x00000000   Number         0  llushr.o ABSOLUTE
    ../clib/microlib/malloc/malloc.c         0x00000000   Number         0  mallocra.o ABSOLUTE
    ../clib/microlib/malloc/malloc.c         0x00000000   Number         0  malloca.o ABSOLUTE
    ../clib/microlib/malloc/malloc.c         0x00000000   Number         0  mallocr.o ABSOLUTE
    ../clib/microlib/malloc/malloc.c         0x00000000   Number         0  malloc.o ABSOLUTE
    ../clib/microlib/malloc/mvars.c          0x00000000   Number         0  mvars.o ABSOLUTE
    ../clib/microlib/printf/printf.c         0x00000000   Number         0  printf3.o ABSOLUTE
    ../clib/microlib/printf/printf.c         0x00000000   Number         0  printf2.o ABSOLUTE
    ../clib/microlib/printf/printf.c         0x00000000   Number         0  printf1.o ABSOLUTE
    ../clib/microlib/printf/printf.c         0x00000000   Number         0  printf6.o ABSOLUTE
    ../clib/microlib/printf/printf.c         0x00000000   Number         0  printf0.o ABSOLUTE
    ../clib/microlib/printf/printf.c         0x00000000   Number         0  printfb.o ABSOLUTE
    ../clib/microlib/printf/printf.c         0x00000000   Number         0  printfa.o ABSOLUTE
    ../clib/microlib/printf/printf.c         0x00000000   Number         0  printf8.o ABSOLUTE
    ../clib/microlib/printf/printf.c         0x00000000   Number         0  printf7.o ABSOLUTE
    ../clib/microlib/printf/printf.c         0x00000000   Number         0  printf5.o ABSOLUTE
    ../clib/microlib/printf/printf.c         0x00000000   Number         0  printf4.o ABSOLUTE
    ../clib/microlib/printf/stubs.s          0x00000000   Number         0  stubs.o ABSOLUTE
    ../clib/microlib/string/memcmp.c         0x00000000   Number         0  memcmp.o ABSOLUTE
    ../clib/microlib/string/memcpy.c         0x00000000   Number         0  memcpya.o ABSOLUTE
    ../clib/microlib/string/memcpy.c         0x00000000   Number         0  memcpyb.o ABSOLUTE
    ../clib/microlib/string/memset.c         0x00000000   Number         0  memseta.o ABSOLUTE
    ../clib/microlib/string/strchr.c         0x00000000   Number         0  strchr.o ABSOLUTE
    ../clib/microlib/string/strlen.c         0x00000000   Number         0  strlen.o ABSOLUTE
    ../clib/microlib/stubs.s                 0x00000000   Number         0  useno.o ABSOLUTE
    ../clib/microlib/stubs.s                 0x00000000   Number         0  iusefp.o ABSOLUTE
    ../fplib/microlib/d2f.c                  0x00000000   Number         0  d2f.o ABSOLUTE
    ../fplib/microlib/f2d.c                  0x00000000   Number         0  f2d.o ABSOLUTE
    ../fplib/microlib/fpadd.c                0x00000000   Number         0  dadd.o ABSOLUTE
    ../fplib/microlib/fpdiv.c                0x00000000   Number         0  ddiv.o ABSOLUTE
    ../fplib/microlib/fpdiv.c                0x00000000   Number         0  fdiv.o ABSOLUTE
    ../fplib/microlib/fpepilogue.c           0x00000000   Number         0  depilogue.o ABSOLUTE
    ../fplib/microlib/fpepilogue.c           0x00000000   Number         0  fepilogue.o ABSOLUTE
    ../fplib/microlib/fpfix.c                0x00000000   Number         0  ffixui.o ABSOLUTE
    ../fplib/microlib/fpfix.c                0x00000000   Number         0  dfixul.o ABSOLUTE
    ../fplib/microlib/fpflt.c                0x00000000   Number         0  dfltui.o ABSOLUTE
    ../fplib/microlib/fpflt.c                0x00000000   Number         0  fflti.o ABSOLUTE
    ../fplib/microlib/fpflt.c                0x00000000   Number         0  ffltui.o ABSOLUTE
    ../fplib/microlib/fpmul.c                0x00000000   Number         0  fmul.o ABSOLUTE
    ../fplib/microlib/fpmul.c                0x00000000   Number         0  dmul.o ABSOLUTE
    ..\Apply\Logic\Src\config.c              0x00000000   Number         0  config.o ABSOLUTE
    ..\Apply\Logic\Src\main.c                0x00000000   Number         0  main.o ABSOLUTE
    ..\Apply\Logic\Src\threadpool.c          0x00000000   Number         0  threadpool.o ABSOLUTE
    ..\Apply\Logic\Src\usercode.c            0x00000000   Number         0  usercode.o ABSOLUTE
    ..\Apply\Task\Src\task_irq.c             0x00000000   Number         0  task_irq.o ABSOLUTE
    ..\Apply\Task\Src\task_sysinit.c         0x00000000   Number         0  task_sysinit.o ABSOLUTE
    ..\Apply\Task\Src\task_userinit.c        0x00000000   Number         0  task_userinit.o ABSOLUTE
    ..\Bsp\Algo\Src\algo_func.c              0x00000000   Number         0  algo_func.o ABSOLUTE
    ..\Bsp\Dev\Src\dev_ps2.c                 0x00000000   Number         0  dev_ps2.o ABSOLUTE
    ..\Bsp\FatFs\Src\diskio.c                0x00000000   Number         0  diskio.o ABSOLUTE
    ..\Bsp\FatFs\Src\ff.c                    0x00000000   Number         0  ff.o ABSOLUTE
    ..\Bsp\OCD\Src\ocd_ads1256.c             0x00000000   Number         0  ocd_ads1256.o ABSOLUTE
    ..\Bsp\OCD\Src\ocd_at24cxx.c             0x00000000   Number         0  ocd_at24cxx.o ABSOLUTE
    ..\Bsp\OCD\Src\ocd_ds3231.c              0x00000000   Number         0  ocd_ds3231.o ABSOLUTE
    ..\Bsp\OCD\Src\ocd_fatfs.c               0x00000000   Number         0  ocd_fatfs.o ABSOLUTE
    ..\Bsp\OCD\Src\ocd_jy901.c               0x00000000   Number         0  ocd_jy901.o ABSOLUTE
    ..\Bsp\OCD\Src\ocd_oled.c                0x00000000   Number         0  ocd_oled.o ABSOLUTE
    ..\Bsp\OCD\Src\ocd_rm3100.c              0x00000000   Number         0  ocd_rm3100.o ABSOLUTE
    ..\Bsp\OCD\Src\ocd_sdcard.c              0x00000000   Number         0  ocd_sdcard.o ABSOLUTE
    ..\Driver\Src\drv_hal.c                  0x00000000   Number         0  drv_hal.o ABSOLUTE
    ..\Driver\Src\drv_hal_adc.c              0x00000000   Number         0  drv_hal_adc.o ABSOLUTE
    ..\Driver\Src\drv_hal_delay.c            0x00000000   Number         0  drv_hal_delay.o ABSOLUTE
    ..\Driver\Src\drv_hal_gpio.c             0x00000000   Number         0  drv_hal_gpio.o ABSOLUTE
    ..\Driver\Src\drv_hal_iic_soft.c         0x00000000   Number         0  drv_hal_iic_soft.o ABSOLUTE
    ..\Driver\Src\drv_hal_pwm.c              0x00000000   Number         0  drv_hal_pwm.o ABSOLUTE
    ..\Driver\Src\drv_hal_spi.c              0x00000000   Number         0  drv_hal_spi.o ABSOLUTE
    ..\Driver\Src\drv_hal_spi_soft.c         0x00000000   Number         0  drv_hal_spi_soft.o ABSOLUTE
    ..\Driver\Src\drv_hal_timer.c            0x00000000   Number         0  drv_hal_timer.o ABSOLUTE
    ..\Driver\Src\drv_hal_uart.c             0x00000000   Number         0  drv_hal_uart.o ABSOLUTE
    ..\Hardware\STM32F1XX\CMSIS\Device\ST\STM32F1xx\Source\Templates\arm\startup_stm32f103xe.s 0x00000000   Number         0  startup_stm32f103xe.o ABSOLUTE
    ..\Hardware\STM32F1XX\CMSIS\Device\ST\STM32F1xx\Source\Templates\system_stm32f1xx.c 0x00000000   Number         0  system_stm32f1xx.o ABSOLUTE
    ..\Hardware\STM32F1XX\STM32F1xx_HAL_Driver\Src\stm32f1xx_hal.c 0x00000000   Number         0  stm32f1xx_hal.o ABSOLUTE
    ..\Hardware\STM32F1XX\STM32F1xx_HAL_Driver\Src\stm32f1xx_hal_adc.c 0x00000000   Number         0  stm32f1xx_hal_adc.o ABSOLUTE
    ..\Hardware\STM32F1XX\STM32F1xx_HAL_Driver\Src\stm32f1xx_hal_adc_ex.c 0x00000000   Number         0  stm32f1xx_hal_adc_ex.o ABSOLUTE
    ..\Hardware\STM32F1XX\STM32F1xx_HAL_Driver\Src\stm32f1xx_hal_can.c 0x00000000   Number         0  stm32f1xx_hal_can.o ABSOLUTE
    ..\Hardware\STM32F1XX\STM32F1xx_HAL_Driver\Src\stm32f1xx_hal_cec.c 0x00000000   Number         0  stm32f1xx_hal_cec.o ABSOLUTE
    ..\Hardware\STM32F1XX\STM32F1xx_HAL_Driver\Src\stm32f1xx_hal_cortex.c 0x00000000   Number         0  stm32f1xx_hal_cortex.o ABSOLUTE
    ..\Hardware\STM32F1XX\STM32F1xx_HAL_Driver\Src\stm32f1xx_hal_crc.c 0x00000000   Number         0  stm32f1xx_hal_crc.o ABSOLUTE
    ..\Hardware\STM32F1XX\STM32F1xx_HAL_Driver\Src\stm32f1xx_hal_dac.c 0x00000000   Number         0  stm32f1xx_hal_dac.o ABSOLUTE
    ..\Hardware\STM32F1XX\STM32F1xx_HAL_Driver\Src\stm32f1xx_hal_dac_ex.c 0x00000000   Number         0  stm32f1xx_hal_dac_ex.o ABSOLUTE
    ..\Hardware\STM32F1XX\STM32F1xx_HAL_Driver\Src\stm32f1xx_hal_dma.c 0x00000000   Number         0  stm32f1xx_hal_dma.o ABSOLUTE
    ..\Hardware\STM32F1XX\STM32F1xx_HAL_Driver\Src\stm32f1xx_hal_eth.c 0x00000000   Number         0  stm32f1xx_hal_eth.o ABSOLUTE
    ..\Hardware\STM32F1XX\STM32F1xx_HAL_Driver\Src\stm32f1xx_hal_exti.c 0x00000000   Number         0  stm32f1xx_hal_exti.o ABSOLUTE
    ..\Hardware\STM32F1XX\STM32F1xx_HAL_Driver\Src\stm32f1xx_hal_flash.c 0x00000000   Number         0  stm32f1xx_hal_flash.o ABSOLUTE
    ..\Hardware\STM32F1XX\STM32F1xx_HAL_Driver\Src\stm32f1xx_hal_flash_ex.c 0x00000000   Number         0  stm32f1xx_hal_flash_ex.o ABSOLUTE
    ..\Hardware\STM32F1XX\STM32F1xx_HAL_Driver\Src\stm32f1xx_hal_gpio.c 0x00000000   Number         0  stm32f1xx_hal_gpio.o ABSOLUTE
    ..\Hardware\STM32F1XX\STM32F1xx_HAL_Driver\Src\stm32f1xx_hal_gpio_ex.c 0x00000000   Number         0  stm32f1xx_hal_gpio_ex.o ABSOLUTE
    ..\Hardware\STM32F1XX\STM32F1xx_HAL_Driver\Src\stm32f1xx_hal_hcd.c 0x00000000   Number         0  stm32f1xx_hal_hcd.o ABSOLUTE
    ..\Hardware\STM32F1XX\STM32F1xx_HAL_Driver\Src\stm32f1xx_hal_i2c.c 0x00000000   Number         0  stm32f1xx_hal_i2c.o ABSOLUTE
    ..\Hardware\STM32F1XX\STM32F1xx_HAL_Driver\Src\stm32f1xx_hal_i2s.c 0x00000000   Number         0  stm32f1xx_hal_i2s.o ABSOLUTE
    ..\Hardware\STM32F1XX\STM32F1xx_HAL_Driver\Src\stm32f1xx_hal_irda.c 0x00000000   Number         0  stm32f1xx_hal_irda.o ABSOLUTE
    ..\Hardware\STM32F1XX\STM32F1xx_HAL_Driver\Src\stm32f1xx_hal_iwdg.c 0x00000000   Number         0  stm32f1xx_hal_iwdg.o ABSOLUTE
    ..\Hardware\STM32F1XX\STM32F1xx_HAL_Driver\Src\stm32f1xx_hal_mmc.c 0x00000000   Number         0  stm32f1xx_hal_mmc.o ABSOLUTE
    ..\Hardware\STM32F1XX\STM32F1xx_HAL_Driver\Src\stm32f1xx_hal_nand.c 0x00000000   Number         0  stm32f1xx_hal_nand.o ABSOLUTE
    ..\Hardware\STM32F1XX\STM32F1xx_HAL_Driver\Src\stm32f1xx_hal_nor.c 0x00000000   Number         0  stm32f1xx_hal_nor.o ABSOLUTE
    ..\Hardware\STM32F1XX\STM32F1xx_HAL_Driver\Src\stm32f1xx_hal_pccard.c 0x00000000   Number         0  stm32f1xx_hal_pccard.o ABSOLUTE
    ..\Hardware\STM32F1XX\STM32F1xx_HAL_Driver\Src\stm32f1xx_hal_pcd.c 0x00000000   Number         0  stm32f1xx_hal_pcd.o ABSOLUTE
    ..\Hardware\STM32F1XX\STM32F1xx_HAL_Driver\Src\stm32f1xx_hal_pcd_ex.c 0x00000000   Number         0  stm32f1xx_hal_pcd_ex.o ABSOLUTE
    ..\Hardware\STM32F1XX\STM32F1xx_HAL_Driver\Src\stm32f1xx_hal_pwr.c 0x00000000   Number         0  stm32f1xx_hal_pwr.o ABSOLUTE
    ..\Hardware\STM32F1XX\STM32F1xx_HAL_Driver\Src\stm32f1xx_hal_rcc.c 0x00000000   Number         0  stm32f1xx_hal_rcc.o ABSOLUTE
    ..\Hardware\STM32F1XX\STM32F1xx_HAL_Driver\Src\stm32f1xx_hal_rcc_ex.c 0x00000000   Number         0  stm32f1xx_hal_rcc_ex.o ABSOLUTE
    ..\Hardware\STM32F1XX\STM32F1xx_HAL_Driver\Src\stm32f1xx_hal_rtc.c 0x00000000   Number         0  stm32f1xx_hal_rtc.o ABSOLUTE
    ..\Hardware\STM32F1XX\STM32F1xx_HAL_Driver\Src\stm32f1xx_hal_rtc_ex.c 0x00000000   Number         0  stm32f1xx_hal_rtc_ex.o ABSOLUTE
    ..\Hardware\STM32F1XX\STM32F1xx_HAL_Driver\Src\stm32f1xx_hal_sd.c 0x00000000   Number         0  stm32f1xx_hal_sd.o ABSOLUTE
    ..\Hardware\STM32F1XX\STM32F1xx_HAL_Driver\Src\stm32f1xx_hal_smartcard.c 0x00000000   Number         0  stm32f1xx_hal_smartcard.o ABSOLUTE
    ..\Hardware\STM32F1XX\STM32F1xx_HAL_Driver\Src\stm32f1xx_hal_spi.c 0x00000000   Number         0  stm32f1xx_hal_spi.o ABSOLUTE
    ..\Hardware\STM32F1XX\STM32F1xx_HAL_Driver\Src\stm32f1xx_hal_sram.c 0x00000000   Number         0  stm32f1xx_hal_sram.o ABSOLUTE
    ..\Hardware\STM32F1XX\STM32F1xx_HAL_Driver\Src\stm32f1xx_hal_tim.c 0x00000000   Number         0  stm32f1xx_hal_tim.o ABSOLUTE
    ..\Hardware\STM32F1XX\STM32F1xx_HAL_Driver\Src\stm32f1xx_hal_tim_ex.c 0x00000000   Number         0  stm32f1xx_hal_tim_ex.o ABSOLUTE
    ..\Hardware\STM32F1XX\STM32F1xx_HAL_Driver\Src\stm32f1xx_hal_uart.c 0x00000000   Number         0  stm32f1xx_hal_uart.o ABSOLUTE
    ..\Hardware\STM32F1XX\STM32F1xx_HAL_Driver\Src\stm32f1xx_hal_usart.c 0x00000000   Number         0  stm32f1xx_hal_usart.o ABSOLUTE
    ..\Hardware\STM32F1XX\STM32F1xx_HAL_Driver\Src\stm32f1xx_hal_wwdg.c 0x00000000   Number         0  stm32f1xx_hal_wwdg.o ABSOLUTE
    ..\\Apply\\Logic\\Src\\config.c          0x00000000   Number         0  config.o ABSOLUTE
    ..\\Apply\\Logic\\Src\\main.c            0x00000000   Number         0  main.o ABSOLUTE
    ..\\Apply\\Logic\\Src\\threadpool.c      0x00000000   Number         0  threadpool.o ABSOLUTE
    ..\\Apply\\Logic\\Src\\usercode.c        0x00000000   Number         0  usercode.o ABSOLUTE
    ..\\Apply\\Task\\Src\\task_irq.c         0x00000000   Number         0  task_irq.o ABSOLUTE
    ..\\Apply\\Task\\Src\\task_sysinit.c     0x00000000   Number         0  task_sysinit.o ABSOLUTE
    ..\\Apply\\Task\\Src\\task_userinit.c    0x00000000   Number         0  task_userinit.o ABSOLUTE
    ..\\Bsp\\Algo\\Src\\algo_func.c          0x00000000   Number         0  algo_func.o ABSOLUTE
    ..\\Bsp\\Dev\\Src\\dev_ps2.c             0x00000000   Number         0  dev_ps2.o ABSOLUTE
    ..\\Bsp\\OCD\\Src\\ocd_ads1256.c         0x00000000   Number         0  ocd_ads1256.o ABSOLUTE
    ..\\Bsp\\OCD\\Src\\ocd_at24cxx.c         0x00000000   Number         0  ocd_at24cxx.o ABSOLUTE
    ..\\Bsp\\OCD\\Src\\ocd_ds3231.c          0x00000000   Number         0  ocd_ds3231.o ABSOLUTE
    ..\\Bsp\\OCD\\Src\\ocd_fatfs.c           0x00000000   Number         0  ocd_fatfs.o ABSOLUTE
    ..\\Bsp\\OCD\\Src\\ocd_jy901.c           0x00000000   Number         0  ocd_jy901.o ABSOLUTE
    ..\\Bsp\\OCD\\Src\\ocd_oled.c            0x00000000   Number         0  ocd_oled.o ABSOLUTE
    ..\\Bsp\\OCD\\Src\\ocd_rm3100.c          0x00000000   Number         0  ocd_rm3100.o ABSOLUTE
    ..\\Bsp\\OCD\\Src\\ocd_sdcard.c          0x00000000   Number         0  ocd_sdcard.o ABSOLUTE
    ..\\Driver\\Src\\drv_hal.c               0x00000000   Number         0  drv_hal.o ABSOLUTE
    ..\\Driver\\Src\\drv_hal_adc.c           0x00000000   Number         0  drv_hal_adc.o ABSOLUTE
    ..\\Driver\\Src\\drv_hal_delay.c         0x00000000   Number         0  drv_hal_delay.o ABSOLUTE
    ..\\Driver\\Src\\drv_hal_gpio.c          0x00000000   Number         0  drv_hal_gpio.o ABSOLUTE
    ..\\Driver\\Src\\drv_hal_iic_soft.c      0x00000000   Number         0  drv_hal_iic_soft.o ABSOLUTE
    ..\\Driver\\Src\\drv_hal_pwm.c           0x00000000   Number         0  drv_hal_pwm.o ABSOLUTE
    ..\\Driver\\Src\\drv_hal_spi.c           0x00000000   Number         0  drv_hal_spi.o ABSOLUTE
    ..\\Driver\\Src\\drv_hal_spi_soft.c      0x00000000   Number         0  drv_hal_spi_soft.o ABSOLUTE
    ..\\Driver\\Src\\drv_hal_timer.c         0x00000000   Number         0  drv_hal_timer.o ABSOLUTE
    ..\\Driver\\Src\\drv_hal_uart.c          0x00000000   Number         0  drv_hal_uart.o ABSOLUTE
    ..\\Hardware\\STM32F1XX\\CMSIS\\Device\\ST\\STM32F1xx\\Source\\Templates\\system_stm32f1xx.c 0x00000000   Number         0  system_stm32f1xx.o ABSOLUTE
    ..\\Hardware\\STM32F1XX\\STM32F1xx_HAL_Driver\\Src\\stm32f1xx_hal.c 0x00000000   Number         0  stm32f1xx_hal.o ABSOLUTE
    ..\\Hardware\\STM32F1XX\\STM32F1xx_HAL_Driver\\Src\\stm32f1xx_hal_adc.c 0x00000000   Number         0  stm32f1xx_hal_adc.o ABSOLUTE
    ..\\Hardware\\STM32F1XX\\STM32F1xx_HAL_Driver\\Src\\stm32f1xx_hal_adc_ex.c 0x00000000   Number         0  stm32f1xx_hal_adc_ex.o ABSOLUTE
    ..\\Hardware\\STM32F1XX\\STM32F1xx_HAL_Driver\\Src\\stm32f1xx_hal_can.c 0x00000000   Number         0  stm32f1xx_hal_can.o ABSOLUTE
    ..\\Hardware\\STM32F1XX\\STM32F1xx_HAL_Driver\\Src\\stm32f1xx_hal_cec.c 0x00000000   Number         0  stm32f1xx_hal_cec.o ABSOLUTE
    ..\\Hardware\\STM32F1XX\\STM32F1xx_HAL_Driver\\Src\\stm32f1xx_hal_cortex.c 0x00000000   Number         0  stm32f1xx_hal_cortex.o ABSOLUTE
    ..\\Hardware\\STM32F1XX\\STM32F1xx_HAL_Driver\\Src\\stm32f1xx_hal_crc.c 0x00000000   Number         0  stm32f1xx_hal_crc.o ABSOLUTE
    ..\\Hardware\\STM32F1XX\\STM32F1xx_HAL_Driver\\Src\\stm32f1xx_hal_dac.c 0x00000000   Number         0  stm32f1xx_hal_dac.o ABSOLUTE
    ..\\Hardware\\STM32F1XX\\STM32F1xx_HAL_Driver\\Src\\stm32f1xx_hal_dac_ex.c 0x00000000   Number         0  stm32f1xx_hal_dac_ex.o ABSOLUTE
    ..\\Hardware\\STM32F1XX\\STM32F1xx_HAL_Driver\\Src\\stm32f1xx_hal_dma.c 0x00000000   Number         0  stm32f1xx_hal_dma.o ABSOLUTE
    ..\\Hardware\\STM32F1XX\\STM32F1xx_HAL_Driver\\Src\\stm32f1xx_hal_eth.c 0x00000000   Number         0  stm32f1xx_hal_eth.o ABSOLUTE
    ..\\Hardware\\STM32F1XX\\STM32F1xx_HAL_Driver\\Src\\stm32f1xx_hal_exti.c 0x00000000   Number         0  stm32f1xx_hal_exti.o ABSOLUTE
    ..\\Hardware\\STM32F1XX\\STM32F1xx_HAL_Driver\\Src\\stm32f1xx_hal_flash.c 0x00000000   Number         0  stm32f1xx_hal_flash.o ABSOLUTE
    ..\\Hardware\\STM32F1XX\\STM32F1xx_HAL_Driver\\Src\\stm32f1xx_hal_flash_ex.c 0x00000000   Number         0  stm32f1xx_hal_flash_ex.o ABSOLUTE
    ..\\Hardware\\STM32F1XX\\STM32F1xx_HAL_Driver\\Src\\stm32f1xx_hal_gpio.c 0x00000000   Number         0  stm32f1xx_hal_gpio.o ABSOLUTE
    ..\\Hardware\\STM32F1XX\\STM32F1xx_HAL_Driver\\Src\\stm32f1xx_hal_gpio_ex.c 0x00000000   Number         0  stm32f1xx_hal_gpio_ex.o ABSOLUTE
    ..\\Hardware\\STM32F1XX\\STM32F1xx_HAL_Driver\\Src\\stm32f1xx_hal_hcd.c 0x00000000   Number         0  stm32f1xx_hal_hcd.o ABSOLUTE
    ..\\Hardware\\STM32F1XX\\STM32F1xx_HAL_Driver\\Src\\stm32f1xx_hal_i2c.c 0x00000000   Number         0  stm32f1xx_hal_i2c.o ABSOLUTE
    ..\\Hardware\\STM32F1XX\\STM32F1xx_HAL_Driver\\Src\\stm32f1xx_hal_i2s.c 0x00000000   Number         0  stm32f1xx_hal_i2s.o ABSOLUTE
    ..\\Hardware\\STM32F1XX\\STM32F1xx_HAL_Driver\\Src\\stm32f1xx_hal_irda.c 0x00000000   Number         0  stm32f1xx_hal_irda.o ABSOLUTE
    ..\\Hardware\\STM32F1XX\\STM32F1xx_HAL_Driver\\Src\\stm32f1xx_hal_iwdg.c 0x00000000   Number         0  stm32f1xx_hal_iwdg.o ABSOLUTE
    ..\\Hardware\\STM32F1XX\\STM32F1xx_HAL_Driver\\Src\\stm32f1xx_hal_mmc.c 0x00000000   Number         0  stm32f1xx_hal_mmc.o ABSOLUTE
    ..\\Hardware\\STM32F1XX\\STM32F1xx_HAL_Driver\\Src\\stm32f1xx_hal_nand.c 0x00000000   Number         0  stm32f1xx_hal_nand.o ABSOLUTE
    ..\\Hardware\\STM32F1XX\\STM32F1xx_HAL_Driver\\Src\\stm32f1xx_hal_nor.c 0x00000000   Number         0  stm32f1xx_hal_nor.o ABSOLUTE
    ..\\Hardware\\STM32F1XX\\STM32F1xx_HAL_Driver\\Src\\stm32f1xx_hal_pccard.c 0x00000000   Number         0  stm32f1xx_hal_pccard.o ABSOLUTE
    ..\\Hardware\\STM32F1XX\\STM32F1xx_HAL_Driver\\Src\\stm32f1xx_hal_pcd.c 0x00000000   Number         0  stm32f1xx_hal_pcd.o ABSOLUTE
    ..\\Hardware\\STM32F1XX\\STM32F1xx_HAL_Driver\\Src\\stm32f1xx_hal_pcd_ex.c 0x00000000   Number         0  stm32f1xx_hal_pcd_ex.o ABSOLUTE
    ..\\Hardware\\STM32F1XX\\STM32F1xx_HAL_Driver\\Src\\stm32f1xx_hal_pwr.c 0x00000000   Number         0  stm32f1xx_hal_pwr.o ABSOLUTE
    ..\\Hardware\\STM32F1XX\\STM32F1xx_HAL_Driver\\Src\\stm32f1xx_hal_rcc.c 0x00000000   Number         0  stm32f1xx_hal_rcc.o ABSOLUTE
    ..\\Hardware\\STM32F1XX\\STM32F1xx_HAL_Driver\\Src\\stm32f1xx_hal_rcc_ex.c 0x00000000   Number         0  stm32f1xx_hal_rcc_ex.o ABSOLUTE
    ..\\Hardware\\STM32F1XX\\STM32F1xx_HAL_Driver\\Src\\stm32f1xx_hal_rtc.c 0x00000000   Number         0  stm32f1xx_hal_rtc.o ABSOLUTE
    ..\\Hardware\\STM32F1XX\\STM32F1xx_HAL_Driver\\Src\\stm32f1xx_hal_rtc_ex.c 0x00000000   Number         0  stm32f1xx_hal_rtc_ex.o ABSOLUTE
    ..\\Hardware\\STM32F1XX\\STM32F1xx_HAL_Driver\\Src\\stm32f1xx_hal_sd.c 0x00000000   Number         0  stm32f1xx_hal_sd.o ABSOLUTE
    ..\\Hardware\\STM32F1XX\\STM32F1xx_HAL_Driver\\Src\\stm32f1xx_hal_smartcard.c 0x00000000   Number         0  stm32f1xx_hal_smartcard.o ABSOLUTE
    ..\\Hardware\\STM32F1XX\\STM32F1xx_HAL_Driver\\Src\\stm32f1xx_hal_spi.c 0x00000000   Number         0  stm32f1xx_hal_spi.o ABSOLUTE
    ..\\Hardware\\STM32F1XX\\STM32F1xx_HAL_Driver\\Src\\stm32f1xx_hal_sram.c 0x00000000   Number         0  stm32f1xx_hal_sram.o ABSOLUTE
    ..\\Hardware\\STM32F1XX\\STM32F1xx_HAL_Driver\\Src\\stm32f1xx_hal_tim.c 0x00000000   Number         0  stm32f1xx_hal_tim.o ABSOLUTE
    ..\\Hardware\\STM32F1XX\\STM32F1xx_HAL_Driver\\Src\\stm32f1xx_hal_tim_ex.c 0x00000000   Number         0  stm32f1xx_hal_tim_ex.o ABSOLUTE
    ..\\Hardware\\STM32F1XX\\STM32F1xx_HAL_Driver\\Src\\stm32f1xx_hal_uart.c 0x00000000   Number         0  stm32f1xx_hal_uart.o ABSOLUTE
    ..\\Hardware\\STM32F1XX\\STM32F1xx_HAL_Driver\\Src\\stm32f1xx_hal_usart.c 0x00000000   Number         0  stm32f1xx_hal_usart.o ABSOLUTE
    ..\\Hardware\\STM32F1XX\\STM32F1xx_HAL_Driver\\Src\\stm32f1xx_hal_wwdg.c 0x00000000   Number         0  stm32f1xx_hal_wwdg.o ABSOLUTE
    cdrcmple.s                               0x00000000   Number         0  cdrcmple.o ABSOLUTE
    cfrcmple.s                               0x00000000   Number         0  cfrcmple.o ABSOLUTE
    dc.s                                     0x00000000   Number         0  dc.o ABSOLUTE
    handlers.s                               0x00000000   Number         0  handlers.o ABSOLUTE
    init.s                                   0x00000000   Number         0  init.o ABSOLUTE
    RESET                                    0x08000000   Section      304  startup_stm32f103xe.o(RESET)
    .ARM.Collect$$$$00000000                 0x08000130   Section        0  entry.o(.ARM.Collect$$$$00000000)
    .ARM.Collect$$$$00000001                 0x08000130   Section        4  entry2.o(.ARM.Collect$$$$00000001)
    .ARM.Collect$$$$00000004                 0x08000134   Section        4  entry5.o(.ARM.Collect$$$$00000004)
    .ARM.Collect$$$$00000008                 0x08000138   Section        0  entry7b.o(.ARM.Collect$$$$00000008)
    .ARM.Collect$$$$0000000A                 0x08000138   Section        0  entry8b.o(.ARM.Collect$$$$0000000A)
    .ARM.Collect$$$$0000000B                 0x08000138   Section        8  entry9a.o(.ARM.Collect$$$$0000000B)
    .ARM.Collect$$$$0000000D                 0x08000140   Section        0  entry10a.o(.ARM.Collect$$$$0000000D)
    .ARM.Collect$$$$0000000F                 0x08000140   Section        0  entry11a.o(.ARM.Collect$$$$0000000F)
    .ARM.Collect$$$$00002712                 0x08000140   Section        4  entry2.o(.ARM.Collect$$$$00002712)
    __lit__00000000                          0x08000140   Data           4  entry2.o(.ARM.Collect$$$$00002712)
    .text                                    0x08000144   Section       36  startup_stm32f103xe.o(.text)
    .text                                    0x08000168   Section        0  llushr.o(.text)
    .text                                    0x08000188   Section        0  memseta.o(.text)
    .text                                    0x080001ac   Section        0  dmul.o(.text)
    .text                                    0x08000290   Section        0  uidiv.o(.text)
    .text                                    0x080002bc   Section        0  uldiv.o(.text)
    .text                                    0x0800031e   Section        0  depilogue.o(.text)
    .text                                    0x0800031e   Section        0  iusefp.o(.text)
    .text                                    0x080003d8   Section        0  dadd.o(.text)
    .text                                    0x08000526   Section        0  ddiv.o(.text)
    .text                                    0x08000604   Section        0  dfixul.o(.text)
    .text                                    0x08000634   Section       48  cdrcmple.o(.text)
    .text                                    0x08000664   Section       36  init.o(.text)
    .text                                    0x08000688   Section        0  llshl.o(.text)
    .text                                    0x080006a6   Section        0  llsshr.o(.text)
    .text                                    0x080006ca   Section        0  __dczerorl2.o(.text)
    i.BusFault_Handler                       0x08000720   Section        0  drv_hal.o(i.BusFault_Handler)
    i.DebugMon_Handler                       0x08000724   Section        0  drv_hal.o(i.DebugMon_Handler)
    i.Drv_GPIO_Init                          0x08000728   Section        0  drv_hal_gpio.o(i.Drv_GPIO_Init)
    i.Drv_HAL_Error                          0x08000784   Section        0  drv_hal.o(i.Drv_HAL_Error)
    i.Drv_HAL_IncTick                        0x080007e0   Section        0  drv_hal.o(i.Drv_HAL_IncTick)
    i.Drv_HAL_Init                           0x080007ec   Section        0  drv_hal.o(i.Drv_HAL_Init)
    i.Drv_Uart_IRQHandler                    0x080007f8   Section        0  drv_hal_uart.o(i.Drv_Uart_IRQHandler)
    i.Drv_Uart_ITInit                        0x08000804   Section        0  drv_hal_uart.o(i.Drv_Uart_ITInit)
    i.EXTI15_10_IRQHandler                   0x0800083c   Section        0  task_irq.o(i.EXTI15_10_IRQHandler)
    i.EXTI9_5_IRQHandler                     0x08000844   Section        0  task_irq.o(i.EXTI9_5_IRQHandler)
    i.HAL_DMA_Abort_IT                       0x0800084c   Section        0  stm32f1xx_hal_dma.o(i.HAL_DMA_Abort_IT)
    i.HAL_GPIO_Init                          0x080009f4   Section        0  stm32f1xx_hal_gpio.o(i.HAL_GPIO_Init)
    i.HAL_GetTick                            0x08000d34   Section        0  stm32f1xx_hal.o(i.HAL_GetTick)
    i.HAL_IncTick                            0x08000d40   Section        0  stm32f1xx_hal.o(i.HAL_IncTick)
    i.HAL_Init                               0x08000d58   Section        0  stm32f1xx_hal.o(i.HAL_Init)
    i.HAL_InitTick                           0x08000d80   Section        0  stm32f1xx_hal.o(i.HAL_InitTick)
    i.HAL_MspInit                            0x08000dcc   Section        0  drv_hal.o(i.HAL_MspInit)
    i.HAL_NVIC_EnableIRQ                     0x08000e74   Section        0  stm32f1xx_hal_cortex.o(i.HAL_NVIC_EnableIRQ)
    i.HAL_NVIC_SetPriority                   0x08000e94   Section        0  stm32f1xx_hal_cortex.o(i.HAL_NVIC_SetPriority)
    i.HAL_NVIC_SetPriorityGrouping           0x08000f10   Section        0  stm32f1xx_hal_cortex.o(i.HAL_NVIC_SetPriorityGrouping)
    i.HAL_RCC_ClockConfig                    0x08000f38   Section        0  stm32f1xx_hal_rcc.o(i.HAL_RCC_ClockConfig)
    i.HAL_RCC_GetHCLKFreq                    0x080010c4   Section        0  stm32f1xx_hal_rcc.o(i.HAL_RCC_GetHCLKFreq)
    i.HAL_RCC_GetPCLK1Freq                   0x080010d0   Section        0  stm32f1xx_hal_rcc.o(i.HAL_RCC_GetPCLK1Freq)
    i.HAL_RCC_GetPCLK2Freq                   0x080010f0   Section        0  stm32f1xx_hal_rcc.o(i.HAL_RCC_GetPCLK2Freq)
    i.HAL_RCC_GetSysClockFreq                0x08001110   Section        0  stm32f1xx_hal_rcc.o(i.HAL_RCC_GetSysClockFreq)
    i.HAL_RCC_OscConfig                      0x080011a4   Section        0  stm32f1xx_hal_rcc.o(i.HAL_RCC_OscConfig)
    i.HAL_SYSTICK_Callback                   0x08001608   Section        0  stm32f1xx_hal_cortex.o(i.HAL_SYSTICK_Callback)
    i.HAL_SYSTICK_Config                     0x0800160a   Section        0  stm32f1xx_hal_cortex.o(i.HAL_SYSTICK_Config)
    i.HAL_SYSTICK_IRQHandler                 0x0800163e   Section        0  stm32f1xx_hal_cortex.o(i.HAL_SYSTICK_IRQHandler)
    i.HAL_UART_ErrorCallback                 0x08001646   Section        0  stm32f1xx_hal_uart.o(i.HAL_UART_ErrorCallback)
    i.HAL_UART_IRQHandler                    0x08001648   Section        0  stm32f1xx_hal_uart.o(i.HAL_UART_IRQHandler)
    i.HAL_UART_Init                          0x0800179c   Section        0  stm32f1xx_hal_uart.o(i.HAL_UART_Init)
    i.HAL_UART_MspInit                       0x0800180e   Section        0  stm32f1xx_hal_uart.o(i.HAL_UART_MspInit)
    i.HAL_UART_Receive_IT                    0x08001810   Section        0  stm32f1xx_hal_uart.o(i.HAL_UART_Receive_IT)
    i.HAL_UART_RxCpltCallback                0x08001880   Section        0  task_irq.o(i.HAL_UART_RxCpltCallback)
    i.HAL_UART_TxCpltCallback                0x080018fc   Section        0  stm32f1xx_hal_uart.o(i.HAL_UART_TxCpltCallback)
    i.HardFault_Handler                      0x080018fe   Section        0  drv_hal.o(i.HardFault_Handler)
    i.MemManage_Handler                      0x08001902   Section        0  drv_hal.o(i.MemManage_Handler)
    i.NMI_Handler                            0x08001906   Section        0  drv_hal.o(i.NMI_Handler)
    i.PendSV_Handler                         0x0800190a   Section        0  drv_hal.o(i.PendSV_Handler)
    i.RCC_Delay                              0x0800190c   Section        0  stm32f1xx_hal_rcc.o(i.RCC_Delay)
    RCC_Delay                                0x0800190d   Thumb Code    36  stm32f1xx_hal_rcc.o(i.RCC_Delay)
    i.SVC_Handler                            0x08001934   Section        0  drv_hal.o(i.SVC_Handler)
    i.S_GPIO_CLKEnable                       0x08001938   Section        0  drv_hal_gpio.o(i.S_GPIO_CLKEnable)
    S_GPIO_CLKEnable                         0x08001939   Thumb Code   184  drv_hal_gpio.o(i.S_GPIO_CLKEnable)
    i.S_GPIO_NVICParamConfig                 0x08001a08   Section        0  drv_hal_gpio.o(i.S_GPIO_NVICParamConfig)
    S_GPIO_NVICParamConfig                   0x08001a09   Thumb Code   198  drv_hal_gpio.o(i.S_GPIO_NVICParamConfig)
    i.S_GPIO_ParamConfig                     0x08001ace   Section        0  drv_hal_gpio.o(i.S_GPIO_ParamConfig)
    S_GPIO_ParamConfig                       0x08001acf   Thumb Code    14  drv_hal_gpio.o(i.S_GPIO_ParamConfig)
    i.S_HAL_CLKConfig                        0x08001adc   Section        0  drv_hal.o(i.S_HAL_CLKConfig)
    S_HAL_CLKConfig                          0x08001add   Thumb Code   102  drv_hal.o(i.S_HAL_CLKConfig)
    i.S_UART_CLKEnable                       0x08001b44   Section        0  drv_hal_uart.o(i.S_UART_CLKEnable)
    S_UART_CLKEnable                         0x08001b45   Thumb Code   184  drv_hal_uart.o(i.S_UART_CLKEnable)
    i.S_UART_GPIOConfig                      0x08001c14   Section        0  drv_hal_uart.o(i.S_UART_GPIOConfig)
    S_UART_GPIOConfig                        0x08001c15   Thumb Code   338  drv_hal_uart.o(i.S_UART_GPIOConfig)
    i.S_Uart_CLKConfig                       0x08001d7c   Section        0  drv_hal_uart.o(i.S_Uart_CLKConfig)
    S_Uart_CLKConfig                         0x08001d7d   Thumb Code     2  drv_hal_uart.o(i.S_Uart_CLKConfig)
    i.S_Uart_NVICConfig                      0x08001d80   Section        0  drv_hal_uart.o(i.S_Uart_NVICConfig)
    S_Uart_NVICConfig                        0x08001d81   Thumb Code   154  drv_hal_uart.o(i.S_Uart_NVICConfig)
    i.S_Uart_ParamConfig                     0x08001e30   Section        0  drv_hal_uart.o(i.S_Uart_ParamConfig)
    S_Uart_ParamConfig                       0x08001e31   Thumb Code    22  drv_hal_uart.o(i.S_Uart_ParamConfig)
    i.SysTick_Handler                        0x08001e68   Section        0  drv_hal.o(i.SysTick_Handler)
    i.SystemInit                             0x08001e70   Section        0  system_stm32f1xx.o(i.SystemInit)
    i.TIM2_IRQHandler                        0x08001e72   Section        0  task_irq.o(i.TIM2_IRQHandler)
    i.TIM3_IRQHandler                        0x08001e74   Section        0  task_irq.o(i.TIM3_IRQHandler)
    i.TIM4_IRQHandler                        0x08001e76   Section        0  task_irq.o(i.TIM4_IRQHandler)
    i.TIM5_IRQHandler                        0x08001e78   Section        0  task_irq.o(i.TIM5_IRQHandler)
    i.TIM6_IRQHandler                        0x08001e7a   Section        0  task_irq.o(i.TIM6_IRQHandler)
    i.TIM7_IRQHandler                        0x08001e7c   Section        0  task_irq.o(i.TIM7_IRQHandler)
    i.Task_EXTI15_10_IRQHandler              0x08001e7e   Section        0  task_irq.o(i.Task_EXTI15_10_IRQHandler)
    i.Task_EXTI9_5_IRQHandler                0x08001e80   Section        0  task_irq.o(i.Task_EXTI9_5_IRQHandler)
    i.Task_Sys_Init                          0x08001e82   Section        0  task_sysinit.o(i.Task_Sys_Init)
    i.Task_USART1_IRQHandler                 0x08001e8a   Section        0  task_irq.o(i.Task_USART1_IRQHandler)
    i.Task_UserInit                          0x08001e8c   Section        0  task_userinit.o(i.Task_UserInit)
    i.UART4_IRQHandler                       0x08001ea8   Section        0  task_irq.o(i.UART4_IRQHandler)
    i.UART5_IRQHandler                       0x08001eaa   Section        0  task_irq.o(i.UART5_IRQHandler)
    i.UART_DMAAbortOnError                   0x08001eac   Section        0  stm32f1xx_hal_uart.o(i.UART_DMAAbortOnError)
    UART_DMAAbortOnError                     0x08001ead   Thumb Code    20  stm32f1xx_hal_uart.o(i.UART_DMAAbortOnError)
    i.UART_EndRxTransfer                     0x08001ec0   Section        0  stm32f1xx_hal_uart.o(i.UART_EndRxTransfer)
    UART_EndRxTransfer                       0x08001ec1   Thumb Code    32  stm32f1xx_hal_uart.o(i.UART_EndRxTransfer)
    i.UART_EndTransmit_IT                    0x08001ee0   Section        0  stm32f1xx_hal_uart.o(i.UART_EndTransmit_IT)
    UART_EndTransmit_IT                      0x08001ee1   Thumb Code    32  stm32f1xx_hal_uart.o(i.UART_EndTransmit_IT)
    i.UART_Receive_IT                        0x08001f00   Section        0  stm32f1xx_hal_uart.o(i.UART_Receive_IT)
    UART_Receive_IT                          0x08001f01   Thumb Code   160  stm32f1xx_hal_uart.o(i.UART_Receive_IT)
    i.UART_SetConfig                         0x08001fa0   Section        0  stm32f1xx_hal_uart.o(i.UART_SetConfig)
    UART_SetConfig                           0x08001fa1   Thumb Code   248  stm32f1xx_hal_uart.o(i.UART_SetConfig)
    i.UART_Transmit_IT                       0x0800209c   Section        0  stm32f1xx_hal_uart.o(i.UART_Transmit_IT)
    UART_Transmit_IT                         0x0800209d   Thumb Code    96  stm32f1xx_hal_uart.o(i.UART_Transmit_IT)
    i.USART1_IRQHandler                      0x080020fc   Section        0  task_irq.o(i.USART1_IRQHandler)
    i.USART2_IRQHandler                      0x08002110   Section        0  task_irq.o(i.USART2_IRQHandler)
    i.USART3_IRQHandler                      0x08002112   Section        0  task_irq.o(i.USART3_IRQHandler)
    i.UsageFault_Handler                     0x08002114   Section        0  drv_hal.o(i.UsageFault_Handler)
    i.UserLogic_Code                         0x08002118   Section        0  usercode.o(i.UserLogic_Code)
    i.__0printf                              0x0800211c   Section        0  printfa.o(i.__0printf)
    i.__NVIC_GetPriorityGrouping             0x0800213c   Section        0  stm32f1xx_hal_cortex.o(i.__NVIC_GetPriorityGrouping)
    __NVIC_GetPriorityGrouping               0x0800213d   Thumb Code    10  stm32f1xx_hal_cortex.o(i.__NVIC_GetPriorityGrouping)
    i.__NVIC_SetPriority                     0x0800214c   Section        0  stm32f1xx_hal_cortex.o(i.__NVIC_SetPriority)
    __NVIC_SetPriority                       0x0800214d   Thumb Code    32  stm32f1xx_hal_cortex.o(i.__NVIC_SetPriority)
    i.__scatterload_copy                     0x08002174   Section       14  handlers.o(i.__scatterload_copy)
    i.__scatterload_null                     0x08002182   Section        2  handlers.o(i.__scatterload_null)
    i.__scatterload_zeroinit                 0x08002184   Section       14  handlers.o(i.__scatterload_zeroinit)
    i._fp_digits                             0x08002194   Section        0  printfa.o(i._fp_digits)
    _fp_digits                               0x08002195   Thumb Code   366  printfa.o(i._fp_digits)
    i._printf_core                           0x08002318   Section        0  printfa.o(i._printf_core)
    _printf_core                             0x08002319   Thumb Code  1744  printfa.o(i._printf_core)
    i._printf_post_padding                   0x080029f4   Section        0  printfa.o(i._printf_post_padding)
    _printf_post_padding                     0x080029f5   Thumb Code    36  printfa.o(i._printf_post_padding)
    i._printf_pre_padding                    0x08002a18   Section        0  printfa.o(i._printf_pre_padding)
    _printf_pre_padding                      0x08002a19   Thumb Code    46  printfa.o(i._printf_pre_padding)
    i.fputc                                  0x08002a48   Section        0  drv_hal.o(i.fputc)
    i.main                                   0x08002a7c   Section        0  main.o(i.main)
    i.malloc                                 0x08002a90   Section        0  malloc.o(i.malloc)
    .constdata                               0x08002afc   Section       24  system_stm32f1xx.o(.constdata)
    .data                                    0x20000000   Section      364  config.o(.data)
    .data                                    0x2000016c   Section        4  drv_hal.o(.data)
    .data                                    0x20000170   Section        9  stm32f1xx_hal.o(.data)
    .data                                    0x2000017c   Section        4  system_stm32f1xx.o(.data)
    .data                                    0x20000180   Section        4  mvars.o(.data)
    .data                                    0x20000184   Section        4  mvars.o(.data)
    HEAP                                     0x20000188   Section      512  startup_stm32f103xe.o(HEAP)
    STACK                                    0x20000388   Section     1024  startup_stm32f103xe.o(STACK)

    Global Symbols

    Symbol Name                              Value     Ov Type        Size  Object(Section)

    BuildAttributes$$THM_ISAv4$P$D$K$B$S$PE$A:L22UL41UL21$X:L11$S22US41US21$IEEE1$IW$USESV6$~STKCKD$USESV7$~SHL$OTIME$ROPI$EBA8$MICROLIB$REQ8$PRES8$EABIv2 0x00000000   Number         0  anon$$obj.o ABSOLUTE
    __ARM_use_no_argv                        0x00000000   Number         0  main.o ABSOLUTE
    __use_no_errno                           0x00000000   Number         0  useno.o ABSOLUTE
    __use_no_exception_handling              0x00000000   Number         0  useno.o ABSOLUTE
    __use_no_fp                              0x00000000   Number         0  useno.o ABSOLUTE
    __use_no_heap                            0x00000000   Number         0  useno.o ABSOLUTE
    __use_no_heap_region                     0x00000000   Number         0  useno.o ABSOLUTE
    __use_no_semihosting                     0x00000000   Number         0  useno.o ABSOLUTE
    __use_no_semihosting_swi                 0x00000000   Number         0  useno.o ABSOLUTE
    __use_no_signal_handling                 0x00000000   Number         0  useno.o ABSOLUTE
    _printf_a                                0x00000000   Number         0  stubs.o ABSOLUTE
    _printf_c                                0x00000000   Number         0  stubs.o ABSOLUTE
    _printf_charcount                        0x00000000   Number         0  stubs.o ABSOLUTE
    _printf_d                                0x00000000   Number         0  stubs.o ABSOLUTE
    _printf_e                                0x00000000   Number         0  stubs.o ABSOLUTE
    _printf_f                                0x00000000   Number         0  stubs.o ABSOLUTE
    _printf_flags                            0x00000000   Number         0  stubs.o ABSOLUTE
    _printf_fp_dec                           0x00000000   Number         0  stubs.o ABSOLUTE
    _printf_fp_hex                           0x00000000   Number         0  stubs.o ABSOLUTE
    _printf_g                                0x00000000   Number         0  stubs.o ABSOLUTE
    _printf_i                                0x00000000   Number         0  stubs.o ABSOLUTE
    _printf_int_dec                          0x00000000   Number         0  stubs.o ABSOLUTE
    _printf_l                                0x00000000   Number         0  stubs.o ABSOLUTE
    _printf_lc                               0x00000000   Number         0  stubs.o ABSOLUTE
    _printf_ll                               0x00000000   Number         0  stubs.o ABSOLUTE
    _printf_lld                              0x00000000   Number         0  stubs.o ABSOLUTE
    _printf_lli                              0x00000000   Number         0  stubs.o ABSOLUTE
    _printf_llo                              0x00000000   Number         0  stubs.o ABSOLUTE
    _printf_llu                              0x00000000   Number         0  stubs.o ABSOLUTE
    _printf_llx                              0x00000000   Number         0  stubs.o ABSOLUTE
    _printf_longlong_dec                     0x00000000   Number         0  stubs.o ABSOLUTE
    _printf_longlong_hex                     0x00000000   Number         0  stubs.o ABSOLUTE
    _printf_longlong_oct                     0x00000000   Number         0  stubs.o ABSOLUTE
    _printf_ls                               0x00000000   Number         0  stubs.o ABSOLUTE
    _printf_mbtowc                           0x00000000   Number         0  stubs.o ABSOLUTE
    _printf_n                                0x00000000   Number         0  stubs.o ABSOLUTE
    _printf_o                                0x00000000   Number         0  stubs.o ABSOLUTE
    _printf_p                                0x00000000   Number         0  stubs.o ABSOLUTE
    _printf_percent                          0x00000000   Number         0  stubs.o ABSOLUTE
    _printf_pre_padding                      0x00000000   Number         0  stubs.o ABSOLUTE
    _printf_return_value                     0x00000000   Number         0  stubs.o ABSOLUTE
    _printf_s                                0x00000000   Number         0  stubs.o ABSOLUTE
    _printf_sizespec                         0x00000000   Number         0  stubs.o ABSOLUTE
    _printf_str                              0x00000000   Number         0  stubs.o ABSOLUTE
    _printf_truncate_signed                  0x00000000   Number         0  stubs.o ABSOLUTE
    _printf_truncate_unsigned                0x00000000   Number         0  stubs.o ABSOLUTE
    _printf_u                                0x00000000   Number         0  stubs.o ABSOLUTE
    _printf_wc                               0x00000000   Number         0  stubs.o ABSOLUTE
    _printf_wctomb                           0x00000000   Number         0  stubs.o ABSOLUTE
    _printf_widthprec                        0x00000000   Number         0  stubs.o ABSOLUTE
    _printf_x                                0x00000000   Number         0  stubs.o ABSOLUTE
    __cpp_initialize__aeabi_                  - Undefined Weak Reference
    __cxa_finalize                            - Undefined Weak Reference
    _clock_init                               - Undefined Weak Reference
    _microlib_exit                            - Undefined Weak Reference
    __Vectors_Size                           0x00000130   Number         0  startup_stm32f103xe.o ABSOLUTE
    __Vectors                                0x08000000   Data           4  startup_stm32f103xe.o(RESET)
    __Vectors_End                            0x08000130   Data           0  startup_stm32f103xe.o(RESET)
    __main                                   0x08000131   Thumb Code     0  entry.o(.ARM.Collect$$$$00000000)
    _main_stk                                0x08000131   Thumb Code     0  entry2.o(.ARM.Collect$$$$00000001)
    _main_scatterload                        0x08000135   Thumb Code     0  entry5.o(.ARM.Collect$$$$00000004)
    __main_after_scatterload                 0x08000139   Thumb Code     0  entry5.o(.ARM.Collect$$$$00000004)
    _main_clock                              0x08000139   Thumb Code     0  entry7b.o(.ARM.Collect$$$$00000008)
    _main_cpp_init                           0x08000139   Thumb Code     0  entry8b.o(.ARM.Collect$$$$0000000A)
    _main_init                               0x08000139   Thumb Code     0  entry9a.o(.ARM.Collect$$$$0000000B)
    __rt_final_cpp                           0x08000141   Thumb Code     0  entry10a.o(.ARM.Collect$$$$0000000D)
    __rt_final_exit                          0x08000141   Thumb Code     0  entry11a.o(.ARM.Collect$$$$0000000F)
    Reset_Handler                            0x08000145   Thumb Code     8  startup_stm32f103xe.o(.text)
    ADC1_2_IRQHandler                        0x0800015f   Thumb Code     0  startup_stm32f103xe.o(.text)
    ADC3_IRQHandler                          0x0800015f   Thumb Code     0  startup_stm32f103xe.o(.text)
    CAN1_RX1_IRQHandler                      0x0800015f   Thumb Code     0  startup_stm32f103xe.o(.text)
    CAN1_SCE_IRQHandler                      0x0800015f   Thumb Code     0  startup_stm32f103xe.o(.text)
    DMA1_Channel1_IRQHandler                 0x0800015f   Thumb Code     0  startup_stm32f103xe.o(.text)
    DMA1_Channel2_IRQHandler                 0x0800015f   Thumb Code     0  startup_stm32f103xe.o(.text)
    DMA1_Channel3_IRQHandler                 0x0800015f   Thumb Code     0  startup_stm32f103xe.o(.text)
    DMA1_Channel4_IRQHandler                 0x0800015f   Thumb Code     0  startup_stm32f103xe.o(.text)
    DMA1_Channel5_IRQHandler                 0x0800015f   Thumb Code     0  startup_stm32f103xe.o(.text)
    DMA1_Channel6_IRQHandler                 0x0800015f   Thumb Code     0  startup_stm32f103xe.o(.text)
    DMA1_Channel7_IRQHandler                 0x0800015f   Thumb Code     0  startup_stm32f103xe.o(.text)
    DMA2_Channel1_IRQHandler                 0x0800015f   Thumb Code     0  startup_stm32f103xe.o(.text)
    DMA2_Channel2_IRQHandler                 0x0800015f   Thumb Code     0  startup_stm32f103xe.o(.text)
    DMA2_Channel3_IRQHandler                 0x0800015f   Thumb Code     0  startup_stm32f103xe.o(.text)
    DMA2_Channel4_5_IRQHandler               0x0800015f   Thumb Code     0  startup_stm32f103xe.o(.text)
    EXTI0_IRQHandler                         0x0800015f   Thumb Code     0  startup_stm32f103xe.o(.text)
    EXTI1_IRQHandler                         0x0800015f   Thumb Code     0  startup_stm32f103xe.o(.text)
    EXTI2_IRQHandler                         0x0800015f   Thumb Code     0  startup_stm32f103xe.o(.text)
    EXTI3_IRQHandler                         0x0800015f   Thumb Code     0  startup_stm32f103xe.o(.text)
    EXTI4_IRQHandler                         0x0800015f   Thumb Code     0  startup_stm32f103xe.o(.text)
    FLASH_IRQHandler                         0x0800015f   Thumb Code     0  startup_stm32f103xe.o(.text)
    FSMC_IRQHandler                          0x0800015f   Thumb Code     0  startup_stm32f103xe.o(.text)
    I2C1_ER_IRQHandler                       0x0800015f   Thumb Code     0  startup_stm32f103xe.o(.text)
    I2C1_EV_IRQHandler                       0x0800015f   Thumb Code     0  startup_stm32f103xe.o(.text)
    I2C2_ER_IRQHandler                       0x0800015f   Thumb Code     0  startup_stm32f103xe.o(.text)
    I2C2_EV_IRQHandler                       0x0800015f   Thumb Code     0  startup_stm32f103xe.o(.text)
    PVD_IRQHandler                           0x0800015f   Thumb Code     0  startup_stm32f103xe.o(.text)
    RCC_IRQHandler                           0x0800015f   Thumb Code     0  startup_stm32f103xe.o(.text)
    RTC_Alarm_IRQHandler                     0x0800015f   Thumb Code     0  startup_stm32f103xe.o(.text)
    RTC_IRQHandler                           0x0800015f   Thumb Code     0  startup_stm32f103xe.o(.text)
    SDIO_IRQHandler                          0x0800015f   Thumb Code     0  startup_stm32f103xe.o(.text)
    SPI1_IRQHandler                          0x0800015f   Thumb Code     0  startup_stm32f103xe.o(.text)
    SPI2_IRQHandler                          0x0800015f   Thumb Code     0  startup_stm32f103xe.o(.text)
    SPI3_IRQHandler                          0x0800015f   Thumb Code     0  startup_stm32f103xe.o(.text)
    TAMPER_IRQHandler                        0x0800015f   Thumb Code     0  startup_stm32f103xe.o(.text)
    TIM1_BRK_IRQHandler                      0x0800015f   Thumb Code     0  startup_stm32f103xe.o(.text)
    TIM1_CC_IRQHandler                       0x0800015f   Thumb Code     0  startup_stm32f103xe.o(.text)
    TIM1_TRG_COM_IRQHandler                  0x0800015f   Thumb Code     0  startup_stm32f103xe.o(.text)
    TIM1_UP_IRQHandler                       0x0800015f   Thumb Code     0  startup_stm32f103xe.o(.text)
    TIM8_BRK_IRQHandler                      0x0800015f   Thumb Code     0  startup_stm32f103xe.o(.text)
    TIM8_CC_IRQHandler                       0x0800015f   Thumb Code     0  startup_stm32f103xe.o(.text)
    TIM8_TRG_COM_IRQHandler                  0x0800015f   Thumb Code     0  startup_stm32f103xe.o(.text)
    TIM8_UP_IRQHandler                       0x0800015f   Thumb Code     0  startup_stm32f103xe.o(.text)
    USBWakeUp_IRQHandler                     0x0800015f   Thumb Code     0  startup_stm32f103xe.o(.text)
    USB_HP_CAN1_TX_IRQHandler                0x0800015f   Thumb Code     0  startup_stm32f103xe.o(.text)
    USB_LP_CAN1_RX0_IRQHandler               0x0800015f   Thumb Code     0  startup_stm32f103xe.o(.text)
    WWDG_IRQHandler                          0x0800015f   Thumb Code     0  startup_stm32f103xe.o(.text)
    __aeabi_llsr                             0x08000169   Thumb Code    32  llushr.o(.text)
    _ll_ushift_r                             0x08000169   Thumb Code     0  llushr.o(.text)
    __aeabi_memset                           0x08000189   Thumb Code    14  memseta.o(.text)
    __aeabi_memset4                          0x08000189   Thumb Code     0  memseta.o(.text)
    __aeabi_memset8                          0x08000189   Thumb Code     0  memseta.o(.text)
    __aeabi_memclr                           0x08000197   Thumb Code     4  memseta.o(.text)
    __aeabi_memclr4                          0x08000197   Thumb Code     0  memseta.o(.text)
    __aeabi_memclr8                          0x08000197   Thumb Code     0  memseta.o(.text)
    _memset$wrapper                          0x0800019b   Thumb Code    18  memseta.o(.text)
    __aeabi_dmul                             0x080001ad   Thumb Code   228  dmul.o(.text)
    __aeabi_uidiv                            0x08000291   Thumb Code     0  uidiv.o(.text)
    __aeabi_uidivmod                         0x08000291   Thumb Code    44  uidiv.o(.text)
    __aeabi_uldivmod                         0x080002bd   Thumb Code    98  uldiv.o(.text)
    __I$use$fp                               0x0800031f   Thumb Code     0  iusefp.o(.text)
    _double_round                            0x0800031f   Thumb Code    30  depilogue.o(.text)
    _double_epilogue                         0x0800033d   Thumb Code   156  depilogue.o(.text)
    __aeabi_dadd                             0x080003d9   Thumb Code   322  dadd.o(.text)
    __aeabi_dsub                             0x0800051b   Thumb Code     6  dadd.o(.text)
    __aeabi_drsub                            0x08000521   Thumb Code     6  dadd.o(.text)
    __aeabi_ddiv                             0x08000527   Thumb Code   222  ddiv.o(.text)
    __aeabi_d2ulz                            0x08000605   Thumb Code    48  dfixul.o(.text)
    __aeabi_cdrcmple                         0x08000635   Thumb Code    48  cdrcmple.o(.text)
    __scatterload                            0x08000665   Thumb Code    28  init.o(.text)
    __scatterload_rt2                        0x08000665   Thumb Code     0  init.o(.text)
    __aeabi_llsl                             0x08000689   Thumb Code    30  llshl.o(.text)
    _ll_shift_l                              0x08000689   Thumb Code     0  llshl.o(.text)
    __aeabi_lasr                             0x080006a7   Thumb Code    36  llsshr.o(.text)
    _ll_sshift_r                             0x080006a7   Thumb Code     0  llsshr.o(.text)
    __decompress                             0x080006cb   Thumb Code     0  __dczerorl2.o(.text)
    __decompress1                            0x080006cb   Thumb Code    86  __dczerorl2.o(.text)
    BusFault_Handler                         0x08000721   Thumb Code     4  drv_hal.o(i.BusFault_Handler)
    DebugMon_Handler                         0x08000725   Thumb Code     2  drv_hal.o(i.DebugMon_Handler)
    Drv_GPIO_Init                            0x08000729   Thumb Code    84  drv_hal_gpio.o(i.Drv_GPIO_Init)
    Drv_HAL_Error                            0x08000785   Thumb Code    24  drv_hal.o(i.Drv_HAL_Error)
    Drv_HAL_IncTick                          0x080007e1   Thumb Code    12  drv_hal.o(i.Drv_HAL_IncTick)
    Drv_HAL_Init                             0x080007ed   Thumb Code    12  drv_hal.o(i.Drv_HAL_Init)
    Drv_Uart_IRQHandler                      0x080007f9   Thumb Code    12  drv_hal_uart.o(i.Drv_Uart_IRQHandler)
    Drv_Uart_ITInit                          0x08000805   Thumb Code    56  drv_hal_uart.o(i.Drv_Uart_ITInit)
    EXTI15_10_IRQHandler                     0x0800083d   Thumb Code     8  task_irq.o(i.EXTI15_10_IRQHandler)
    EXTI9_5_IRQHandler                       0x08000845   Thumb Code     8  task_irq.o(i.EXTI9_5_IRQHandler)
    HAL_DMA_Abort_IT                         0x0800084d   Thumb Code   414  stm32f1xx_hal_dma.o(i.HAL_DMA_Abort_IT)
    HAL_GPIO_Init                            0x080009f5   Thumb Code   792  stm32f1xx_hal_gpio.o(i.HAL_GPIO_Init)
    HAL_GetTick                              0x08000d35   Thumb Code     6  stm32f1xx_hal.o(i.HAL_GetTick)
    HAL_IncTick                              0x08000d41   Thumb Code    16  stm32f1xx_hal.o(i.HAL_IncTick)
    HAL_Init                                 0x08000d59   Thumb Code    34  stm32f1xx_hal.o(i.HAL_Init)
    HAL_InitTick                             0x08000d81   Thumb Code    64  stm32f1xx_hal.o(i.HAL_InitTick)
    HAL_MspInit                              0x08000dcd   Thumb Code   158  drv_hal.o(i.HAL_MspInit)
    HAL_NVIC_EnableIRQ                       0x08000e75   Thumb Code    32  stm32f1xx_hal_cortex.o(i.HAL_NVIC_EnableIRQ)
    HAL_NVIC_SetPriority                     0x08000e95   Thumb Code   124  stm32f1xx_hal_cortex.o(i.HAL_NVIC_SetPriority)
    HAL_NVIC_SetPriorityGrouping             0x08000f11   Thumb Code    32  stm32f1xx_hal_cortex.o(i.HAL_NVIC_SetPriorityGrouping)
    HAL_RCC_ClockConfig                      0x08000f39   Thumb Code   376  stm32f1xx_hal_rcc.o(i.HAL_RCC_ClockConfig)
    HAL_RCC_GetHCLKFreq                      0x080010c5   Thumb Code     6  stm32f1xx_hal_rcc.o(i.HAL_RCC_GetHCLKFreq)
    HAL_RCC_GetPCLK1Freq                     0x080010d1   Thumb Code    22  stm32f1xx_hal_rcc.o(i.HAL_RCC_GetPCLK1Freq)
    HAL_RCC_GetPCLK2Freq                     0x080010f1   Thumb Code    22  stm32f1xx_hal_rcc.o(i.HAL_RCC_GetPCLK2Freq)
    HAL_RCC_GetSysClockFreq                  0x08001111   Thumb Code   116  stm32f1xx_hal_rcc.o(i.HAL_RCC_GetSysClockFreq)
    HAL_RCC_OscConfig                        0x080011a5   Thumb Code  1114  stm32f1xx_hal_rcc.o(i.HAL_RCC_OscConfig)
    HAL_SYSTICK_Callback                     0x08001609   Thumb Code     2  stm32f1xx_hal_cortex.o(i.HAL_SYSTICK_Callback)
    HAL_SYSTICK_Config                       0x0800160b   Thumb Code    52  stm32f1xx_hal_cortex.o(i.HAL_SYSTICK_Config)
    HAL_SYSTICK_IRQHandler                   0x0800163f   Thumb Code     8  stm32f1xx_hal_cortex.o(i.HAL_SYSTICK_IRQHandler)
    HAL_UART_ErrorCallback                   0x08001647   Thumb Code     2  stm32f1xx_hal_uart.o(i.HAL_UART_ErrorCallback)
    HAL_UART_IRQHandler                      0x08001649   Thumb Code   334  stm32f1xx_hal_uart.o(i.HAL_UART_IRQHandler)
    HAL_UART_Init                            0x0800179d   Thumb Code   114  stm32f1xx_hal_uart.o(i.HAL_UART_Init)
    HAL_UART_MspInit                         0x0800180f   Thumb Code     2  stm32f1xx_hal_uart.o(i.HAL_UART_MspInit)
    HAL_UART_Receive_IT                      0x08001811   Thumb Code   112  stm32f1xx_hal_uart.o(i.HAL_UART_Receive_IT)
    HAL_UART_RxCpltCallback                  0x08001881   Thumb Code   114  task_irq.o(i.HAL_UART_RxCpltCallback)
    HAL_UART_TxCpltCallback                  0x080018fd   Thumb Code     2  stm32f1xx_hal_uart.o(i.HAL_UART_TxCpltCallback)
    HardFault_Handler                        0x080018ff   Thumb Code     4  drv_hal.o(i.HardFault_Handler)
    MemManage_Handler                        0x08001903   Thumb Code     4  drv_hal.o(i.MemManage_Handler)
    NMI_Handler                              0x08001907   Thumb Code     4  drv_hal.o(i.NMI_Handler)
    PendSV_Handler                           0x0800190b   Thumb Code     2  drv_hal.o(i.PendSV_Handler)
    SVC_Handler                              0x08001935   Thumb Code     2  drv_hal.o(i.SVC_Handler)
    SysTick_Handler                          0x08001e69   Thumb Code     8  drv_hal.o(i.SysTick_Handler)
    SystemInit                               0x08001e71   Thumb Code     2  system_stm32f1xx.o(i.SystemInit)
    TIM2_IRQHandler                          0x08001e73   Thumb Code     2  task_irq.o(i.TIM2_IRQHandler)
    TIM3_IRQHandler                          0x08001e75   Thumb Code     2  task_irq.o(i.TIM3_IRQHandler)
    TIM4_IRQHandler                          0x08001e77   Thumb Code     2  task_irq.o(i.TIM4_IRQHandler)
    TIM5_IRQHandler                          0x08001e79   Thumb Code     2  task_irq.o(i.TIM5_IRQHandler)
    TIM6_IRQHandler                          0x08001e7b   Thumb Code     2  task_irq.o(i.TIM6_IRQHandler)
    TIM7_IRQHandler                          0x08001e7d   Thumb Code     2  task_irq.o(i.TIM7_IRQHandler)
    Task_EXTI15_10_IRQHandler                0x08001e7f   Thumb Code     2  task_irq.o(i.Task_EXTI15_10_IRQHandler)
    Task_EXTI9_5_IRQHandler                  0x08001e81   Thumb Code     2  task_irq.o(i.Task_EXTI9_5_IRQHandler)
    Task_Sys_Init                            0x08001e83   Thumb Code     8  task_sysinit.o(i.Task_Sys_Init)
    Task_USART1_IRQHandler                   0x08001e8b   Thumb Code     2  task_irq.o(i.Task_USART1_IRQHandler)
    Task_UserInit                            0x08001e8d   Thumb Code    18  task_userinit.o(i.Task_UserInit)
    UART4_IRQHandler                         0x08001ea9   Thumb Code     2  task_irq.o(i.UART4_IRQHandler)
    UART5_IRQHandler                         0x08001eab   Thumb Code     2  task_irq.o(i.UART5_IRQHandler)
    USART1_IRQHandler                        0x080020fd   Thumb Code    14  task_irq.o(i.USART1_IRQHandler)
    USART2_IRQHandler                        0x08002111   Thumb Code     2  task_irq.o(i.USART2_IRQHandler)
    USART3_IRQHandler                        0x08002113   Thumb Code     2  task_irq.o(i.USART3_IRQHandler)
    UsageFault_Handler                       0x08002115   Thumb Code     4  drv_hal.o(i.UsageFault_Handler)
    UserLogic_Code                           0x08002119   Thumb Code     4  usercode.o(i.UserLogic_Code)
    __0printf                                0x0800211d   Thumb Code    22  printfa.o(i.__0printf)
    __1printf                                0x0800211d   Thumb Code     0  printfa.o(i.__0printf)
    __2printf                                0x0800211d   Thumb Code     0  printfa.o(i.__0printf)
    __c89printf                              0x0800211d   Thumb Code     0  printfa.o(i.__0printf)
    printf                                   0x0800211d   Thumb Code     0  printfa.o(i.__0printf)
    __scatterload_copy                       0x08002175   Thumb Code    14  handlers.o(i.__scatterload_copy)
    __scatterload_null                       0x08002183   Thumb Code     2  handlers.o(i.__scatterload_null)
    __scatterload_zeroinit                   0x08002185   Thumb Code    14  handlers.o(i.__scatterload_zeroinit)
    fputc                                    0x08002a49   Thumb Code    48  drv_hal.o(i.fputc)
    main                                     0x08002a7d   Thumb Code    18  main.o(i.main)
    malloc                                   0x08002a91   Thumb Code    92  malloc.o(i.malloc)
    AHBPrescTable                            0x08002afc   Data          16  system_stm32f1xx.o(.constdata)
    APBPrescTable                            0x08002b0c   Data           8  system_stm32f1xx.o(.constdata)
    Region$$Table$$Base                      0x08002b14   Number         0  anon$$obj.o(Region$$Table)
    Region$$Table$$Limit                     0x08002b34   Number         0  anon$$obj.o(Region$$Table)
    demoGPIO                                 0x20000000   Data          72  config.o(.data)
    demoUart                                 0x20000048   Data         292  config.o(.data)
    __stdout                                 0x2000016c   Data           4  drv_hal.o(.data)
    uwTick                                   0x20000170   Data           4  stm32f1xx_hal.o(.data)
    uwTickPrio                               0x20000174   Data           4  stm32f1xx_hal.o(.data)
    uwTickFreq                               0x20000178   Data           1  stm32f1xx_hal.o(.data)
    SystemCoreClock                          0x2000017c   Data           4  system_stm32f1xx.o(.data)
    __microlib_freelist                      0x20000180   Data           4  mvars.o(.data)
    __microlib_freelist_initialised          0x20000184   Data           4  mvars.o(.data)
    __heap_base                              0x20000188   Data           0  startup_stm32f103xe.o(HEAP)
    __heap_limit                             0x20000388   Data           0  startup_stm32f103xe.o(HEAP)
    __initial_sp                             0x20000788   Data           0  startup_stm32f103xe.o(STACK)



==============================================================================

Memory Map of the image

  Image Entry point : 0x08000131

  Load Region LR_IROM1 (Base: 0x08000000, Size: 0x00002cbc, Max: 0x00040000, ABSOLUTE, COMPRESSED[0x00002b88])

    Execution Region ER_IROM1 (Exec base: 0x08000000, Load base: 0x08000000, Size: 0x00002b34, Max: 0x00040000, ABSOLUTE)

    Exec Addr    Load Addr    Size         Type   Attr      Idx    E Section Name        Object

    0x08000000   0x08000000   0x00000130   Data   RO         6264    RESET               startup_stm32f103xe.o
    0x08000130   0x08000130   0x00000000   Code   RO         6269  * .ARM.Collect$$$$00000000  mc_w.l(entry.o)
    0x08000130   0x08000130   0x00000004   Code   RO         6595    .ARM.Collect$$$$00000001  mc_w.l(entry2.o)
    0x08000134   0x08000134   0x00000004   Code   RO         6598    .ARM.Collect$$$$00000004  mc_w.l(entry5.o)
    0x08000138   0x08000138   0x00000000   Code   RO         6600    .ARM.Collect$$$$00000008  mc_w.l(entry7b.o)
    0x08000138   0x08000138   0x00000000   Code   RO         6602    .ARM.Collect$$$$0000000A  mc_w.l(entry8b.o)
    0x08000138   0x08000138   0x00000008   Code   RO         6603    .ARM.Collect$$$$0000000B  mc_w.l(entry9a.o)
    0x08000140   0x08000140   0x00000000   Code   RO         6605    .ARM.Collect$$$$0000000D  mc_w.l(entry10a.o)
    0x08000140   0x08000140   0x00000000   Code   RO         6607    .ARM.Collect$$$$0000000F  mc_w.l(entry11a.o)
    0x08000140   0x08000140   0x00000004   Code   RO         6596    .ARM.Collect$$$$00002712  mc_w.l(entry2.o)
    0x08000144   0x08000144   0x00000024   Code   RO         6265    .text               startup_stm32f103xe.o
    0x08000168   0x08000168   0x00000020   Code   RO         6272    .text               mc_w.l(llushr.o)
    0x08000188   0x08000188   0x00000024   Code   RO         6276    .text               mc_w.l(memseta.o)
    0x080001ac   0x080001ac   0x000000e4   Code   RO         6579    .text               mf_w.l(dmul.o)
    0x08000290   0x08000290   0x0000002c   Code   RO         6609    .text               mc_w.l(uidiv.o)
    0x080002bc   0x080002bc   0x00000062   Code   RO         6611    .text               mc_w.l(uldiv.o)
    0x0800031e   0x0800031e   0x00000000   Code   RO         6615    .text               mc_w.l(iusefp.o)
    0x0800031e   0x0800031e   0x000000ba   Code   RO         6618    .text               mf_w.l(depilogue.o)
    0x080003d8   0x080003d8   0x0000014e   Code   RO         6620    .text               mf_w.l(dadd.o)
    0x08000526   0x08000526   0x000000de   Code   RO         6622    .text               mf_w.l(ddiv.o)
    0x08000604   0x08000604   0x00000030   Code   RO         6624    .text               mf_w.l(dfixul.o)
    0x08000634   0x08000634   0x00000030   Code   RO         6626    .text               mf_w.l(cdrcmple.o)
    0x08000664   0x08000664   0x00000024   Code   RO         6628    .text               mc_w.l(init.o)
    0x08000688   0x08000688   0x0000001e   Code   RO         6630    .text               mc_w.l(llshl.o)
    0x080006a6   0x080006a6   0x00000024   Code   RO         6632    .text               mc_w.l(llsshr.o)
    0x080006ca   0x080006ca   0x00000056   Code   RO         6642    .text               mc_w.l(__dczerorl2.o)
    0x08000720   0x08000720   0x00000004   Code   RO         1778    i.BusFault_Handler  drv_hal.o
    0x08000724   0x08000724   0x00000002   Code   RO         1779    i.DebugMon_Handler  drv_hal.o
    0x08000726   0x08000726   0x00000002   PAD
    0x08000728   0x08000728   0x0000005c   Code   RO         2017    i.Drv_GPIO_Init     drv_hal_gpio.o
    0x08000784   0x08000784   0x0000005c   Code   RO         1780    i.Drv_HAL_Error     drv_hal.o
    0x080007e0   0x080007e0   0x0000000c   Code   RO         1781    i.Drv_HAL_IncTick   drv_hal.o
    0x080007ec   0x080007ec   0x0000000c   Code   RO         1782    i.Drv_HAL_Init      drv_hal.o
    0x080007f8   0x080007f8   0x0000000c   Code   RO         2436    i.Drv_Uart_IRQHandler  drv_hal_uart.o
    0x08000804   0x08000804   0x00000038   Code   RO         2437    i.Drv_Uart_ITInit   drv_hal_uart.o
    0x0800083c   0x0800083c   0x00000008   Code   RO          292    i.EXTI15_10_IRQHandler  task_irq.o
    0x08000844   0x08000844   0x00000008   Code   RO          293    i.EXTI9_5_IRQHandler  task_irq.o
    0x0800084c   0x0800084c   0x000001a8   Code   RO         3215    i.HAL_DMA_Abort_IT  stm32f1xx_hal_dma.o
    0x080009f4   0x080009f4   0x00000340   Code   RO         3610    i.HAL_GPIO_Init     stm32f1xx_hal_gpio.o
    0x08000d34   0x08000d34   0x0000000c   Code   RO         2562    i.HAL_GetTick       stm32f1xx_hal.o
    0x08000d40   0x08000d40   0x00000018   Code   RO         2568    i.HAL_IncTick       stm32f1xx_hal.o
    0x08000d58   0x08000d58   0x00000028   Code   RO         2569    i.HAL_Init          stm32f1xx_hal.o
    0x08000d80   0x08000d80   0x0000004c   Code   RO         2570    i.HAL_InitTick      stm32f1xx_hal.o
    0x08000dcc   0x08000dcc   0x000000a8   Code   RO         1788    i.HAL_MspInit       drv_hal.o
    0x08000e74   0x08000e74   0x00000020   Code   RO         3039    i.HAL_NVIC_EnableIRQ  stm32f1xx_hal_cortex.o
    0x08000e94   0x08000e94   0x0000007c   Code   RO         3045    i.HAL_NVIC_SetPriority  stm32f1xx_hal_cortex.o
    0x08000f10   0x08000f10   0x00000028   Code   RO         3046    i.HAL_NVIC_SetPriorityGrouping  stm32f1xx_hal_cortex.o
    0x08000f38   0x08000f38   0x0000018c   Code   RO         4045    i.HAL_RCC_ClockConfig  stm32f1xx_hal_rcc.o
    0x080010c4   0x080010c4   0x0000000c   Code   RO         4050    i.HAL_RCC_GetHCLKFreq  stm32f1xx_hal_rcc.o
    0x080010d0   0x080010d0   0x00000020   Code   RO         4052    i.HAL_RCC_GetPCLK1Freq  stm32f1xx_hal_rcc.o
    0x080010f0   0x080010f0   0x00000020   Code   RO         4053    i.HAL_RCC_GetPCLK2Freq  stm32f1xx_hal_rcc.o
    0x08001110   0x08001110   0x00000094   Code   RO         4054    i.HAL_RCC_GetSysClockFreq  stm32f1xx_hal_rcc.o
    0x080011a4   0x080011a4   0x00000464   Code   RO         4057    i.HAL_RCC_OscConfig  stm32f1xx_hal_rcc.o
    0x08001608   0x08001608   0x00000002   Code   RO         3049    i.HAL_SYSTICK_Callback  stm32f1xx_hal_cortex.o
    0x0800160a   0x0800160a   0x00000034   Code   RO         3050    i.HAL_SYSTICK_Config  stm32f1xx_hal_cortex.o
    0x0800163e   0x0800163e   0x00000008   Code   RO         3051    i.HAL_SYSTICK_IRQHandler  stm32f1xx_hal_cortex.o
    0x08001646   0x08001646   0x00000002   Code   RO         5604    i.HAL_UART_ErrorCallback  stm32f1xx_hal_uart.o
    0x08001648   0x08001648   0x00000154   Code   RO         5607    i.HAL_UART_IRQHandler  stm32f1xx_hal_uart.o
    0x0800179c   0x0800179c   0x00000072   Code   RO         5608    i.HAL_UART_Init     stm32f1xx_hal_uart.o
    0x0800180e   0x0800180e   0x00000002   Code   RO         5610    i.HAL_UART_MspInit  stm32f1xx_hal_uart.o
    0x08001810   0x08001810   0x00000070   Code   RO         5613    i.HAL_UART_Receive_IT  stm32f1xx_hal_uart.o
    0x08001880   0x08001880   0x0000007c   Code   RO          294    i.HAL_UART_RxCpltCallback  task_irq.o
    0x080018fc   0x080018fc   0x00000002   Code   RO         5619    i.HAL_UART_TxCpltCallback  stm32f1xx_hal_uart.o
    0x080018fe   0x080018fe   0x00000004   Code   RO         1789    i.HardFault_Handler  drv_hal.o
    0x08001902   0x08001902   0x00000004   Code   RO         1790    i.MemManage_Handler  drv_hal.o
    0x08001906   0x08001906   0x00000004   Code   RO         1791    i.NMI_Handler       drv_hal.o
    0x0800190a   0x0800190a   0x00000002   Code   RO         1792    i.PendSV_Handler    drv_hal.o
    0x0800190c   0x0800190c   0x00000028   Code   RO         4058    i.RCC_Delay         stm32f1xx_hal_rcc.o
    0x08001934   0x08001934   0x00000002   Code   RO         1793    i.SVC_Handler       drv_hal.o
    0x08001936   0x08001936   0x00000002   PAD
    0x08001938   0x08001938   0x000000d0   Code   RO         2024    i.S_GPIO_CLKEnable  drv_hal_gpio.o
    0x08001a08   0x08001a08   0x000000c6   Code   RO         2026    i.S_GPIO_NVICParamConfig  drv_hal_gpio.o
    0x08001ace   0x08001ace   0x0000000e   Code   RO         2027    i.S_GPIO_ParamConfig  drv_hal_gpio.o
    0x08001adc   0x08001adc   0x00000066   Code   RO         1794    i.S_HAL_CLKConfig   drv_hal.o
    0x08001b42   0x08001b42   0x00000002   PAD
    0x08001b44   0x08001b44   0x000000d0   Code   RO         2443    i.S_UART_CLKEnable  drv_hal_uart.o
    0x08001c14   0x08001c14   0x00000168   Code   RO         2445    i.S_UART_GPIOConfig  drv_hal_uart.o
    0x08001d7c   0x08001d7c   0x00000002   Code   RO         2446    i.S_Uart_CLKConfig  drv_hal_uart.o
    0x08001d7e   0x08001d7e   0x00000002   PAD
    0x08001d80   0x08001d80   0x000000b0   Code   RO         2449    i.S_Uart_NVICConfig  drv_hal_uart.o
    0x08001e30   0x08001e30   0x00000038   Code   RO         2450    i.S_Uart_ParamConfig  drv_hal_uart.o
    0x08001e68   0x08001e68   0x00000008   Code   RO         1795    i.SysTick_Handler   drv_hal.o
    0x08001e70   0x08001e70   0x00000002   Code   RO         6229    i.SystemInit        system_stm32f1xx.o
    0x08001e72   0x08001e72   0x00000002   Code   RO          295    i.TIM2_IRQHandler   task_irq.o
    0x08001e74   0x08001e74   0x00000002   Code   RO          296    i.TIM3_IRQHandler   task_irq.o
    0x08001e76   0x08001e76   0x00000002   Code   RO          297    i.TIM4_IRQHandler   task_irq.o
    0x08001e78   0x08001e78   0x00000002   Code   RO          298    i.TIM5_IRQHandler   task_irq.o
    0x08001e7a   0x08001e7a   0x00000002   Code   RO          299    i.TIM6_IRQHandler   task_irq.o
    0x08001e7c   0x08001e7c   0x00000002   Code   RO          300    i.TIM7_IRQHandler   task_irq.o
    0x08001e7e   0x08001e7e   0x00000002   Code   RO          301    i.Task_EXTI15_10_IRQHandler  task_irq.o
    0x08001e80   0x08001e80   0x00000002   Code   RO          302    i.Task_EXTI9_5_IRQHandler  task_irq.o
    0x08001e82   0x08001e82   0x00000008   Code   RO          418    i.Task_Sys_Init     task_sysinit.o
    0x08001e8a   0x08001e8a   0x00000002   Code   RO          303    i.Task_USART1_IRQHandler  task_irq.o
    0x08001e8c   0x08001e8c   0x0000001c   Code   RO          442    i.Task_UserInit     task_userinit.o
    0x08001ea8   0x08001ea8   0x00000002   Code   RO          305    i.UART4_IRQHandler  task_irq.o
    0x08001eaa   0x08001eaa   0x00000002   Code   RO          306    i.UART5_IRQHandler  task_irq.o
    0x08001eac   0x08001eac   0x00000014   Code   RO         5621    i.UART_DMAAbortOnError  stm32f1xx_hal_uart.o
    0x08001ec0   0x08001ec0   0x00000020   Code   RO         5631    i.UART_EndRxTransfer  stm32f1xx_hal_uart.o
    0x08001ee0   0x08001ee0   0x00000020   Code   RO         5632    i.UART_EndTransmit_IT  stm32f1xx_hal_uart.o
    0x08001f00   0x08001f00   0x000000a0   Code   RO         5634    i.UART_Receive_IT   stm32f1xx_hal_uart.o
    0x08001fa0   0x08001fa0   0x000000fc   Code   RO         5635    i.UART_SetConfig    stm32f1xx_hal_uart.o
    0x0800209c   0x0800209c   0x00000060   Code   RO         5636    i.UART_Transmit_IT  stm32f1xx_hal_uart.o
    0x080020fc   0x080020fc   0x00000014   Code   RO          307    i.USART1_IRQHandler  task_irq.o
    0x08002110   0x08002110   0x00000002   Code   RO          308    i.USART2_IRQHandler  task_irq.o
    0x08002112   0x08002112   0x00000002   Code   RO          309    i.USART3_IRQHandler  task_irq.o
    0x08002114   0x08002114   0x00000004   Code   RO         1796    i.UsageFault_Handler  drv_hal.o
    0x08002118   0x08002118   0x00000004   Code   RO          198    i.UserLogic_Code    usercode.o
    0x0800211c   0x0800211c   0x00000020   Code   RO         6519    i.__0printf         mc_w.l(printfa.o)
    0x0800213c   0x0800213c   0x00000010   Code   RO         3052    i.__NVIC_GetPriorityGrouping  stm32f1xx_hal_cortex.o
    0x0800214c   0x0800214c   0x00000028   Code   RO         3053    i.__NVIC_SetPriority  stm32f1xx_hal_cortex.o
    0x08002174   0x08002174   0x0000000e   Code   RO         6636    i.__scatterload_copy  mc_w.l(handlers.o)
    0x08002182   0x08002182   0x00000002   Code   RO         6637    i.__scatterload_null  mc_w.l(handlers.o)
    0x08002184   0x08002184   0x0000000e   Code   RO         6638    i.__scatterload_zeroinit  mc_w.l(handlers.o)
    0x08002192   0x08002192   0x00000002   PAD
    0x08002194   0x08002194   0x00000184   Code   RO         6526    i._fp_digits        mc_w.l(printfa.o)
    0x08002318   0x08002318   0x000006dc   Code   RO         6527    i._printf_core      mc_w.l(printfa.o)
    0x080029f4   0x080029f4   0x00000024   Code   RO         6528    i._printf_post_padding  mc_w.l(printfa.o)
    0x08002a18   0x08002a18   0x0000002e   Code   RO         6529    i._printf_pre_padding  mc_w.l(printfa.o)
    0x08002a46   0x08002a46   0x00000002   PAD
    0x08002a48   0x08002a48   0x00000034   Code   RO         1798    i.fputc             drv_hal.o
    0x08002a7c   0x08002a7c   0x00000012   Code   RO            4    i.main              main.o
    0x08002a8e   0x08002a8e   0x00000002   PAD
    0x08002a90   0x08002a90   0x0000006c   Code   RO         6548    i.malloc            mc_w.l(malloc.o)
    0x08002afc   0x08002afc   0x00000018   Data   RO         6230    .constdata          system_stm32f1xx.o
    0x08002b14   0x08002b14   0x00000020   Data   RO         6634    Region$$Table       anon$$obj.o


    Execution Region RW_IRAM1 (Exec base: 0x20000000, Load base: 0x08002b34, Size: 0x00000788, Max: 0x0000c000, ABSOLUTE, COMPRESSED[0x00000054])

    Exec Addr    Load Addr    Size         Type   Attr      Idx    E Section Name        Object

    0x20000000   COMPRESSED   0x0000016c   Data   RW          247    .data               config.o
    0x2000016c   COMPRESSED   0x00000004   Data   RW         1800    .data               drv_hal.o
    0x20000170   COMPRESSED   0x00000009   Data   RW         2576    .data               stm32f1xx_hal.o
    0x20000179   COMPRESSED   0x00000003   PAD
    0x2000017c   COMPRESSED   0x00000004   Data   RW         6231    .data               system_stm32f1xx.o
    0x20000180   COMPRESSED   0x00000004   Data   RW         6613    .data               mc_w.l(mvars.o)
    0x20000184   COMPRESSED   0x00000004   Data   RW         6614    .data               mc_w.l(mvars.o)
    0x20000188        -       0x00000200   Zero   RW         6263    HEAP                startup_stm32f103xe.o
    0x20000388        -       0x00000400   Zero   RW         6262    STACK               startup_stm32f103xe.o


==============================================================================

Image component sizes


      Code (inc. data)   RO Data    RW Data    ZI Data      Debug   Object Name

         0          0          0        364          0        680   config.o
       472         82          0          4          0       9199   drv_hal.o
       512         32          0          0          0       2812   drv_hal_gpio.o
       870        102          0          0          0       4760   drv_hal_uart.o
        18          0          0          0          0     456215   main.o
        36          8        304          0       1536        908   startup_stm32f103xe.o
       152         32          0          9          0       6281   stm32f1xx_hal.o
       314         22          0          0          0      30795   stm32f1xx_hal_cortex.o
       424         10          0          0          0       1427   stm32f1xx_hal_dma.o
       832         40          0          0          0       2268   stm32f1xx_hal_gpio.o
      1784        110          0          0          0       6404   stm32f1xx_hal_rcc.o
      1164         10          0          0          0       8782   stm32f1xx_hal_uart.o
         2          0         24          4          0       1551   system_stm32f1xx.o
       186         16          0          0          0       8279   task_irq.o
         8          0          0          0          0        476   task_sysinit.o
        28         10          0          0          0        484   task_userinit.o
         4          0          0          0          0        445   usercode.o

    ----------------------------------------------------------------------
      6816        474        360        384       1536     541766   Object Totals
         0          0         32          0          0          0   (incl. Generated)
        10          0          0          3          0          0   (incl. Padding)

    ----------------------------------------------------------------------

      Code (inc. data)   RO Data    RW Data    ZI Data      Debug   Library Member Name

        86          0          0          0          0          0   __dczerorl2.o
         0          0          0          0          0          0   entry.o
         0          0          0          0          0          0   entry10a.o
         0          0          0          0          0          0   entry11a.o
         8          4          0          0          0          0   entry2.o
         4          0          0          0          0          0   entry5.o
         0          0          0          0          0          0   entry7b.o
         0          0          0          0          0          0   entry8b.o
         8          4          0          0          0          0   entry9a.o
        30          0          0          0          0          0   handlers.o
        36          8          0          0          0         68   init.o
         0          0          0          0          0          0   iusefp.o
        30          0          0          0          0         68   llshl.o
        36          0          0          0          0         68   llsshr.o
        32          0          0          0          0         68   llushr.o
       108         16          0          0          0         84   malloc.o
        36          0          0          0          0        108   memseta.o
         0          0          0          8          0          0   mvars.o
      2258         90          0          0          0        452   printfa.o
        44          0          0          0          0         80   uidiv.o
        98          0          0          0          0         92   uldiv.o
        48          0          0          0          0         68   cdrcmple.o
       334          0          0          0          0        148   dadd.o
       222          0          0          0          0        100   ddiv.o
       186          0          0          0          0        176   depilogue.o
        48          0          0          0          0         68   dfixul.o
       228          0          0          0          0         96   dmul.o

    ----------------------------------------------------------------------
      3884        122          0          8          0       1744   Library Totals
         4          0          0          0          0          0   (incl. Padding)

    ----------------------------------------------------------------------

      Code (inc. data)   RO Data    RW Data    ZI Data      Debug   Library Name

      2814        122          0          8          0       1088   mc_w.l
      1066          0          0          0          0        656   mf_w.l

    ----------------------------------------------------------------------
      3884        122          0          8          0       1744   Library Totals

    ----------------------------------------------------------------------

==============================================================================


      Code (inc. data)   RO Data    RW Data    ZI Data      Debug   

     10700        596        360        392       1536     538802   Grand Totals
     10700        596        360         84       1536     538802   ELF Image Totals (compressed)
     10700        596        360         84          0          0   ROM Totals

==============================================================================

    Total RO  Size (Code + RO Data)                11060 (  10.80kB)
    Total RW  Size (RW Data + ZI Data)              1928 (   1.88kB)
    Total ROM Size (Code + RO Data + RW Data)      11144 (  10.88kB)

==============================================================================

