Component: ARM Compiler 5.06 update 6 (build 750) Tool: armlink [4d35ed]

==============================================================================

Section Cross References

    main.o(i.main) refers to task_sysinit.o(i.Task_Sys_Init) for Task_Sys_Init
    main.o(i.main) refers to task_userinit.o(i.Task_UserInit) for Task_UserInit
    main.o(i.main) refers to usercode.o(i.UserLogic_Code) for UserLogic_Code
    usercode.o(i.UserLogic_Code) refers to printfa.o(i.__0printf) for __2printf
    usercode.o(i.UserLogic_Code) refers to memseta.o(.text) for __aeabi_memclr
    usercode.o(i.UserLogic_Code) refers to drv_hal_uart.o(i.Drv_Uart_Receive_IT) for Drv_Uart_Receive_IT
    usercode.o(i.UserLogic_Code) refers to usercode.o(.bss) for buffer
    usercode.o(i.UserLogic_Code) refers to config.o(.data) for demoUart
    usercode.o(i.UserLogic_Code) refers to usercode.o(.data) for num
    task_irq.o(i.DMA2_Stream2_IRQHandler) refers to stm32f4xx_hal_dma.o(i.HAL_DMA_IRQHandler) for HAL_DMA_IRQHandler
    task_irq.o(i.DMA2_Stream2_IRQHandler) refers to config.o(.data) for demoUart
    task_irq.o(i.HAL_UART_RxCpltCallback) refers to drv_hal_uart.o(i.Drv_Uart_IT_RxHandler) for Drv_Uart_IT_RxHandler
    task_irq.o(i.HAL_UART_RxCpltCallback) refers to config.o(.data) for demoUart
    task_irq.o(i.USART1_IRQHandler) refers to drv_hal_uart.o(i.Drv_Uart_IRQHandler) for Drv_Uart_IRQHandler
    task_irq.o(i.USART1_IRQHandler) refers to config.o(.data) for demoUart
    task_sysinit.o(i.Task_Sys_Init) refers to drv_hal.o(i.Drv_HAL_Init) for Drv_HAL_Init
    task_userinit.o(i.Task_UserInit) refers to drv_hal_gpio.o(i.Drv_GPIO_Init) for Drv_GPIO_Init
    task_userinit.o(i.Task_UserInit) refers to drv_hal_uart.o(i.Drv_Uart_ITInit) for Drv_Uart_ITInit
    task_userinit.o(i.Task_UserInit) refers to config.o(.data) for demoGPIO
    ocd_ads1256.o(i.OCD_ADS1256_Check) refers to drv_hal_gpio.o(i.Drv_GPIO_Read) for Drv_GPIO_Read
    ocd_ads1256.o(i.OCD_ADS1256_Check) refers to drv_hal_spi.o(i.Drv_SPI_TransmitReceive) for Drv_SPI_TransmitReceive
    ocd_ads1256.o(i.OCD_ADS1256_Check) refers to ocd_ads1256.o(i.S_ADS1256_DelayUs) for S_ADS1256_DelayUs
    ocd_ads1256.o(i.OCD_ADS1256_Init) refers to ocd_ads1256.o(i.S_ADS1256_DRDY_Init) for S_ADS1256_DRDY_Init
    ocd_ads1256.o(i.OCD_ADS1256_Init) refers to drv_hal_spi.o(i.Drv_SPI_Init) for Drv_SPI_Init
    ocd_ads1256.o(i.OCD_ADS1256_Init) refers to ocd_ads1256.o(i.S_ADS1256_SetCommand) for S_ADS1256_SetCommand
    ocd_ads1256.o(i.OCD_ADS1256_Init) refers to ocd_ads1256.o(i.S_ADS1256_DelayUs) for S_ADS1256_DelayUs
    ocd_ads1256.o(i.OCD_ADS1256_Init) refers to ocd_ads1256.o(i.S_ADS1256_SetCalibrationCommand) for S_ADS1256_SetCalibrationCommand
    ocd_ads1256.o(i.OCD_ADS1256_Init) refers to drv_hal_gpio.o(i.Drv_GPIO_Read) for Drv_GPIO_Read
    ocd_ads1256.o(i.OCD_ADS1256_Init) refers to ocd_ads1256.o(i.S_ADS1256_WriteReg) for S_ADS1256_WriteReg
    ocd_ads1256.o(i.OCD_ADS1256_Init) refers to ocd_ads1256.o(i.S_ADS1256_SetSingleChannel) for S_ADS1256_SetSingleChannel
    ocd_ads1256.o(i.OCD_ADS1256_Init) refers to ocd_ads1256.o(i.S_ADS1256_SetSynCommand) for S_ADS1256_SetSynCommand
    ocd_ads1256.o(i.OCD_ADS1256_ReadOneChannelVoltage) refers to drv_hal_gpio.o(i.Drv_GPIO_Read) for Drv_GPIO_Read
    ocd_ads1256.o(i.OCD_ADS1256_ReadOneChannelVoltage) refers to ocd_ads1256.o(i.S_ADS1256_SetSingleChannel) for S_ADS1256_SetSingleChannel
    ocd_ads1256.o(i.OCD_ADS1256_ReadOneChannelVoltage) refers to ocd_ads1256.o(i.S_ADS1256_SetSynCommand) for S_ADS1256_SetSynCommand
    ocd_ads1256.o(i.OCD_ADS1256_ReadOneChannelVoltage) refers to ocd_ads1256.o(i.S_ADS1256_SetCommand) for S_ADS1256_SetCommand
    ocd_ads1256.o(i.OCD_ADS1256_ReadOneChannelVoltage) refers to ocd_ads1256.o(i.S_ADS1256_DelayUs) for S_ADS1256_DelayUs
    ocd_ads1256.o(i.OCD_ADS1256_ReadOneChannelVoltage) refers to drv_hal_spi.o(i.Drv_SPI_TransmitReceive) for Drv_SPI_TransmitReceive
    ocd_ads1256.o(i.OCD_ADS1256_ReadOneChannelVoltage) refers to dfltui.o(.text) for __aeabi_ui2d
    ocd_ads1256.o(i.OCD_ADS1256_ReadOneChannelVoltage) refers to dmul.o(.text) for __aeabi_dmul
    ocd_ads1256.o(i.OCD_ADS1256_ReadOneChannelVoltage) refers to d2f.o(.text) for __aeabi_d2f
    ocd_ads1256.o(i.OCD_ADS1256_ReadStatus) refers to drv_hal_gpio.o(i.Drv_GPIO_Read) for Drv_GPIO_Read
    ocd_ads1256.o(i.OCD_ADS1256_ReadStatus) refers to drv_hal_spi.o(i.Drv_SPI_TransmitReceive) for Drv_SPI_TransmitReceive
    ocd_ads1256.o(i.OCD_ADS1256_ReadStatus) refers to ocd_ads1256.o(i.S_ADS1256_DelayUs) for S_ADS1256_DelayUs
    ocd_ads1256.o(i.S_ADS1256_DRDY_Init) refers to drv_hal_gpio.o(i.Drv_GPIO_Init) for Drv_GPIO_Init
    ocd_ads1256.o(i.S_ADS1256_SetCalibrationCommand) refers to ocd_ads1256.o(i.S_ADS1256_SetCommand) for S_ADS1256_SetCommand
    ocd_ads1256.o(i.S_ADS1256_SetCalibrationCommand) refers to drv_hal_gpio.o(i.Drv_GPIO_Read) for Drv_GPIO_Read
[...]
    ../clib/microlib/malloc/malloc.c         0x00000000   Number         0  malloca.o ABSOLUTE
    ../clib/microlib/malloc/malloc.c         0x00000000   Number         0  malloc.o ABSOLUTE
    ../clib/microlib/malloc/mvars.c          0x00000000   Number         0  mvars.o ABSOLUTE
    ../clib/microlib/printf/printf.c         0x00000000   Number         0  printf5.o ABSOLUTE
    ../clib/microlib/printf/printf.c         0x00000000   Number         0  printf8.o ABSOLUTE
    ../clib/microlib/printf/printf.c         0x00000000   Number         0  printf7.o ABSOLUTE
    ../clib/microlib/printf/printf.c         0x00000000   Number         0  printf6.o ABSOLUTE
    ../clib/microlib/printf/printf.c         0x00000000   Number         0  printf4.o ABSOLUTE
    ../clib/microlib/printf/printf.c         0x00000000   Number         0  printf3.o ABSOLUTE
    ../clib/microlib/printf/printf.c         0x00000000   Number         0  printf2.o ABSOLUTE
    ../clib/microlib/printf/printf.c         0x00000000   Number         0  printf1.o ABSOLUTE
    ../clib/microlib/printf/printf.c         0x00000000   Number         0  printf0.o ABSOLUTE
    ../clib/microlib/printf/printf.c         0x00000000   Number         0  printfb.o ABSOLUTE
    ../clib/microlib/printf/printf.c         0x00000000   Number         0  printfa.o ABSOLUTE
    ../clib/microlib/printf/stubs.s          0x00000000   Number         0  stubs.o ABSOLUTE
    ../clib/microlib/string/memcmp.c         0x00000000   Number         0  memcmp.o ABSOLUTE
    ../clib/microlib/string/memcpy.c         0x00000000   Number         0  memcpya.o ABSOLUTE
    ../clib/microlib/string/memcpy.c         0x00000000   Number         0  memcpyb.o ABSOLUTE
    ../clib/microlib/string/memset.c         0x00000000   Number         0  memseta.o ABSOLUTE
    ../clib/microlib/string/strchr.c         0x00000000   Number         0  strchr.o ABSOLUTE
    ../clib/microlib/string/strlen.c         0x00000000   Number         0  strlen.o ABSOLUTE
    ../clib/microlib/stubs.s                 0x00000000   Number         0  useno.o ABSOLUTE
    ../clib/microlib/stubs.s                 0x00000000   Number         0  iusefp.o ABSOLUTE
    ../fplib/microlib/d2f.c                  0x00000000   Number         0  d2f.o ABSOLUTE
    ../fplib/microlib/f2d.c                  0x00000000   Number         0  f2d.o ABSOLUTE
    ../fplib/microlib/fpadd.c                0x00000000   Number         0  dadd.o ABSOLUTE
    ../fplib/microlib/fpdiv.c                0x00000000   Number         0  ddiv.o ABSOLUTE
    ../fplib/microlib/fpepilogue.c           0x00000000   Number         0  depilogue.o ABSOLUTE
    ../fplib/microlib/fpepilogue.c           0x00000000   Number         0  fepilogue.o ABSOLUTE
    ../fplib/microlib/fpfix.c                0x00000000   Number         0  dfixul.o ABSOLUTE
    ../fplib/microlib/fpflt.c                0x00000000   Number         0  dfltui.o ABSOLUTE
    ../fplib/microlib/fpflt.c                0x00000000   Number         0  ffltl.o ABSOLUTE
    ../fplib/microlib/fpmul.c                0x00000000   Number         0  dmul.o ABSOLUTE
    ..\Apply\Logic\Src\config.c              0x00000000   Number         0  config.o ABSOLUTE
    ..\Apply\Logic\Src\main.c                0x00000000   Number         0  main.o ABSOLUTE
    ..\Apply\Logic\Src\threadpool.c          0x00000000   Number         0  threadpool.o ABSOLUTE
    ..\Apply\Logic\Src\usercode.c            0x00000000   Number         0  usercode.o ABSOLUTE
    ..\Apply\Task\Src\task_irq.c             0x00000000   Number         0  task_irq.o ABSOLUTE
    ..\Apply\Task\Src\task_sysinit.c         0x00000000   Number         0  task_sysinit.o ABSOLUTE
    ..\Apply\Task\Src\task_userinit.c        0x00000000   Number         0  task_userinit.o ABSOLUTE
    ..\Bsp\Algo\Src\algo_func.c              0x00000000   Number         0  algo_func.o ABSOLUTE
    ..\Bsp\Algo\Src\algo_pid.c               0x00000000   Number         0  algo_pid.o ABSOLUTE
    ..\Bsp\Dev\Src\dev_ps2.c                 0x00000000   Number         0  dev_ps2.o ABSOLUTE
    ..\Bsp\FatFs\Src\diskio.c                0x00000000   Number         0  diskio.o ABSOLUTE
    ..\Bsp\FatFs\Src\ff.c                    0x00000000   Number         0  ff.o ABSOLUTE
    ..\Bsp\OCD\Src\ocd_ads1256.c             0x00000000   Number         0  ocd_ads1256.o ABSOLUTE
    ..\Bsp\OCD\Src\ocd_at24cxx.c             0x00000000   Number         0  ocd_at24cxx.o ABSOLUTE
    ..\Bsp\OCD\Src\ocd_ds3231.c              0x00000000   Number         0  ocd_ds3231.o ABSOLUTE
    ..\Bsp\OCD\Src\ocd_fatfs.c               0x00000000   Number         0  ocd_fatfs.o ABSOLUTE
    ..\Bsp\OCD\Src\ocd_jy901.c               0x00000000   Number         0  ocd_jy901.o ABSOLUTE
    ..\Bsp\OCD\Src\ocd_ms5837.c              0x00000000   Number         0  ocd_ms5837.o ABSOLUTE
    ..\Bsp\OCD\Src\ocd_oled.c                0x00000000   Number         0  ocd_oled.o ABSOLUTE
    ..\Bsp\OCD\Src\ocd_rm3100.c              0x00000000   Number         0  ocd_rm3100.o ABSOLUTE
    ..\Bsp\OCD\Src\ocd_sdcard.c              0x00000000   Number         0  ocd_sdcard.o ABSOLUTE
    ..\Driver\Src\drv_hal.c                  0x00000000   Number         0  drv_hal.o ABSOLUTE
    ..\Driver\Src\drv_hal_adc.c              0x00000000   Number         0  drv_hal_adc.o ABSOLUTE
    ..\Driver\Src\drv_hal_can.c              0x00000000   Number         0  drv_hal_can.o ABSOLUTE
    ..\Driver\Src\drv_hal_dac.c              0x00000000   Number         0  drv_hal_dac.o ABSOLUTE
    ..\Driver\Src\drv_hal_delay.c            0x00000000   Number         0  drv_hal_delay.o ABSOLUTE
    ..\Driver\Src\drv_hal_flash.c            0x00000000   Number         0  drv_hal_flash.o ABSOLUTE
    ..\Driver\Src\drv_hal_gpio.c             0x00000000   Number         0  drv_hal_gpio.o ABSOLUTE
    ..\Driver\Src\drv_hal_iic_soft.c         0x00000000   Number         0  drv_hal_iic_soft.o ABSOLUTE
    ..\Driver\Src\drv_hal_pwm.c              0x00000000   Number         0  drv_hal_pwm.o ABSOLUTE
    ..\Driver\Src\drv_hal_pwr.c              0x00000000   Number         0  drv_hal_pwr.o ABSOLUTE
    ..\Driver\Src\drv_hal_spi.c              0x00000000   Number         0  drv_hal_spi.o ABSOLUTE
    ..\Driver\Src\drv_hal_spi_soft.c         0x00000000   Number         0  drv_hal_spi_soft.o ABSOLUTE
    ..\Driver\Src\drv_hal_timer.c            0x00000000   Number         0  drv_hal_timer.o ABSOLUTE
    ..\Driver\Src\drv_hal_uart.c             0x00000000   Number         0  drv_hal_uart.o ABSOLUTE
    ..\Driver\Src\drv_hal_wdg.c              0x00000000   Number         0  drv_hal_wdg.o ABSOLUTE
    ..\Hardware\STM32F4XX\CMSIS\Device\ST\STM32F4xx\Source\Templates\arm\startup_stm32f407xx.s 0x00000000   Number         0  startup_stm32f407xx.o ABSOLUTE
    ..\Hardware\STM32F4XX\CMSIS\Device\ST\STM32F4xx\Source\Templates\system_stm32f4xx.c 0x00000000   Number         0  system_stm32f4xx.o ABSOLUTE
    ..\Hardware\STM32F4XX\STM32F4xx_HAL_Driver\Src\stm32f4xx_hal.c 0x00000000   Number         0  stm32f4xx_hal.o ABSOLUTE
    ..\Hardware\STM32F4XX\STM32F4xx_HAL_Driver\Src\stm32f4xx_hal_adc.c 0x00000000   Number         0  stm32f4xx_hal_adc.o ABSOLUTE
    ..\Hardware\STM32F4XX\STM32F4xx_HAL_Driver\Src\stm32f4xx_hal_adc_ex.c 0x00000000   Number         0  stm32f4xx_hal_adc_ex.o ABSOLUTE
    ..\Hardware\STM32F4XX\STM32F4xx_HAL_Driver\Src\stm32f4xx_hal_can.c 0x00000000   Number         0  stm32f4xx_hal_can.o ABSOLUTE
    ..\Hardware\STM32F4XX\STM32F4xx_HAL_Driver\Src\stm32f4xx_hal_cec.c 0x00000000   Number         0  stm32f4xx_hal_cec.o ABSOLUTE
    ..\Hardware\STM32F4XX\STM32F4xx_HAL_Driver\Src\stm32f4xx_hal_cortex.c 0x00000000   Number         0  stm32f4xx_hal_cortex.o ABSOLUTE
    ..\Hardware\STM32F4XX\STM32F4xx_HAL_Driver\Src\stm32f4xx_hal_crc.c 0x00000000   Number         0  stm32f4xx_hal_crc.o ABSOLUTE
    ..\Hardware\STM32F4XX\STM32F4xx_HAL_Driver\Src\stm32f4xx_hal_cryp.c 0x00000000   Number         0  stm32f4xx_hal_cryp.o ABSOLUTE
    ..\Hardware\STM32F4XX\STM32F4xx_HAL_Driver\Src\stm32f4xx_hal_cryp_ex.c 0x00000000   Number         0  stm32f4xx_hal_cryp_ex.o ABSOLUTE
    ..\Hardware\STM32F4XX\STM32F4xx_HAL_Driver\Src\stm32f4xx_hal_dac.c 0x00000000   Number         0  stm32f4xx_hal_dac.o ABSOLUTE
    ..\Hardware\STM32F4XX\STM32F4xx_HAL_Driver\Src\stm32f4xx_hal_dac_ex.c 0x00000000   Number         0  stm32f4xx_hal_dac_ex.o ABSOLUTE
    ..\Hardware\STM32F4XX\STM32F4xx_HAL_Driver\Src\stm32f4xx_hal_dcmi.c 0x00000000   Number         0  stm32f4xx_hal_dcmi.o ABSOLUTE
    ..\Hardware\STM32F4XX\STM32F4xx_HAL_Driver\Src\stm32f4xx_hal_dcmi_ex.c 0x00000000   Number         0  stm32f4xx_hal_dcmi_ex.o ABSOLUTE
    ..\Hardware\STM32F4XX\STM32F4xx_HAL_Driver\Src\stm32f4xx_hal_dfsdm.c 0x00000000   Number         0  stm32f4xx_hal_dfsdm.o ABSOLUTE
    ..\Hardware\STM32F4XX\STM32F4xx_HAL_Driver\Src\stm32f4xx_hal_dma.c 0x00000000   Number         0  stm32f4xx_hal_dma.o ABSOLUTE
    ..\Hardware\STM32F4XX\STM32F4xx_HAL_Driver\Src\stm32f4xx_hal_dma2d.c 0x00000000   Number         0  stm32f4xx_hal_dma2d.o ABSOLUTE
    ..\Hardware\STM32F4XX\STM32F4xx_HAL_Driver\Src\stm32f4xx_hal_dma_ex.c 0x00000000   Number         0  stm32f4xx_hal_dma_ex.o ABSOLUTE
    ..\Hardware\STM32F4XX\STM32F4xx_HAL_Driver\Src\stm32f4xx_hal_dsi.c 0x00000000   Number         0  stm32f4xx_hal_dsi.o ABSOLUTE
    ..\Hardware\STM32F4XX\STM32F4xx_HAL_Driver\Src\stm32f4xx_hal_eth.c 0x00000000   Number         0  stm32f4xx_hal_eth.o ABSOLUTE
    ..\Hardware\STM32F4XX\STM32F4xx_HAL_Driver\Src\stm32f4xx_hal_exti.c 0x00000000   Number         0  stm32f4xx_hal_exti.o ABSOLUTE
    ..\Hardware\STM32F4XX\STM32F4xx_HAL_Driver\Src\stm32f4xx_hal_flash.c 0x00000000   Number         0  stm32f4xx_hal_flash.o ABSOLUTE
    ..\Hardware\STM32F4XX\STM32F4xx_HAL_Driver\Src\stm32f4xx_hal_flash_ex.c 0x00000000   Number         0  stm32f4xx_hal_flash_ex.o ABSOLUTE
    ..\Hardware\STM32F4XX\STM32F4xx_HAL_Driver\Src\stm32f4xx_hal_flash_ramfunc.c 0x00000000   Number         0  stm32f4xx_hal_flash_ramfunc.o ABSOLUTE
    ..\Hardware\STM32F4XX\STM32F4xx_HAL_Driver\Src\stm32f4xx_hal_fmpi2c.c 0x00000000   Number         0  stm32f4xx_hal_fmpi2c.o ABSOLUTE
    ..\Hardware\STM32F4XX\STM32F4xx_HAL_Driver\Src\stm32f4xx_hal_fmpi2c_ex.c 0x00000000   Number         0  stm32f4xx_hal_fmpi2c_ex.o ABSOLUTE
    ..\Hardware\STM32F4XX\STM32F4xx_HAL_Driver\Src\stm32f4xx_hal_fmpsmbus.c 0x00000000   Number         0  stm32f4xx_hal_fmpsmbus.o ABSOLUTE
    ..\Hardware\STM32F4XX\STM32F4xx_HAL_Driver\Src\stm32f4xx_hal_fmpsmbus_ex.c 0x00000000   Number         0  stm32f4xx_hal_fmpsmbus_ex.o ABSOLUTE
    ..\Hardware\STM32F4XX\STM32F4xx_HAL_Driver\Src\stm32f4xx_hal_gpio.c 0x00000000   Number         0  stm32f4xx_hal_gpio.o ABSOLUTE
    ..\Hardware\STM32F4XX\STM32F4xx_HAL_Driver\Src\stm32f4xx_hal_hash.c 0x00000000   Number         0  stm32f4xx_hal_hash.o ABSOLUTE
    ..\Hardware\STM32F4XX\STM32F4xx_HAL_Driver\Src\stm32f4xx_hal_hash_ex.c 0x00000000   Number         0  stm32f4xx_hal_hash_ex.o ABSOLUTE
    ..\Hardware\STM32F4XX\STM32F4xx_HAL_Driver\Src\stm32f4xx_hal_hcd.c 0x00000000   Number         0  stm32f4xx_hal_hcd.o ABSOLUTE
    ..\Hardware\STM32F4XX\STM32F4xx_HAL_Driver\Src\stm32f4xx_hal_i2c.c 0x00000000   Number         0  stm32f4xx_hal_i2c.o ABSOLUTE
    ..\Hardware\STM32F4XX\STM32F4xx_HAL_Driver\Src\stm32f4xx_hal_i2c_ex.c 0x00000000   Number         0  stm32f4xx_hal_i2c_ex.o ABSOLUTE
    ..\Hardware\STM32F4XX\STM32F4xx_HAL_Driver\Src\stm32f4xx_hal_i2s.c 0x00000000   Number         0  stm32f4xx_hal_i2s.o ABSOLUTE
    ..\Hardware\STM32F4XX\STM32F4xx_HAL_Driver\Src\stm32f4xx_hal_i2s_ex.c 0x00000000   Number         0  stm32f4xx_hal_i2s_ex.o ABSOLUTE
    ..\Hardware\STM32F4XX\STM32F4xx_HAL_Driver\Src\stm32f4xx_hal_irda.c 0x00000000   Number         0  stm32f4xx_hal_irda.o ABSOLUTE
    ..\Hardware\STM32F4XX\STM32F4xx_HAL_Driver\Src\stm32f4xx_hal_iwdg.c 0x00000000   Number         0  stm32f4xx_hal_iwdg.o ABSOLUTE
    ..\Hardware\STM32F4XX\STM32F4xx_HAL_Driver\Src\stm32f4xx_hal_lptim.c 0x00000000   Number         0  stm32f4xx_hal_lptim.o ABSOLUTE
    ..\Hardware\STM32F4XX\STM32F4xx_HAL_Driver\Src\stm32f4xx_hal_ltdc.c 0x00000000   Number         0  stm32f4xx_hal_ltdc.o ABSOLUTE
    ..\Hardware\STM32F4XX\STM32F4xx_HAL_Driver\Src\stm32f4xx_hal_ltdc_ex.c 0x00000000   Number         0  stm32f4xx_hal_ltdc_ex.o ABSOLUTE
    ..\Hardware\STM32F4XX\STM32F4xx_HAL_Driver\Src\stm32f4xx_hal_mmc.c 0x00000000   Number         0  stm32f4xx_hal_mmc.o ABSOLUTE
    ..\Hardware\STM32F4XX\STM32F4xx_HAL_Driver\Src\stm32f4xx_hal_nand.c 0x00000000   Number         0  stm32f4xx_hal_nand.o ABSOLUTE
    ..\Hardware\STM32F4XX\STM32F4xx_HAL_Driver\Src\stm32f4xx_hal_nor.c 0x00000000   Number         0  stm32f4xx_hal_nor.o ABSOLUTE
    ..\Hardware\STM32F4XX\STM32F4xx_HAL_Driver\Src\stm32f4xx_hal_pccard.c 0x00000000   Number         0  stm32f4xx_hal_pccard.o ABSOLUTE
    ..\Hardware\STM32F4XX\STM32F4xx_HAL_Driver\Src\stm32f4xx_hal_pcd.c 0x00000000   Number         0  stm32f4xx_hal_pcd.o ABSOLUTE
    ..\Hardware\STM32F4XX\STM32F4xx_HAL_Driver\Src\stm32f4xx_hal_pcd_ex.c 0x00000000   Number         0  stm32f4xx_hal_pcd_ex.o ABSOLUTE
    ..\Hardware\STM32F4XX\STM32F4xx_HAL_Driver\Src\stm32f4xx_hal_pwr.c 0x00000000   Number         0  stm32f4xx_hal_pwr.o ABSOLUTE
    ..\Hardware\STM32F4XX\STM32F4xx_HAL_Driver\Src\stm32f4xx_hal_pwr_ex.c 0x00000000   Number         0  stm32f4xx_hal_pwr_ex.o ABSOLUTE
    ..\Hardware\STM32F4XX\STM32F4xx_HAL_Driver\Src\stm32f4xx_hal_qspi.c 0x00000000   Number         0  stm32f4xx_hal_qspi.o ABSOLUTE
    ..\Hardware\STM32F4XX\STM32F4xx_HAL_Driver\Src\stm32f4xx_hal_rcc.c 0x00000000   Number         0  stm32f4xx_hal_rcc.o ABSOLUTE
    ..\Hardware\STM32F4XX\STM32F4xx_HAL_Driver\Src\stm32f4xx_hal_rcc_ex.c 0x00000000   Number         0  stm32f4xx_hal_rcc_ex.o ABSOLUTE
    ..\Hardware\STM32F4XX\STM32F4xx_HAL_Driver\Src\stm32f4xx_hal_rng.c 0x00000000   Number         0  stm32f4xx_hal_rng.o ABSOLUTE
    ..\Hardware\STM32F4XX\STM32F4xx_HAL_Driver\Src\stm32f4xx_hal_rtc.c 0x00000000   Number         0  stm32f4xx_hal_rtc.o ABSOLUTE
    ..\Hardware\STM32F4XX\STM32F4xx_HAL_Driver\Src\stm32f4xx_hal_rtc_ex.c 0x00000000   Number         0  stm32f4xx_hal_rtc_ex.o ABSOLUTE
    ..\Hardware\STM32F4XX\STM32F4xx_HAL_Driver\Src\stm32f4xx_hal_sai.c 0x00000000   Number         0  stm32f4xx_hal_sai.o ABSOLUTE
    ..\Hardware\STM32F4XX\STM32F4xx_HAL_Driver\Src\stm32f4xx_hal_sai_ex.c 0x00000000   Number         0  stm32f4xx_hal_sai_ex.o ABSOLUTE
    ..\Hardware\STM32F4XX\STM32F4xx_HAL_Driver\Src\stm32f4xx_hal_sd.c 0x00000000   Number         0  stm32f4xx_hal_sd.o ABSOLUTE
    ..\Hardware\STM32F4XX\STM32F4xx_HAL_Driver\Src\stm32f4xx_hal_sdram.c 0x00000000   Number         0  stm32f4xx_hal_sdram.o ABSOLUTE
    ..\Hardware\STM32F4XX\STM32F4xx_HAL_Driver\Src\stm32f4xx_hal_smartcard.c 0x00000000   Number         0  stm32f4xx_hal_smartcard.o ABSOLUTE
    ..\Hardware\STM32F4XX\STM32F4xx_HAL_Driver\Src\stm32f4xx_hal_smbus.c 0x00000000   Number         0  stm32f4xx_hal_smbus.o ABSOLUTE
    ..\Hardware\STM32F4XX\STM32F4xx_HAL_Driver\Src\stm32f4xx_hal_spdifrx.c 0x00000000   Number         0  stm32f4xx_hal_spdifrx.o ABSOLUTE
    ..\Hardware\STM32F4XX\STM32F4xx_HAL_Driver\Src\stm32f4xx_hal_spi.c 0x00000000   Number         0  stm32f4xx_hal_spi.o ABSOLUTE
    ..\Hardware\STM32F4XX\STM32F4xx_HAL_Driver\Src\stm32f4xx_hal_sram.c 0x00000000   Number         0  stm32f4xx_hal_sram.o ABSOLUTE
    ..\Hardware\STM32F4XX\STM32F4xx_HAL_Driver\Src\stm32f4xx_hal_tim.c 0x00000000   Number         0  stm32f4xx_hal_tim.o ABSOLUTE
    ..\Hardware\STM32F4XX\STM32F4xx_HAL_Driver\Src\stm32f4xx_hal_tim_ex.c 0x00000000   Number         0  stm32f4xx_hal_tim_ex.o ABSOLUTE
    ..\Hardware\STM32F4XX\STM32F4xx_HAL_Driver\Src\stm32f4xx_hal_uart.c 0x00000000   Number         0  stm32f4xx_hal_uart.o ABSOLUTE
    ..\Hardware\STM32F4XX\STM32F4xx_HAL_Driver\Src\stm32f4xx_hal_usart.c 0x00000000   Number         0  stm32f4xx_hal_usart.o ABSOLUTE
    ..\Hardware\STM32F4XX\STM32F4xx_HAL_Driver\Src\stm32f4xx_hal_wwdg.c 0x00000000   Number         0  stm32f4xx_hal_wwdg.o ABSOLUTE
    ..\\Apply\\Logic\\Src\\config.c          0x00000000   Number         0  config.o ABSOLUTE
    ..\\Apply\\Logic\\Src\\main.c            0x00000000   Number         0  main.o ABSOLUTE
    ..\\Apply\\Logic\\Src\\threadpool.c      0x00000000   Number         0  threadpool.o ABSOLUTE
    ..\\Apply\\Logic\\Src\\usercode.c        0x00000000   Number         0  usercode.o ABSOLUTE
    ..\\Apply\\Task\\Src\\task_irq.c         0x00000000   Number         0  task_irq.o ABSOLUTE
    ..\\Apply\\Task\\Src\\task_sysinit.c     0x00000000   Number         0  task_sysinit.o ABSOLUTE
    ..\\Apply\\Task\\Src\\task_userinit.c    0x00000000   Number         0  task_userinit.o ABSOLUTE
    ..\\Bsp\\Algo\\Src\\algo_func.c          0x00000000   Number         0  algo_func.o ABSOLUTE
    ..\\Bsp\\Algo\\Src\\algo_pid.c           0x00000000   Number         0  algo_pid.o ABSOLUTE
    ..\\Bsp\\Dev\\Src\\dev_ps2.c             0x00000000   Number         0  dev_ps2.o ABSOLUTE
    ..\\Bsp\\OCD\\Src\\ocd_ads1256.c         0x00000000   Number         0  ocd_ads1256.o ABSOLUTE
    ..\\Bsp\\OCD\\Src\\ocd_at24cxx.c         0x00000000   Number         0  ocd_at24cxx.o ABSOLUTE
    ..\\Bsp\\OCD\\Src\\ocd_ds3231.c          0x00000000   Number         0  ocd_ds3231.o ABSOLUTE
    ..\\Bsp\\OCD\\Src\\ocd_fatfs.c           0x00000000   Number         0  ocd_fatfs.o ABSOLUTE
    ..\\Bsp\\OCD\\Src\\ocd_jy901.c           0x00000000   Number         0  ocd_jy901.o ABSOLUTE
    ..\\Bsp\\OCD\\Src\\ocd_ms5837.c          0x00000000   Number         0  ocd_ms5837.o ABSOLUTE
    ..\\Bsp\\OCD\\Src\\ocd_oled.c            0x00000000   Number         0  ocd_oled.o ABSOLUTE
    ..\\Bsp\\OCD\\Src\\ocd_rm3100.c          0x00000000   Number         0  ocd_rm3100.o ABSOLUTE
    ..\\Bsp\\OCD\\Src\\ocd_sdcard.c          0x00000000   Number         0  ocd_sdcard.o ABSOLUTE
    ..\\Driver\\Src\\drv_hal.c               0x00000000   Number         0  drv_hal.o ABSOLUTE
    ..\\Driver\\Src\\drv_hal_adc.c           0x00000000   Number         0  drv_hal_adc.o ABSOLUTE
    ..\\Driver\\Src\\drv_hal_can.c           0x00000000   Number         0  drv_hal_can.o ABSOLUTE
    ..\\Driver\\Src\\drv_hal_dac.c           0x00000000   Number         0  drv_hal_dac.o ABSOLUTE
    ..\\Driver\\Src\\drv_hal_delay.c         0x00000000   Number         0  drv_hal_delay.o ABSOLUTE
    ..\\Driver\\Src\\drv_hal_flash.c         0x00000000   Number         0  drv_hal_flash.o ABSOLUTE
    ..\\Driver\\Src\\drv_hal_gpio.c          0x00000000   Number         0  drv_hal_gpio.o ABSOLUTE
    ..\\Driver\\Src\\drv_hal_iic_soft.c      0x00000000   Number         0  drv_hal_iic_soft.o ABSOLUTE
    ..\\Driver\\Src\\drv_hal_pwm.c           0x00000000   Number         0  drv_hal_pwm.o ABSOLUTE
    ..\\Driver\\Src\\drv_hal_pwr.c           0x00000000   Number         0  drv_hal_pwr.o ABSOLUTE
    ..\\Driver\\Src\\drv_hal_spi.c           0x00000000   Number         0  drv_hal_spi.o ABSOLUTE
    ..\\Driver\\Src\\drv_hal_spi_soft.c      0x00000000   Number         0  drv_hal_spi_soft.o ABSOLUTE
    ..\\Driver\\Src\\drv_hal_timer.c         0x00000000   Number         0  drv_hal_timer.o ABSOLUTE
    ..\\Driver\\Src\\drv_hal_uart.c          0x00000000   Number         0  drv_hal_uart.o ABSOLUTE
    ..\\Driver\\Src\\drv_hal_wdg.c           0x00000000   Number         0  drv_hal_wdg.o ABSOLUTE
    ..\\Hardware\\STM32F4XX\\CMSIS\\Device\\ST\\STM32F4xx\\Source\\Templates\\system_stm32f4xx.c 0x00000000   Number         0  system_stm32f4xx.o ABSOLUTE
    ..\\Hardware\\STM32F4XX\\STM32F4xx_HAL_Driver\\Src\\stm32f4xx_hal.c 0x00000000   Number         0  stm32f4xx_hal.o ABSOLUTE
    ..\\Hardware\\STM32F4XX\\STM32F4xx_HAL_Driver\\Src\\stm32f4xx_hal_adc.c 0x00000000   Number         0  stm32f4xx_hal_adc.o ABSOLUTE
    ..\\Hardware\\STM32F4XX\\STM32F4xx_HAL_Driver\\Src\\stm32f4xx_hal_adc_ex.c 0x00000000   Number         0  stm32f4xx_hal_adc_ex.o ABSOLUTE
    ..\\Hardware\\STM32F4XX\\STM32F4xx_HAL_Driver\\Src\\stm32f4xx_hal_can.c 0x00000000   Number         0  stm32f4xx_hal_can.o ABSOLUTE
    ..\\Hardware\\STM32F4XX\\STM32F4xx_HAL_Driver\\Src\\stm32f4xx_hal_cec.c 0x00000000   Number         0  stm32f4xx_hal_cec.o ABSOLUTE
    ..\\Hardware\\STM32F4XX\\STM32F4xx_HAL_Driver\\Src\\stm32f4xx_hal_cortex.c 0x00000000   Number         0  stm32f4xx_hal_cortex.o ABSOLUTE
    ..\\Hardware\\STM32F4XX\\STM32F4xx_HAL_Driver\\Src\\stm32f4xx_hal_crc.c 0x00000000   Number         0  stm32f4xx_hal_crc.o ABSOLUTE
    ..\\Hardware\\STM32F4XX\\STM32F4xx_HAL_Driver\\Src\\stm32f4xx_hal_cryp.c 0x00000000   Number         0  stm32f4xx_hal_cryp.o ABSOLUTE
    ..\\Hardware\\STM32F4XX\\STM32F4xx_HAL_Driver\\Src\\stm32f4xx_hal_cryp_ex.c 0x00000000   Number         0  stm32f4xx_hal_cryp_ex.o ABSOLUTE
    ..\\Hardware\\STM32F4XX\\STM32F4xx_HAL_Driver\\Src\\stm32f4xx_hal_dac.c 0x00000000   Number         0  stm32f4xx_hal_dac.o ABSOLUTE
    ..\\Hardware\\STM32F4XX\\STM32F4xx_HAL_Driver\\Src\\stm32f4xx_hal_dac_ex.c 0x00000000   Number         0  stm32f4xx_hal_dac_ex.o ABSOLUTE
    ..\\Hardware\\STM32F4XX\\STM32F4xx_HAL_Driver\\Src\\stm32f4xx_hal_dcmi.c 0x00000000   Number         0  stm32f4xx_hal_dcmi.o ABSOLUTE
    ..\\Hardware\\STM32F4XX\\STM32F4xx_HAL_Driver\\Src\\stm32f4xx_hal_dcmi_ex.c 0x00000000   Number         0  stm32f4xx_hal_dcmi_ex.o ABSOLUTE
    ..\\Hardware\\STM32F4XX\\STM32F4xx_HAL_Driver\\Src\\stm32f4xx_hal_dfsdm.c 0x00000000   Number         0  stm32f4xx_hal_dfsdm.o ABSOLUTE
    ..\\Hardware\\STM32F4XX\\STM32F4xx_HAL_Driver\\Src\\stm32f4xx_hal_dma.c 0x00000000   Number         0  stm32f4xx_hal_dma.o ABSOLUTE
    ..\\Hardware\\STM32F4XX\\STM32F4xx_HAL_Driver\\Src\\stm32f4xx_hal_dma2d.c 0x00000000   Number         0  stm32f4xx_hal_dma2d.o ABSOLUTE
    ..\\Hardware\\STM32F4XX\\STM32F4xx_HAL_Driver\\Src\\stm32f4xx_hal_dma_ex.c 0x00000000   Number         0  stm32f4xx_hal_dma_ex.o ABSOLUTE
    ..\\Hardware\\STM32F4XX\\STM32F4xx_HAL_Driver\\Src\\stm32f4xx_hal_dsi.c 0x00000000   Number         0  stm32f4xx_hal_dsi.o ABSOLUTE
    ..\\Hardware\\STM32F4XX\\STM32F4xx_HAL_Driver\\Src\\stm32f4xx_hal_eth.c 0x00000000   Number         0  stm32f4xx_hal_eth.o ABSOLUTE
    ..\\Hardware\\STM32F4XX\\STM32F4xx_HAL_Driver\\Src\\stm32f4xx_hal_exti.c 0x00000000   Number         0  stm32f4xx_hal_exti.o ABSOLUTE
    ..\\Hardware\\STM32F4XX\\STM32F4xx_HAL_Driver\\Src\\stm32f4xx_hal_flash.c 0x00000000   Number         0  stm32f4xx_hal_flash.o ABSOLUTE
    ..\\Hardware\\STM32F4XX\\STM32F4xx_HAL_Driver\\Src\\stm32f4xx_hal_flash_ex.c 0x00000000   Number         0  stm32f4xx_hal_flash_ex.o ABSOLUTE
    ..\\Hardware\\STM32F4XX\\STM32F4xx_HAL_Driver\\Src\\stm32f4xx_hal_flash_ramfunc.c 0x00000000   Number         0  stm32f4xx_hal_flash_ramfunc.o ABSOLUTE
    ..\\Hardware\\STM32F4XX\\STM32F4xx_HAL_Driver\\Src\\stm32f4xx_hal_fmpi2c.c 0x00000000   Number         0  stm32f4xx_hal_fmpi2c.o ABSOLUTE
    ..\\Hardware\\STM32F4XX\\STM32F4xx_HAL_Driver\\Src\\stm32f4xx_hal_fmpi2c_ex.c 0x00000000   Number         0  stm32f4xx_hal_fmpi2c_ex.o ABSOLUTE
    ..\\Hardware\\STM32F4XX\\STM32F4xx_HAL_Driver\\Src\\stm32f4xx_hal_fmpsmbus.c 0x00000000   Number         0  stm32f4xx_hal_fmpsmbus.o ABSOLUTE
    ..\\Hardware\\STM32F4XX\\STM32F4xx_HAL_Driver\\Src\\stm32f4xx_hal_fmpsmbus_ex.c 0x00000000   Number         0  stm32f4xx_hal_fmpsmbus_ex.o ABSOLUTE
    ..\\Hardware\\STM32F4XX\\STM32F4xx_HAL_Driver\\Src\\stm32f4xx_hal_gpio.c 0x00000000   Number         0  stm32f4xx_hal_gpio.o ABSOLUTE
    ..\\Hardware\\STM32F4XX\\STM32F4xx_HAL_Driver\\Src\\stm32f4xx_hal_hash.c 0x00000000   Number         0  stm32f4xx_hal_hash.o ABSOLUTE
    ..\\Hardware\\STM32F4XX\\STM32F4xx_HAL_Driver\\Src\\stm32f4xx_hal_hash_ex.c 0x00000000   Number         0  stm32f4xx_hal_hash_ex.o ABSOLUTE
    ..\\Hardware\\STM32F4XX\\STM32F4xx_HAL_Driver\\Src\\stm32f4xx_hal_hcd.c 0x00000000   Number         0  stm32f4xx_hal_hcd.o ABSOLUTE
    ..\\Hardware\\STM32F4XX\\STM32F4xx_HAL_Driver\\Src\\stm32f4xx_hal_i2c.c 0x00000000   Number         0  stm32f4xx_hal_i2c.o ABSOLUTE
    ..\\Hardware\\STM32F4XX\\STM32F4xx_HAL_Driver\\Src\\stm32f4xx_hal_i2c_ex.c 0x00000000   Number         0  stm32f4xx_hal_i2c_ex.o ABSOLUTE
    ..\\Hardware\\STM32F4XX\\STM32F4xx_HAL_Driver\\Src\\stm32f4xx_hal_i2s.c 0x00000000   Number         0  stm32f4xx_hal_i2s.o ABSOLUTE
    ..\\Hardware\\STM32F4XX\\STM32F4xx_HAL_Driver\\Src\\stm32f4xx_hal_i2s_ex.c 0x00000000   Number         0  stm32f4xx_hal_i2s_ex.o ABSOLUTE
    ..\\Hardware\\STM32F4XX\\STM32F4xx_HAL_Driver\\Src\\stm32f4xx_hal_irda.c 0x00000000   Number         0  stm32f4xx_hal_irda.o ABSOLUTE
    ..\\Hardware\\STM32F4XX\\STM32F4xx_HAL_Driver\\Src\\stm32f4xx_hal_iwdg.c 0x00000000   Number         0  stm32f4xx_hal_iwdg.o ABSOLUTE
    ..\\Hardware\\STM32F4XX\\STM32F4xx_HAL_Driver\\Src\\stm32f4xx_hal_lptim.c 0x00000000   Number         0  stm32f4xx_hal_lptim.o ABSOLUTE
    ..\\Hardware\\STM32F4XX\\STM32F4xx_HAL_Driver\\Src\\stm32f4xx_hal_ltdc.c 0x00000000   Number         0  stm32f4xx_hal_ltdc.o ABSOLUTE
    ..\\Hardware\\STM32F4XX\\STM32F4xx_HAL_Driver\\Src\\stm32f4xx_hal_ltdc_ex.c 0x00000000   Number         0  stm32f4xx_hal_ltdc_ex.o ABSOLUTE
    ..\\Hardware\\STM32F4XX\\STM32F4xx_HAL_Driver\\Src\\stm32f4xx_hal_mmc.c 0x00000000   Number         0  stm32f4xx_hal_mmc.o ABSOLUTE
    ..\\Hardware\\STM32F4XX\\STM32F4xx_HAL_Driver\\Src\\stm32f4xx_hal_nand.c 0x00000000   Number         0  stm32f4xx_hal_nand.o ABSOLUTE
    ..\\Hardware\\STM32F4XX\\STM32F4xx_HAL_Driver\\Src\\stm32f4xx_hal_nor.c 0x00000000   Number         0  stm32f4xx_hal_nor.o ABSOLUTE
    ..\\Hardware\\STM32F4XX\\STM32F4xx_HAL_Driver\\Src\\stm32f4xx_hal_pccard.c 0x00000000   Number         0  stm32f4xx_hal_pccard.o ABSOLUTE
    ..\\Hardware\\STM32F4XX\\STM32F4xx_HAL_Driver\\Src\\stm32f4xx_hal_pcd.c 0x00000000   Number         0  stm32f4xx_hal_pcd.o ABSOLUTE
    ..\\Hardware\\STM32F4XX\\STM32F4xx_HAL_Driver\\Src\\stm32f4xx_hal_pcd_ex.c 0x00000000   Number         0  stm32f4xx_hal_pcd_ex.o ABSOLUTE
    ..\\Hardware\\STM32F4XX\\STM32F4xx_HAL_Driver\\Src\\stm32f4xx_hal_pwr.c 0x00000000   Number         0  stm32f4xx_hal_pwr.o ABSOLUTE
    ..\\Hardware\\STM32F4XX\\STM32F4xx_HAL_Driver\\Src\\stm32f4xx_hal_pwr_ex.c 0x00000000   Number         0  stm32f4xx_hal_pwr_ex.o ABSOLUTE
    ..\\Hardware\\STM32F4XX\\STM32F4xx_HAL_Driver\\Src\\stm32f4xx_hal_qspi.c 0x00000000   Number         0  stm32f4xx_hal_qspi.o ABSOLUTE
    ..\\Hardware\\STM32F4XX\\STM32F4xx_HAL_Driver\\Src\\stm32f4xx_hal_rcc.c 0x00000000   Number         0  stm32f4xx_hal_rcc.o ABSOLUTE
    ..\\Hardware\\STM32F4XX\\STM32F4xx_HAL_Driver\\Src\\stm32f4xx_hal_rcc_ex.c 0x00000000   Number         0  stm32f4xx_hal_rcc_ex.o ABSOLUTE
    ..\\Hardware\\STM32F4XX\\STM32F4xx_HAL_Driver\\Src\\stm32f4xx_hal_rng.c 0x00000000   Number         0  stm32f4xx_hal_rng.o ABSOLUTE
    ..\\Hardware\\STM32F4XX\\STM32F4xx_HAL_Driver\\Src\\stm32f4xx_hal_rtc.c 0x00000000   Number         0  stm32f4xx_hal_rtc.o ABSOLUTE
    ..\\Hardware\\STM32F4XX\\STM32F4xx_HAL_Driver\\Src\\stm32f4xx_hal_rtc_ex.c 0x00000000   Number         0  stm32f4xx_hal_rtc_ex.o ABSOLUTE
    ..\\Hardware\\STM32F4XX\\STM32F4xx_HAL_Driver\\Src\\stm32f4xx_hal_sai.c 0x00000000   Number         0  stm32f4xx_hal_sai.o ABSOLUTE
    ..\\Hardware\\STM32F4XX\\STM32F4xx_HAL_Driver\\Src\\stm32f4xx_hal_sai_ex.c 0x00000000   Number         0  stm32f4xx_hal_sai_ex.o ABSOLUTE
    ..\\Hardware\\STM32F4XX\\STM32F4xx_HAL_Driver\\Src\\stm32f4xx_hal_sd.c 0x00000000   Number         0  stm32f4xx_hal_sd.o ABSOLUTE
    ..\\Hardware\\STM32F4XX\\STM32F4xx_HAL_Driver\\Src\\stm32f4xx_hal_sdram.c 0x00000000   Number         0  stm32f4xx_hal_sdram.o ABSOLUTE
    ..\\Hardware\\STM32F4XX\\STM32F4xx_HAL_Driver\\Src\\stm32f4xx_hal_smartcard.c 0x00000000   Number         0  stm32f4xx_hal_smartcard.o ABSOLUTE
    ..\\Hardware\\STM32F4XX\\STM32F4xx_HAL_Driver\\Src\\stm32f4xx_hal_smbus.c 0x00000000   Number         0  stm32f4xx_hal_smbus.o ABSOLUTE
    ..\\Hardware\\STM32F4XX\\STM32F4xx_HAL_Driver\\Src\\stm32f4xx_hal_spdifrx.c 0x00000000   Number         0  stm32f4xx_hal_spdifrx.o ABSOLUTE
    ..\\Hardware\\STM32F4XX\\STM32F4xx_HAL_Driver\\Src\\stm32f4xx_hal_spi.c 0x00000000   Number         0  stm32f4xx_hal_spi.o ABSOLUTE
    ..\\Hardware\\STM32F4XX\\STM32F4xx_HAL_Driver\\Src\\stm32f4xx_hal_sram.c 0x00000000   Number         0  stm32f4xx_hal_sram.o ABSOLUTE
    ..\\Hardware\\STM32F4XX\\STM32F4xx_HAL_Driver\\Src\\stm32f4xx_hal_tim.c 0x00000000   Number         0  stm32f4xx_hal_tim.o ABSOLUTE
    ..\\Hardware\\STM32F4XX\\STM32F4xx_HAL_Driver\\Src\\stm32f4xx_hal_tim_ex.c 0x00000000   Number         0  stm32f4xx_hal_tim_ex.o ABSOLUTE
    ..\\Hardware\\STM32F4XX\\STM32F4xx_HAL_Driver\\Src\\stm32f4xx_hal_uart.c 0x00000000   Number         0  stm32f4xx_hal_uart.o ABSOLUTE
    ..\\Hardware\\STM32F4XX\\STM32F4xx_HAL_Driver\\Src\\stm32f4xx_hal_usart.c 0x00000000   Number         0  stm32f4xx_hal_usart.o ABSOLUTE
    ..\\Hardware\\STM32F4XX\\STM32F4xx_HAL_Driver\\Src\\stm32f4xx_hal_wwdg.c 0x00000000   Number         0  stm32f4xx_hal_wwdg.o ABSOLUTE
    cdrcmple.s                               0x00000000   Number         0  cdrcmple.o ABSOLUTE
    dc.s                                     0x00000000   Number         0  dc.o ABSOLUTE
    handlers.s                               0x00000000   Number         0  handlers.o ABSOLUTE
    init.s                                   0x00000000   Number         0  init.o ABSOLUTE
    RESET                                    0x08000000   Section      392  startup_stm32f407xx.o(RESET)
    .ARM.Collect$$$$00000000                 0x08000188   Section        0  entry.o(.ARM.Collect$$$$00000000)
    .ARM.Collect$$$$00000001                 0x08000188   Section        4  entry2.o(.ARM.Collect$$$$00000001)
    .ARM.Collect$$$$00000004                 0x0800018c   Section        4  entry5.o(.ARM.Collect$$$$00000004)
    .ARM.Collect$$$$00000008                 0x08000190   Section        0  entry7b.o(.ARM.Collect$$$$00000008)
    .ARM.Collect$$$$0000000A                 0x08000190   Section        0  entry8b.o(.ARM.Collect$$$$0000000A)
    .ARM.Collect$$$$0000000B                 0x08000190   Section        8  entry9a.o(.ARM.Collect$$$$0000000B)
    .ARM.Collect$$$$0000000D                 0x08000198   Section        0  entry10a.o(.ARM.Collect$$$$0000000D)
    .ARM.Collect$$$$0000000F                 0x08000198   Section        0  entry11a.o(.ARM.Collect$$$$0000000F)
    .ARM.Collect$$$$00002712                 0x08000198   Section        4  entry2.o(.ARM.Collect$$$$00002712)
    __lit__00000000                          0x08000198   Data           4  entry2.o(.ARM.Collect$$$$00002712)
    .text                                    0x0800019c   Section       36  startup_stm32f407xx.o(.text)
    $v0                                      0x0800019c   Number         0  startup_stm32f407xx.o(.text)
    .text                                    0x080001c0   Section        0  uldiv.o(.text)
    .text                                    0x08000222   Section        0  memcpya.o(.text)
    .text                                    0x08000246   Section        0  memseta.o(.text)
    .text                                    0x0800026a   Section        0  dmul.o(.text)
    .text                                    0x08000350   Section       48  cdrcmple.o(.text)
    .text                                    0x08000380   Section        0  uidiv.o(.text)
    .text                                    0x080003ac   Section        0  llshl.o(.text)
    .text                                    0x080003ca   Section        0  llushr.o(.text)
    .text                                    0x080003ea   Section        0  depilogue.o(.text)
    .text                                    0x080003ea   Section        0  iusefp.o(.text)
    .text                                    0x080004a4   Section        0  dadd.o(.text)
    .text                                    0x080005f2   Section        0  ddiv.o(.text)
    .text                                    0x080006d0   Section        0  dfixul.o(.text)
    .text                                    0x08000700   Section       36  init.o(.text)
    .text                                    0x08000724   Section        0  llsshr.o(.text)
    .text                                    0x08000748   Section        0  __dczerorl2.o(.text)
    i.BusFault_Handler                       0x0800079e   Section        0  drv_hal.o(i.BusFault_Handler)
    i.DMA2_Stream2_IRQHandler                0x080007a4   Section        0  task_irq.o(i.DMA2_Stream2_IRQHandler)
    i.DebugMon_Handler                       0x080007b4   Section        0  drv_hal.o(i.DebugMon_Handler)
    i.Drv_GPIO_Init                          0x080007b6   Section        0  drv_hal_gpio.o(i.Drv_GPIO_Init)
    i.Drv_HAL_Error                          0x08000820   Section        0  drv_hal.o(i.Drv_HAL_Error)
    i.Drv_HAL_IncTick                        0x0800087c   Section        0  drv_hal.o(i.Drv_HAL_IncTick)
    i.Drv_HAL_Init                           0x08000888   Section        0  drv_hal.o(i.Drv_HAL_Init)
    i.Drv_Uart_IRQHandler                    0x08000894   Section        0  drv_hal_uart.o(i.Drv_Uart_IRQHandler)
    i.Drv_Uart_ITInit                        0x080008a0   Section        0  drv_hal_uart.o(i.Drv_Uart_ITInit)
    i.Drv_Uart_IT_RxHandler                  0x080008e0   Section        0  drv_hal_uart.o(i.Drv_Uart_IT_RxHandler)
    i.Drv_Uart_Receive_IT                    0x08000966   Section        0  drv_hal_uart.o(i.Drv_Uart_Receive_IT)
    i.EXTI15_10_IRQHandler                   0x08000998   Section        0  task_irq.o(i.EXTI15_10_IRQHandler)
    i.EXTI9_5_IRQHandler                     0x0800099a   Section        0  task_irq.o(i.EXTI9_5_IRQHandler)
    i.HAL_DMA_Abort                          0x0800099c   Section        0  stm32f4xx_hal_dma.o(i.HAL_DMA_Abort)
    i.HAL_DMA_Abort_IT                       0x08000a48   Section        0  stm32f4xx_hal_dma.o(i.HAL_DMA_Abort_IT)
    i.HAL_DMA_IRQHandler                     0x08000a70   Section        0  stm32f4xx_hal_dma.o(i.HAL_DMA_IRQHandler)
    i.HAL_GPIO_Init                          0x08000cb0   Section        0  stm32f4xx_hal_gpio.o(i.HAL_GPIO_Init)
    i.HAL_GetTick                            0x08000ea4   Section        0  stm32f4xx_hal.o(i.HAL_GetTick)
    i.HAL_IncTick                            0x08000eb0   Section        0  stm32f4xx_hal.o(i.HAL_IncTick)
    i.HAL_Init                               0x08000ec8   Section        0  stm32f4xx_hal.o(i.HAL_Init)
    i.HAL_InitTick                           0x08000f04   Section        0  stm32f4xx_hal.o(i.HAL_InitTick)
    i.HAL_MspInit                            0x08000f50   Section        0  drv_hal.o(i.HAL_MspInit)
    i.HAL_NVIC_EnableIRQ                     0x08000fe4   Section        0  stm32f4xx_hal_cortex.o(i.HAL_NVIC_EnableIRQ)
    i.HAL_NVIC_SetPriority                   0x08001004   Section        0  stm32f4xx_hal_cortex.o(i.HAL_NVIC_SetPriority)
    i.HAL_NVIC_SetPriorityGrouping           0x08001080   Section        0  stm32f4xx_hal_cortex.o(i.HAL_NVIC_SetPriorityGrouping)
    i.HAL_RCC_ClockConfig                    0x080010a8   Section        0  stm32f4xx_hal_rcc.o(i.HAL_RCC_ClockConfig)
    i.HAL_RCC_GetHCLKFreq                    0x0800122c   Section        0  stm32f4xx_hal_rcc.o(i.HAL_RCC_GetHCLKFreq)
    i.HAL_RCC_GetPCLK1Freq                   0x08001238   Section        0  stm32f4xx_hal_rcc.o(i.HAL_RCC_GetPCLK1Freq)
    i.HAL_RCC_GetPCLK2Freq                   0x08001258   Section        0  stm32f4xx_hal_rcc.o(i.HAL_RCC_GetPCLK2Freq)
    i.HAL_RCC_GetSysClockFreq                0x08001278   Section        0  stm32f4xx_hal_rcc.o(i.HAL_RCC_GetSysClockFreq)
    i.HAL_RCC_OscConfig                      0x08001328   Section        0  stm32f4xx_hal_rcc.o(i.HAL_RCC_OscConfig)
    i.HAL_SYSTICK_Callback                   0x080017c4   Section        0  stm32f4xx_hal_cortex.o(i.HAL_SYSTICK_Callback)
    i.HAL_SYSTICK_Config                     0x080017c6   Section        0  stm32f4xx_hal_cortex.o(i.HAL_SYSTICK_Config)
    i.HAL_SYSTICK_IRQHandler                 0x080017fa   Section        0  stm32f4xx_hal_cortex.o(i.HAL_SYSTICK_IRQHandler)
    i.HAL_UARTEx_RxEventCallback             0x08001802   Section        0  stm32f4xx_hal_uart.o(i.HAL_UARTEx_RxEventCallback)
    i.HAL_UART_ErrorCallback                 0x08001804   Section        0  stm32f4xx_hal_uart.o(i.HAL_UART_ErrorCallback)
    i.HAL_UART_IRQHandler                    0x08001808   Section        0  stm32f4xx_hal_uart.o(i.HAL_UART_IRQHandler)
    i.HAL_UART_Init                          0x08001ae8   Section        0  stm32f4xx_hal_uart.o(i.HAL_UART_Init)
    i.HAL_UART_MspInit                       0x08001b5a   Section        0  stm32f4xx_hal_uart.o(i.HAL_UART_MspInit)
    i.HAL_UART_Receive_IT                    0x08001b5c   Section        0  stm32f4xx_hal_uart.o(i.HAL_UART_Receive_IT)
    i.HAL_UART_RxCpltCallback                0x08001ba0   Section        0  task_irq.o(i.HAL_UART_RxCpltCallback)
    i.HAL_UART_TxCpltCallback                0x08001bb4   Section        0  stm32f4xx_hal_uart.o(i.HAL_UART_TxCpltCallback)
    i.HardFault_Handler                      0x08001bb6   Section        0  drv_hal.o(i.HardFault_Handler)
    i.MemManage_Handler                      0x08001bba   Section        0  drv_hal.o(i.MemManage_Handler)
    i.NMI_Handler                            0x08001bbe   Section        0  drv_hal.o(i.NMI_Handler)
    i.PendSV_Handler                         0x08001bc2   Section        0  drv_hal.o(i.PendSV_Handler)
    i.SVC_Handler                            0x08001bc4   Section        0  drv_hal.o(i.SVC_Handler)
    i.S_GPIO_CLKEnable                       0x08001bc8   Section        0  drv_hal_gpio.o(i.S_GPIO_CLKEnable)
    S_GPIO_CLKEnable                         0x08001bc9   Thumb Code   364  drv_hal_gpio.o(i.S_GPIO_CLKEnable)
    i.S_GPIO_NVICParamConfig                 0x08001d5c   Section        0  drv_hal_gpio.o(i.S_GPIO_NVICParamConfig)
    S_GPIO_NVICParamConfig                   0x08001d5d   Thumb Code   242  drv_hal_gpio.o(i.S_GPIO_NVICParamConfig)
    i.S_GPIO_ParamConfig                     0x08001e4e   Section        0  drv_hal_gpio.o(i.S_GPIO_ParamConfig)
    S_GPIO_ParamConfig                       0x08001e4f   Thumb Code    14  drv_hal_gpio.o(i.S_GPIO_ParamConfig)
    i.S_HAL_CLKConfig                        0x08001e5c   Section        0  drv_hal.o(i.S_HAL_CLKConfig)
    S_HAL_CLKConfig                          0x08001e5d   Thumb Code   170  drv_hal.o(i.S_HAL_CLKConfig)
    i.S_Uart_CLKConfig                       0x08001f10   Section        0  drv_hal_uart.o(i.S_Uart_CLKConfig)
    S_Uart_CLKConfig                         0x08001f11   Thumb Code     2  drv_hal_uart.o(i.S_Uart_CLKConfig)
    i.S_Uart_CLKEnable                       0x08001f14   Section        0  drv_hal_uart.o(i.S_Uart_CLKEnable)
    S_Uart_CLKEnable                         0x08001f15   Thumb Code   260  drv_hal_uart.o(i.S_Uart_CLKEnable)
    i.S_Uart_GPIOConfig                      0x08002034   Section        0  drv_hal_uart.o(i.S_Uart_GPIOConfig)
    S_Uart_GPIOConfig                        0x08002035   Thumb Code    58  drv_hal_uart.o(i.S_Uart_GPIOConfig)
    i.S_Uart_NVICConfig                      0x08002078   Section        0  drv_hal_uart.o(i.S_Uart_NVICConfig)
    S_Uart_NVICConfig                        0x08002079   Thumb Code   184  drv_hal_uart.o(i.S_Uart_NVICConfig)
    i.S_Uart_ParamConfig                     0x08002148   Section        0  drv_hal_uart.o(i.S_Uart_ParamConfig)
    S_Uart_ParamConfig                       0x08002149   Thumb Code    22  drv_hal_uart.o(i.S_Uart_ParamConfig)
    i.S_Uart_ParamMatch                      0x08002180   Section        0  drv_hal_uart.o(i.S_Uart_ParamMatch)
    S_Uart_ParamMatch                        0x08002181   Thumb Code   108  drv_hal_uart.o(i.S_Uart_ParamMatch)
    i.SysTick_Handler                        0x080021f0   Section        0  drv_hal.o(i.SysTick_Handler)
    i.SystemInit                             0x080021f8   Section        0  system_stm32f4xx.o(i.SystemInit)
    i.TIM2_IRQHandler                        0x080021fa   Section        0  task_irq.o(i.TIM2_IRQHandler)
    i.TIM3_IRQHandler                        0x080021fc   Section        0  task_irq.o(i.TIM3_IRQHandler)
    i.TIM4_IRQHandler                        0x080021fe   Section        0  task_irq.o(i.TIM4_IRQHandler)
    i.TIM5_IRQHandler                        0x08002200   Section        0  task_irq.o(i.TIM5_IRQHandler)
    i.TIM7_IRQHandler                        0x08002202   Section        0  task_irq.o(i.TIM7_IRQHandler)
    i.Task_Sys_Init                          0x08002204   Section        0  task_sysinit.o(i.Task_Sys_Init)
    i.Task_UserInit                          0x0800220c   Section        0  task_userinit.o(i.Task_UserInit)
    i.UART4_IRQHandler                       0x08002228   Section        0  task_irq.o(i.UART4_IRQHandler)
    i.UART5_IRQHandler                       0x0800222a   Section        0  task_irq.o(i.UART5_IRQHandler)
    i.UART_DMAAbortOnError                   0x0800222c   Section        0  stm32f4xx_hal_uart.o(i.UART_DMAAbortOnError)
    UART_DMAAbortOnError                     0x0800222d   Thumb Code    20  stm32f4xx_hal_uart.o(i.UART_DMAAbortOnError)
    i.UART_EndRxTransfer                     0x08002240   Section        0  stm32f4xx_hal_uart.o(i.UART_EndRxTransfer)
    UART_EndRxTransfer                       0x08002241   Thumb Code   108  stm32f4xx_hal_uart.o(i.UART_EndRxTransfer)
    i.UART_EndTransmit_IT                    0x080022ac   Section        0  stm32f4xx_hal_uart.o(i.UART_EndTransmit_IT)
    UART_EndTransmit_IT                      0x080022ad   Thumb Code    32  stm32f4xx_hal_uart.o(i.UART_EndTransmit_IT)
    i.UART_Receive_IT                        0x080022cc   Section        0  stm32f4xx_hal_uart.o(i.UART_Receive_IT)
    UART_Receive_IT                          0x080022cd   Thumb Code   248  stm32f4xx_hal_uart.o(i.UART_Receive_IT)
    i.UART_SetConfig                         0x080023c4   Section        0  stm32f4xx_hal_uart.o(i.UART_SetConfig)
    UART_SetConfig                           0x080023c5   Thumb Code   546  stm32f4xx_hal_uart.o(i.UART_SetConfig)
    i.UART_Start_Receive_IT                  0x080025f0   Section        0  stm32f4xx_hal_uart.o(i.UART_Start_Receive_IT)
    i.UART_Transmit_IT                       0x0800263a   Section        0  stm32f4xx_hal_uart.o(i.UART_Transmit_IT)
    UART_Transmit_IT                         0x0800263b   Thumb Code    96  stm32f4xx_hal_uart.o(i.UART_Transmit_IT)
    i.USART1_IRQHandler                      0x0800269c   Section        0  task_irq.o(i.USART1_IRQHandler)
    i.USART2_IRQHandler                      0x080026ac   Section        0  task_irq.o(i.USART2_IRQHandler)
    i.USART3_IRQHandler                      0x080026ae   Section        0  task_irq.o(i.USART3_IRQHandler)
    i.UsageFault_Handler                     0x080026b0   Section        0  drv_hal.o(i.UsageFault_Handler)
    i.UserLogic_Code                         0x080026b4   Section        0  usercode.o(i.UserLogic_Code)
    i.__0printf                              0x08002704   Section        0  printfa.o(i.__0printf)
    i.__NVIC_GetPriorityGrouping             0x08002724   Section        0  stm32f4xx_hal_cortex.o(i.__NVIC_GetPriorityGrouping)
    __NVIC_GetPriorityGrouping               0x08002725   Thumb Code    10  stm32f4xx_hal_cortex.o(i.__NVIC_GetPriorityGrouping)
    i.__NVIC_SetPriority                     0x08002734   Section        0  stm32f4xx_hal_cortex.o(i.__NVIC_SetPriority)
    __NVIC_SetPriority                       0x08002735   Thumb Code    32  stm32f4xx_hal_cortex.o(i.__NVIC_SetPriority)
    i.__scatterload_copy                     0x0800275c   Section       14  handlers.o(i.__scatterload_copy)
    i.__scatterload_null                     0x0800276a   Section        2  handlers.o(i.__scatterload_null)
    i.__scatterload_zeroinit                 0x0800276c   Section       14  handlers.o(i.__scatterload_zeroinit)
    i._fp_digits                             0x0800277c   Section        0  printfa.o(i._fp_digits)
    _fp_digits                               0x0800277d   Thumb Code   366  printfa.o(i._fp_digits)
    i._printf_core                           0x08002900   Section        0  printfa.o(i._printf_core)
    _printf_core                             0x08002901   Thumb Code  1744  printfa.o(i._printf_core)
    i._printf_post_padding                   0x08002fdc   Section        0  printfa.o(i._printf_post_padding)
    _printf_post_padding                     0x08002fdd   Thumb Code    36  printfa.o(i._printf_post_padding)
    i._printf_pre_padding                    0x08003000   Section        0  printfa.o(i._printf_pre_padding)
    _printf_pre_padding                      0x08003001   Thumb Code    46  printfa.o(i._printf_pre_padding)
    i.fputc                                  0x08003030   Section        0  drv_hal.o(i.fputc)
    i.main                                   0x08003064   Section        0  main.o(i.main)
    i.malloc                                 0x08003078   Section        0  malloc.o(i.malloc)
    .constdata                               0x080030e4   Section       24  system_stm32f4xx.o(.constdata)
    .data                                    0x20000000   Section        5  usercode.o(.data)
    s_ucpCheckCache                          0x20000000   Data           4  usercode.o(.data)
    .data                                    0x20000008   Section      424  config.o(.data)
    s_ucpCheckCache                          0x20000008   Data           4  config.o(.data)
    .data                                    0x200001b0   Section        8  drv_hal.o(.data)
    s_ucpCheckCache                          0x200001b0   Data           4  drv_hal.o(.data)
    .data                                    0x200001b8   Section        9  stm32f4xx_hal.o(.data)
    .data                                    0x200001c4   Section        4  system_stm32f4xx.o(.data)
    .data                                    0x200001c8   Section        4  mvars.o(.data)
    .data                                    0x200001cc   Section        4  mvars.o(.data)
    .bss                                     0x200001d0   Section       20  usercode.o(.bss)
    HEAP                                     0x200001e8   Section      512  startup_stm32f407xx.o(HEAP)
    STACK                                    0x200003e8   Section     1024  startup_stm32f407xx.o(STACK)

    Global Symbols

    Symbol Name                              Value     Ov Type        Size  Object(Section)

    BuildAttributes$$THM_ISAv4$E$P$D$K$B$S$7EM$VFPi3$EXTD16$VFPS$VFMA$PE$A:L22UL41UL21$X:L11$S22US41US21$IEEE1$IW$USESV6$~STKCKD$USESV7$~SHL$OTIME$ROPI$EBA8$MICROLIB$REQ8$PRES8$EABIv2 0x00000000   Number         0  anon$$obj.o ABSOLUTE
    __ARM_use_no_argv                        0x00000000   Number         0  main.o ABSOLUTE
    __use_no_errno                           0x00000000   Number         0  useno.o ABSOLUTE
    __use_no_exception_handling              0x00000000   Number         0  useno.o ABSOLUTE
    __use_no_fp                              0x00000000   Number         0  useno.o ABSOLUTE
    __use_no_heap                            0x00000000   Number         0  useno.o ABSOLUTE
    __use_no_heap_region                     0x00000000   Number         0  useno.o ABSOLUTE
    __use_no_semihosting                     0x00000000   Number         0  useno.o ABSOLUTE
    __use_no_semihosting_swi                 0x00000000   Number         0  useno.o ABSOLUTE
    __use_no_signal_handling                 0x00000000   Number         0  useno.o ABSOLUTE
    _printf_a                                0x00000000   Number         0  stubs.o ABSOLUTE
    _printf_c                                0x00000000   Number         0  stubs.o ABSOLUTE
    _printf_charcount                        0x00000000   Number         0  stubs.o ABSOLUTE
    _printf_d                                0x00000000   Number         0  stubs.o ABSOLUTE
    _printf_e                                0x00000000   Number         0  stubs.o ABSOLUTE
    _printf_f                                0x00000000   Number         0  stubs.o ABSOLUTE
    _printf_flags                            0x00000000   Number         0  stubs.o ABSOLUTE
    _printf_fp_dec                           0x00000000   Number         0  stubs.o ABSOLUTE
    _printf_fp_hex                           0x00000000   Number         0  stubs.o ABSOLUTE
    _printf_g                                0x00000000   Number         0  stubs.o ABSOLUTE
    _printf_i                                0x00000000   Number         0  stubs.o ABSOLUTE
    _printf_int_dec                          0x00000000   Number         0  stubs.o ABSOLUTE
    _printf_l                                0x00000000   Number         0  stubs.o ABSOLUTE
    _printf_lc                               0x00000000   Number         0  stubs.o ABSOLUTE
    _printf_ll                               0x00000000   Number         0  stubs.o ABSOLUTE
    _printf_lld                              0x00000000   Number         0  stubs.o ABSOLUTE
    _printf_lli                              0x00000000   Number         0  stubs.o ABSOLUTE
    _printf_llo                              0x00000000   Number         0  stubs.o ABSOLUTE
    _printf_llu                              0x00000000   Number         0  stubs.o ABSOLUTE
    _printf_llx                              0x00000000   Number         0  stubs.o ABSOLUTE
    _printf_longlong_dec                     0x00000000   Number         0  stubs.o ABSOLUTE
    _printf_longlong_hex                     0x00000000   Number         0  stubs.o ABSOLUTE
    _printf_longlong_oct                     0x00000000   Number         0  stubs.o ABSOLUTE
    _printf_ls                               0x00000000   Number         0  stubs.o ABSOLUTE
    _printf_mbtowc                           0x00000000   Number         0  stubs.o ABSOLUTE
    _printf_n                                0x00000000   Number         0  stubs.o ABSOLUTE
    _printf_o                                0x00000000   Number         0  stubs.o ABSOLUTE
    _printf_p                                0x00000000   Number         0  stubs.o ABSOLUTE
    _printf_percent                          0x00000000   Number         0  stubs.o ABSOLUTE
    _printf_pre_padding                      0x00000000   Number         0  stubs.o ABSOLUTE
    _printf_return_value                     0x00000000   Number         0  stubs.o ABSOLUTE
    _printf_s                                0x00000000   Number         0  stubs.o ABSOLUTE
    _printf_sizespec                         0x00000000   Number         0  stubs.o ABSOLUTE
    _printf_str                              0x00000000   Number         0  stubs.o ABSOLUTE
    _printf_truncate_signed                  0x00000000   Number         0  stubs.o ABSOLUTE
    _printf_truncate_unsigned                0x00000000   Number         0  stubs.o ABSOLUTE
    _printf_u                                0x00000000   Number         0  stubs.o ABSOLUTE
    _printf_wc                               0x00000000   Number         0  stubs.o ABSOLUTE
    _printf_wctomb                           0x00000000   Number         0  stubs.o ABSOLUTE
    _printf_widthprec                        0x00000000   Number         0  stubs.o ABSOLUTE
    _printf_x                                0x00000000   Number         0  stubs.o ABSOLUTE
    __cpp_initialize__aeabi_                  - Undefined Weak Reference
    __cxa_finalize                            - Undefined Weak Reference
    _clock_init                               - Undefined Weak Reference
    _microlib_exit                            - Undefined Weak Reference
    __Vectors_Size                           0x00000188   Number         0  startup_stm32f407xx.o ABSOLUTE
    __Vectors                                0x08000000   Data           4  startup_stm32f407xx.o(RESET)
    __Vectors_End                            0x08000188   Data           0  startup_stm32f407xx.o(RESET)
    __main                                   0x08000189   Thumb Code     0  entry.o(.ARM.Collect$$$$00000000)
    _main_stk                                0x08000189   Thumb Code     0  entry2.o(.ARM.Collect$$$$00000001)
    _main_scatterload                        0x0800018d   Thumb Code     0  entry5.o(.ARM.Collect$$$$00000004)
    __main_after_scatterload                 0x08000191   Thumb Code     0  entry5.o(.ARM.Collect$$$$00000004)
    _main_clock                              0x08000191   Thumb Code     0  entry7b.o(.ARM.Collect$$$$00000008)
    _main_cpp_init                           0x08000191   Thumb Code     0  entry8b.o(.ARM.Collect$$$$0000000A)
    _main_init                               0x08000191   Thumb Code     0  entry9a.o(.ARM.Collect$$$$0000000B)
    __rt_final_cpp                           0x08000199   Thumb Code     0  entry10a.o(.ARM.Collect$$$$0000000D)
    __rt_final_exit                          0x08000199   Thumb Code     0  entry11a.o(.ARM.Collect$$$$0000000F)
    Reset_Handler                            0x0800019d   Thumb Code     8  startup_stm32f407xx.o(.text)
    ADC_IRQHandler                           0x080001b7   Thumb Code     0  startup_stm32f407xx.o(.text)
    CAN1_RX0_IRQHandler                      0x080001b7   Thumb Code     0  startup_stm32f407xx.o(.text)
    CAN1_RX1_IRQHandler                      0x080001b7   Thumb Code     0  startup_stm32f407xx.o(.text)
    CAN1_SCE_IRQHandler                      0x080001b7   Thumb Code     0  startup_stm32f407xx.o(.text)
    CAN1_TX_IRQHandler                       0x080001b7   Thumb Code     0  startup_stm32f407xx.o(.text)
    CAN2_RX0_IRQHandler                      0x080001b7   Thumb Code     0  startup_stm32f407xx.o(.text)
    CAN2_RX1_IRQHandler                      0x080001b7   Thumb Code     0  startup_stm32f407xx.o(.text)
    CAN2_SCE_IRQHandler                      0x080001b7   Thumb Code     0  startup_stm32f407xx.o(.text)
    CAN2_TX_IRQHandler                       0x080001b7   Thumb Code     0  startup_stm32f407xx.o(.text)
    DCMI_IRQHandler                          0x080001b7   Thumb Code     0  startup_stm32f407xx.o(.text)
    DMA1_Stream0_IRQHandler                  0x080001b7   Thumb Code     0  startup_stm32f407xx.o(.text)
    DMA1_Stream1_IRQHandler                  0x080001b7   Thumb Code     0  startup_stm32f407xx.o(.text)
    DMA1_Stream2_IRQHandler                  0x080001b7   Thumb Code     0  startup_stm32f407xx.o(.text)
    DMA1_Stream3_IRQHandler                  0x080001b7   Thumb Code     0  startup_stm32f407xx.o(.text)
    DMA1_Stream4_IRQHandler                  0x080001b7   Thumb Code     0  startup_stm32f407xx.o(.text)
    DMA1_Stream5_IRQHandler                  0x080001b7   Thumb Code     0  startup_stm32f407xx.o(.text)
    DMA1_Stream6_IRQHandler                  0x080001b7   Thumb Code     0  startup_stm32f407xx.o(.text)
    DMA1_Stream7_IRQHandler                  0x080001b7   Thumb Code     0  startup_stm32f407xx.o(.text)
    DMA2_Stream0_IRQHandler                  0x080001b7   Thumb Code     0  startup_stm32f407xx.o(.text)
    DMA2_Stream1_IRQHandler                  0x080001b7   Thumb Code     0  startup_stm32f407xx.o(.text)
    DMA2_Stream3_IRQHandler                  0x080001b7   Thumb Code     0  startup_stm32f407xx.o(.text)
    DMA2_Stream4_IRQHandler                  0x080001b7   Thumb Code     0  startup_stm32f407xx.o(.text)
    DMA2_Stream5_IRQHandler                  0x080001b7   Thumb Code     0  startup_stm32f407xx.o(.text)
    DMA2_Stream6_IRQHandler                  0x080001b7   Thumb Code     0  startup_stm32f407xx.o(.text)
    DMA2_Stream7_IRQHandler                  0x080001b7   Thumb Code     0  startup_stm32f407xx.o(.text)
    ETH_IRQHandler                           0x080001b7   Thumb Code     0  startup_stm32f407xx.o(.text)
    ETH_WKUP_IRQHandler                      0x080001b7   Thumb Code     0  startup_stm32f407xx.o(.text)
    EXTI0_IRQHandler                         0x080001b7   Thumb Code     0  startup_stm32f407xx.o(.text)
    EXTI1_IRQHandler                         0x080001b7   Thumb Code     0  startup_stm32f407xx.o(.text)
    EXTI2_IRQHandler                         0x080001b7   Thumb Code     0  startup_stm32f407xx.o(.text)
    EXTI3_IRQHandler                         0x080001b7   Thumb Code     0  startup_stm32f407xx.o(.text)
    EXTI4_IRQHandler                         0x080001b7   Thumb Code     0  startup_stm32f407xx.o(.text)
    FLASH_IRQHandler                         0x080001b7   Thumb Code     0  startup_stm32f407xx.o(.text)
    FMC_IRQHandler                           0x080001b7   Thumb Code     0  startup_stm32f407xx.o(.text)
    FPU_IRQHandler                           0x080001b7   Thumb Code     0  startup_stm32f407xx.o(.text)
    HASH_RNG_IRQHandler                      0x080001b7   Thumb Code     0  startup_stm32f407xx.o(.text)
    I2C1_ER_IRQHandler                       0x080001b7   Thumb Code     0  startup_stm32f407xx.o(.text)
    I2C1_EV_IRQHandler                       0x080001b7   Thumb Code     0  startup_stm32f407xx.o(.text)
    I2C2_ER_IRQHandler                       0x080001b7   Thumb Code     0  startup_stm32f407xx.o(.text)
    I2C2_EV_IRQHandler                       0x080001b7   Thumb Code     0  startup_stm32f407xx.o(.text)
    I2C3_ER_IRQHandler                       0x080001b7   Thumb Code     0  startup_stm32f407xx.o(.text)
    I2C3_EV_IRQHandler                       0x080001b7   Thumb Code     0  startup_stm32f407xx.o(.text)
    OTG_FS_IRQHandler                        0x080001b7   Thumb Code     0  startup_stm32f407xx.o(.text)
    OTG_FS_WKUP_IRQHandler                   0x080001b7   Thumb Code     0  startup_stm32f407xx.o(.text)
    OTG_HS_EP1_IN_IRQHandler                 0x080001b7   Thumb Code     0  startup_stm32f407xx.o(.text)
    OTG_HS_EP1_OUT_IRQHandler                0x080001b7   Thumb Code     0  startup_stm32f407xx.o(.text)
    OTG_HS_IRQHandler                        0x080001b7   Thumb Code     0  startup_stm32f407xx.o(.text)
    OTG_HS_WKUP_IRQHandler                   0x080001b7   Thumb Code     0  startup_stm32f407xx.o(.text)
    PVD_IRQHandler                           0x080001b7   Thumb Code     0  startup_stm32f407xx.o(.text)
    RCC_IRQHandler                           0x080001b7   Thumb Code     0  startup_stm32f407xx.o(.text)
    RTC_Alarm_IRQHandler                     0x080001b7   Thumb Code     0  startup_stm32f407xx.o(.text)
    RTC_WKUP_IRQHandler                      0x080001b7   Thumb Code     0  startup_stm32f407xx.o(.text)
    SDIO_IRQHandler                          0x080001b7   Thumb Code     0  startup_stm32f407xx.o(.text)
    SPI1_IRQHandler                          0x080001b7   Thumb Code     0  startup_stm32f407xx.o(.text)
    SPI2_IRQHandler                          0x080001b7   Thumb Code     0  startup_stm32f407xx.o(.text)
    SPI3_IRQHandler                          0x080001b7   Thumb Code     0  startup_stm32f407xx.o(.text)
    TAMP_STAMP_IRQHandler                    0x080001b7   Thumb Code     0  startup_stm32f407xx.o(.text)
    TIM1_BRK_TIM9_IRQHandler                 0x080001b7   Thumb Code     0  startup_stm32f407xx.o(.text)
    TIM1_CC_IRQHandler                       0x080001b7   Thumb Code     0  startup_stm32f407xx.o(.text)
    TIM1_TRG_COM_TIM11_IRQHandler            0x080001b7   Thumb Code     0  startup_stm32f407xx.o(.text)
    TIM1_UP_TIM10_IRQHandler                 0x080001b7   Thumb Code     0  startup_stm32f407xx.o(.text)
    TIM6_DAC_IRQHandler                      0x080001b7   Thumb Code     0  startup_stm32f407xx.o(.text)
    TIM8_BRK_TIM12_IRQHandler                0x080001b7   Thumb Code     0  startup_stm32f407xx.o(.text)
    TIM8_CC_IRQHandler                       0x080001b7   Thumb Code     0  startup_stm32f407xx.o(.text)
    TIM8_TRG_COM_TIM14_IRQHandler            0x080001b7   Thumb Code     0  startup_stm32f407xx.o(.text)
    TIM8_UP_TIM13_IRQHandler                 0x080001b7   Thumb Code     0  startup_stm32f407xx.o(.text)
    USART6_IRQHandler                        0x080001b7   Thumb Code     0  startup_stm32f407xx.o(.text)
    WWDG_IRQHandler                          0x080001b7   Thumb Code     0  startup_stm32f407xx.o(.text)
    __aeabi_uldivmod                         0x080001c1   Thumb Code    98  uldiv.o(.text)
    __aeabi_memcpy                           0x08000223   Thumb Code    36  memcpya.o(.text)
    __aeabi_memcpy4                          0x08000223   Thumb Code     0  memcpya.o(.text)
    __aeabi_memcpy8                          0x08000223   Thumb Code     0  memcpya.o(.text)
    __aeabi_memset                           0x08000247   Thumb Code    14  memseta.o(.text)
    __aeabi_memset4                          0x08000247   Thumb Code     0  memseta.o(.text)
    __aeabi_memset8                          0x08000247   Thumb Code     0  memseta.o(.text)
    __aeabi_memclr                           0x08000255   Thumb Code     4  memseta.o(.text)
    __aeabi_memclr4                          0x08000255   Thumb Code     0  memseta.o(.text)
    __aeabi_memclr8                          0x08000255   Thumb Code     0  memseta.o(.text)
    _memset$wrapper                          0x08000259   Thumb Code    18  memseta.o(.text)
    __aeabi_dmul                             0x0800026b   Thumb Code   228  dmul.o(.text)
    __aeabi_cdrcmple                         0x08000351   Thumb Code    48  cdrcmple.o(.text)
    __aeabi_uidiv                            0x08000381   Thumb Code     0  uidiv.o(.text)
    __aeabi_uidivmod                         0x08000381   Thumb Code    44  uidiv.o(.text)
    __aeabi_llsl                             0x080003ad   Thumb Code    30  llshl.o(.text)
    _ll_shift_l                              0x080003ad   Thumb Code     0  llshl.o(.text)
    __aeabi_llsr                             0x080003cb   Thumb Code    32  llushr.o(.text)
    _ll_ushift_r                             0x080003cb   Thumb Code     0  llushr.o(.text)
    __I$use$fp                               0x080003eb   Thumb Code     0  iusefp.o(.text)
    _double_round                            0x080003eb   Thumb Code    30  depilogue.o(.text)
    _double_epilogue                         0x08000409   Thumb Code   156  depilogue.o(.text)
    __aeabi_dadd                             0x080004a5   Thumb Code   322  dadd.o(.text)
    __aeabi_dsub                             0x080005e7   Thumb Code     6  dadd.o(.text)
    __aeabi_drsub                            0x080005ed   Thumb Code     6  dadd.o(.text)
    __aeabi_ddiv                             0x080005f3   Thumb Code   222  ddiv.o(.text)
    __aeabi_d2ulz                            0x080006d1   Thumb Code    48  dfixul.o(.text)
    __scatterload                            0x08000701   Thumb Code    28  init.o(.text)
    __scatterload_rt2                        0x08000701   Thumb Code     0  init.o(.text)
    __aeabi_lasr                             0x08000725   Thumb Code    36  llsshr.o(.text)
    _ll_sshift_r                             0x08000725   Thumb Code     0  llsshr.o(.text)
    __decompress                             0x08000749   Thumb Code     0  __dczerorl2.o(.text)
    __decompress1                            0x08000749   Thumb Code    86  __dczerorl2.o(.text)
    BusFault_Handler                         0x0800079f   Thumb Code     4  drv_hal.o(i.BusFault_Handler)
    DMA2_Stream2_IRQHandler                  0x080007a5   Thumb Code    10  task_irq.o(i.DMA2_Stream2_IRQHandler)
    DebugMon_Handler                         0x080007b5   Thumb Code     2  drv_hal.o(i.DebugMon_Handler)
    Drv_GPIO_Init                            0x080007b7   Thumb Code   104  drv_hal_gpio.o(i.Drv_GPIO_Init)
    Drv_HAL_Error                            0x08000821   Thumb Code    24  drv_hal.o(i.Drv_HAL_Error)
    Drv_HAL_IncTick                          0x0800087d   Thumb Code    12  drv_hal.o(i.Drv_HAL_IncTick)
    Drv_HAL_Init                             0x08000889   Thumb Code    12  drv_hal.o(i.Drv_HAL_Init)
    Drv_Uart_IRQHandler                      0x08000895   Thumb Code    12  drv_hal_uart.o(i.Drv_Uart_IRQHandler)
    Drv_Uart_ITInit                          0x080008a1   Thumb Code    64  drv_hal_uart.o(i.Drv_Uart_ITInit)
    Drv_Uart_IT_RxHandler                    0x080008e1   Thumb Code   134  drv_hal_uart.o(i.Drv_Uart_IT_RxHandler)
    Drv_Uart_Receive_IT                      0x08000967   Thumb Code    50  drv_hal_uart.o(i.Drv_Uart_Receive_IT)
    EXTI15_10_IRQHandler                     0x08000999   Thumb Code     2  task_irq.o(i.EXTI15_10_IRQHandler)
    EXTI9_5_IRQHandler                       0x0800099b   Thumb Code     2  task_irq.o(i.EXTI9_5_IRQHandler)
    HAL_DMA_Abort                            0x0800099d   Thumb Code   172  stm32f4xx_hal_dma.o(i.HAL_DMA_Abort)
    HAL_DMA_Abort_IT                         0x08000a49   Thumb Code    40  stm32f4xx_hal_dma.o(i.HAL_DMA_Abort_IT)
    HAL_DMA_IRQHandler                       0x08000a71   Thumb Code   570  stm32f4xx_hal_dma.o(i.HAL_DMA_IRQHandler)
    HAL_GPIO_Init                            0x08000cb1   Thumb Code   454  stm32f4xx_hal_gpio.o(i.HAL_GPIO_Init)
    HAL_GetTick                              0x08000ea5   Thumb Code     6  stm32f4xx_hal.o(i.HAL_GetTick)
    HAL_IncTick                              0x08000eb1   Thumb Code    16  stm32f4xx_hal.o(i.HAL_IncTick)
    HAL_Init                                 0x08000ec9   Thumb Code    54  stm32f4xx_hal.o(i.HAL_Init)
    HAL_InitTick                             0x08000f05   Thumb Code    64  stm32f4xx_hal.o(i.HAL_InitTick)
    HAL_MspInit                              0x08000f51   Thumb Code   144  drv_hal.o(i.HAL_MspInit)
    HAL_NVIC_EnableIRQ                       0x08000fe5   Thumb Code    32  stm32f4xx_hal_cortex.o(i.HAL_NVIC_EnableIRQ)
    HAL_NVIC_SetPriority                     0x08001005   Thumb Code   124  stm32f4xx_hal_cortex.o(i.HAL_NVIC_SetPriority)
    HAL_NVIC_SetPriorityGrouping             0x08001081   Thumb Code    32  stm32f4xx_hal_cortex.o(i.HAL_NVIC_SetPriorityGrouping)
    HAL_RCC_ClockConfig                      0x080010a9   Thumb Code   368  stm32f4xx_hal_rcc.o(i.HAL_RCC_ClockConfig)
    HAL_RCC_GetHCLKFreq                      0x0800122d   Thumb Code     6  stm32f4xx_hal_rcc.o(i.HAL_RCC_GetHCLKFreq)
    HAL_RCC_GetPCLK1Freq                     0x08001239   Thumb Code    22  stm32f4xx_hal_rcc.o(i.HAL_RCC_GetPCLK1Freq)
    HAL_RCC_GetPCLK2Freq                     0x08001259   Thumb Code    22  stm32f4xx_hal_rcc.o(i.HAL_RCC_GetPCLK2Freq)
    HAL_RCC_GetSysClockFreq                  0x08001279   Thumb Code   162  stm32f4xx_hal_rcc.o(i.HAL_RCC_GetSysClockFreq)
    HAL_RCC_OscConfig                        0x08001329   Thumb Code  1172  stm32f4xx_hal_rcc.o(i.HAL_RCC_OscConfig)
    HAL_SYSTICK_Callback                     0x080017c5   Thumb Code     2  stm32f4xx_hal_cortex.o(i.HAL_SYSTICK_Callback)
    HAL_SYSTICK_Config                       0x080017c7   Thumb Code    52  stm32f4xx_hal_cortex.o(i.HAL_SYSTICK_Config)
    HAL_SYSTICK_IRQHandler                   0x080017fb   Thumb Code     8  stm32f4xx_hal_cortex.o(i.HAL_SYSTICK_IRQHandler)
    HAL_UARTEx_RxEventCallback               0x08001803   Thumb Code     2  stm32f4xx_hal_uart.o(i.HAL_UARTEx_RxEventCallback)
    HAL_UART_ErrorCallback                   0x08001805   Thumb Code     2  stm32f4xx_hal_uart.o(i.HAL_UART_ErrorCallback)
    HAL_UART_IRQHandler                      0x08001809   Thumb Code   732  stm32f4xx_hal_uart.o(i.HAL_UART_IRQHandler)
    HAL_UART_Init                            0x08001ae9   Thumb Code   114  stm32f4xx_hal_uart.o(i.HAL_UART_Init)
    HAL_UART_MspInit                         0x08001b5b   Thumb Code     2  stm32f4xx_hal_uart.o(i.HAL_UART_MspInit)
    HAL_UART_Receive_IT                      0x08001b5d   Thumb Code    66  stm32f4xx_hal_uart.o(i.HAL_UART_Receive_IT)
    HAL_UART_RxCpltCallback                  0x08001ba1   Thumb Code    14  task_irq.o(i.HAL_UART_RxCpltCallback)
    HAL_UART_TxCpltCallback                  0x08001bb5   Thumb Code     2  stm32f4xx_hal_uart.o(i.HAL_UART_TxCpltCallback)
    HardFault_Handler                        0x08001bb7   Thumb Code     4  drv_hal.o(i.HardFault_Handler)
    MemManage_Handler                        0x08001bbb   Thumb Code     4  drv_hal.o(i.MemManage_Handler)
    NMI_Handler                              0x08001bbf   Thumb Code     4  drv_hal.o(i.NMI_Handler)
    PendSV_Handler                           0x08001bc3   Thumb Code     2  drv_hal.o(i.PendSV_Handler)
    SVC_Handler                              0x08001bc5   Thumb Code     2  drv_hal.o(i.SVC_Handler)
    SysTick_Handler                          0x080021f1   Thumb Code     8  drv_hal.o(i.SysTick_Handler)
    SystemInit                               0x080021f9   Thumb Code     2  system_stm32f4xx.o(i.SystemInit)
    TIM2_IRQHandler                          0x080021fb   Thumb Code     2  task_irq.o(i.TIM2_IRQHandler)
    TIM3_IRQHandler                          0x080021fd   Thumb Code     2  task_irq.o(i.TIM3_IRQHandler)
    TIM4_IRQHandler                          0x080021ff   Thumb Code     2  task_irq.o(i.TIM4_IRQHandler)
    TIM5_IRQHandler                          0x08002201   Thumb Code     2  task_irq.o(i.TIM5_IRQHandler)
    TIM7_IRQHandler                          0x08002203   Thumb Code     2  task_irq.o(i.TIM7_IRQHandler)
    Task_Sys_Init                            0x08002205   Thumb Code     8  task_sysinit.o(i.Task_Sys_Init)
    Task_UserInit                            0x0800220d   Thumb Code    18  task_userinit.o(i.Task_UserInit)
    UART4_IRQHandler                         0x08002229   Thumb Code     2  task_irq.o(i.UART4_IRQHandler)
    UART5_IRQHandler                         0x0800222b   Thumb Code     2  task_irq.o(i.UART5_IRQHandler)
    UART_Start_Receive_IT                    0x080025f1   Thumb Code    74  stm32f4xx_hal_uart.o(i.UART_Start_Receive_IT)
    USART1_IRQHandler                        0x0800269d   Thumb Code    10  task_irq.o(i.USART1_IRQHandler)
    USART2_IRQHandler                        0x080026ad   Thumb Code     2  task_irq.o(i.USART2_IRQHandler)
    USART3_IRQHandler                        0x080026af   Thumb Code     2  task_irq.o(i.USART3_IRQHandler)
    UsageFault_Handler                       0x080026b1   Thumb Code     4  drv_hal.o(i.UsageFault_Handler)
    UserLogic_Code                           0x080026b5   Thumb Code    50  usercode.o(i.UserLogic_Code)
    __0printf                                0x08002705   Thumb Code    22  printfa.o(i.__0printf)
    __1printf                                0x08002705   Thumb Code     0  printfa.o(i.__0printf)
    __2printf                                0x08002705   Thumb Code     0  printfa.o(i.__0printf)
    __c89printf                              0x08002705   Thumb Code     0  printfa.o(i.__0printf)
    printf                                   0x08002705   Thumb Code     0  printfa.o(i.__0printf)
    __scatterload_copy                       0x0800275d   Thumb Code    14  handlers.o(i.__scatterload_copy)
    __scatterload_null                       0x0800276b   Thumb Code     2  handlers.o(i.__scatterload_null)
    __scatterload_zeroinit                   0x0800276d   Thumb Code    14  handlers.o(i.__scatterload_zeroinit)
    fputc                                    0x08003031   Thumb Code    46  drv_hal.o(i.fputc)
    main                                     0x08003065   Thumb Code    18  main.o(i.main)
    malloc                                   0x08003079   Thumb Code    92  malloc.o(i.malloc)
    AHBPrescTable                            0x080030e4   Data          16  system_stm32f4xx.o(.constdata)
    APBPrescTable                            0x080030f4   Data           8  system_stm32f4xx.o(.constdata)
    Region$$Table$$Base                      0x080030fc   Number         0  anon$$obj.o(Region$$Table)
    Region$$Table$$Limit                     0x0800311c   Number         0  anon$$obj.o(Region$$Table)
    num                                      0x20000004   Data           1  usercode.o(.data)
    demoGPIO                                 0x2000000c   Data          56  config.o(.data)
    demoUart                                 0x20000044   Data         364  config.o(.data)
    __stdout                                 0x200001b4   Data           4  drv_hal.o(.data)
    uwTick                                   0x200001b8   Data           4  stm32f4xx_hal.o(.data)
    uwTickPrio                               0x200001bc   Data           4  stm32f4xx_hal.o(.data)
    uwTickFreq                               0x200001c0   Data           1  stm32f4xx_hal.o(.data)
    SystemCoreClock                          0x200001c4   Data           4  system_stm32f4xx.o(.data)
    __microlib_freelist                      0x200001c8   Data           4  mvars.o(.data)
    __microlib_freelist_initialised          0x200001cc   Data           4  mvars.o(.data)
    buffer                                   0x200001d0   Data          20  usercode.o(.bss)
    __heap_base                              0x200001e8   Data           0  startup_stm32f407xx.o(HEAP)
    __heap_limit                             0x200003e8   Data           0  startup_stm32f407xx.o(HEAP)
    __initial_sp                             0x200007e8   Data           0  startup_stm32f407xx.o(STACK)



==============================================================================

Memory Map of the image

  Image Entry point : 0x08000189

  Load Region LR_IROM1 (Base: 0x08000000, Size: 0x000032ec, Max: 0x00100000, ABSOLUTE, COMPRESSED[0x0000316c])

    Execution Region ER_IROM1 (Exec base: 0x08000000, Load base: 0x08000000, Size: 0x0000311c, Max: 0x00100000, ABSOLUTE)

    Exec Addr    Load Addr    Size         Type   Attr      Idx    E Section Name        Object

    0x08000000   0x08000000   0x00000188   Data   RO         8607    RESET               startup_stm32f407xx.o
    0x08000188   0x08000188   0x00000000   Code   RO         8612  * .ARM.Collect$$$$00000000  mc_w.l(entry.o)
    0x08000188   0x08000188   0x00000004   Code   RO         8934    .ARM.Collect$$$$00000001  mc_w.l(entry2.o)
    0x0800018c   0x0800018c   0x00000004   Code   RO         8937    .ARM.Collect$$$$00000004  mc_w.l(entry5.o)
    0x08000190   0x08000190   0x00000000   Code   RO         8939    .ARM.Collect$$$$00000008  mc_w.l(entry7b.o)
    0x08000190   0x08000190   0x00000000   Code   RO         8941    .ARM.Collect$$$$0000000A  mc_w.l(entry8b.o)
    0x08000190   0x08000190   0x00000008   Code   RO         8942    .ARM.Collect$$$$0000000B  mc_w.l(entry9a.o)
    0x08000198   0x08000198   0x00000000   Code   RO         8944    .ARM.Collect$$$$0000000D  mc_w.l(entry10a.o)
    0x08000198   0x08000198   0x00000000   Code   RO         8946    .ARM.Collect$$$$0000000F  mc_w.l(entry11a.o)
    0x08000198   0x08000198   0x00000004   Code   RO         8935    .ARM.Collect$$$$00002712  mc_w.l(entry2.o)
    0x0800019c   0x0800019c   0x00000024   Code   RO         8608    .text               startup_stm32f407xx.o
    0x080001c0   0x080001c0   0x00000062   Code   RO         8615    .text               mc_w.l(uldiv.o)
    0x08000222   0x08000222   0x00000024   Code   RO         8619    .text               mc_w.l(memcpya.o)
    0x08000246   0x08000246   0x00000024   Code   RO         8621    .text               mc_w.l(memseta.o)
    0x0800026a   0x0800026a   0x000000e4   Code   RO         8922    .text               mf_w.l(dmul.o)
    0x0800034e   0x0800034e   0x00000002   PAD
    0x08000350   0x08000350   0x00000030   Code   RO         8930    .text               mf_w.l(cdrcmple.o)
    0x08000380   0x08000380   0x0000002c   Code   RO         8948    .text               mc_w.l(uidiv.o)
    0x080003ac   0x080003ac   0x0000001e   Code   RO         8950    .text               mc_w.l(llshl.o)
    0x080003ca   0x080003ca   0x00000020   Code   RO         8952    .text               mc_w.l(llushr.o)
    0x080003ea   0x080003ea   0x00000000   Code   RO         8956    .text               mc_w.l(iusefp.o)
    0x080003ea   0x080003ea   0x000000ba   Code   RO         8959    .text               mf_w.l(depilogue.o)
    0x080004a4   0x080004a4   0x0000014e   Code   RO         8961    .text               mf_w.l(dadd.o)
    0x080005f2   0x080005f2   0x000000de   Code   RO         8963    .text               mf_w.l(ddiv.o)
    0x080006d0   0x080006d0   0x00000030   Code   RO         8965    .text               mf_w.l(dfixul.o)
    0x08000700   0x08000700   0x00000024   Code   RO         8967    .text               mc_w.l(init.o)
    0x08000724   0x08000724   0x00000024   Code   RO         8969    .text               mc_w.l(llsshr.o)
    0x08000748   0x08000748   0x00000056   Code   RO         8979    .text               mc_w.l(__dczerorl2.o)
    0x0800079e   0x0800079e   0x00000004   Code   RO         2267    i.BusFault_Handler  drv_hal.o
    0x080007a2   0x080007a2   0x00000002   PAD
    0x080007a4   0x080007a4   0x00000010   Code   RO          706    i.DMA2_Stream2_IRQHandler  task_irq.o
    0x080007b4   0x080007b4   0x00000002   Code   RO         2268    i.DebugMon_Handler  drv_hal.o
    0x080007b6   0x080007b6   0x00000068   Code   RO         2666    i.Drv_GPIO_Init     drv_hal_gpio.o
    0x0800081e   0x0800081e   0x00000002   PAD
    0x08000820   0x08000820   0x0000005c   Code   RO         2269    i.Drv_HAL_Error     drv_hal.o
    0x0800087c   0x0800087c   0x0000000c   Code   RO         2270    i.Drv_HAL_IncTick   drv_hal.o
    0x08000888   0x08000888   0x0000000c   Code   RO         2271    i.Drv_HAL_Init      drv_hal.o
    0x08000894   0x08000894   0x0000000c   Code   RO         3157    i.Drv_Uart_IRQHandler  drv_hal_uart.o
    0x080008a0   0x080008a0   0x00000040   Code   RO         3158    i.Drv_Uart_ITInit   drv_hal_uart.o
    0x080008e0   0x080008e0   0x00000086   Code   RO         3159    i.Drv_Uart_IT_RxHandler  drv_hal_uart.o
    0x08000966   0x08000966   0x00000032   Code   RO         3162    i.Drv_Uart_Receive_IT  drv_hal_uart.o
    0x08000998   0x08000998   0x00000002   Code   RO          707    i.EXTI15_10_IRQHandler  task_irq.o
    0x0800099a   0x0800099a   0x00000002   Code   RO          708    i.EXTI9_5_IRQHandler  task_irq.o
    0x0800099c   0x0800099c   0x000000ac   Code   RO         4544    i.HAL_DMA_Abort     stm32f4xx_hal_dma.o
    0x08000a48   0x08000a48   0x00000028   Code   RO         4545    i.HAL_DMA_Abort_IT  stm32f4xx_hal_dma.o
    0x08000a70   0x08000a70   0x00000240   Code   RO         4549    i.HAL_DMA_IRQHandler  stm32f4xx_hal_dma.o
    0x08000cb0   0x08000cb0   0x000001f4   Code   RO         5463    i.HAL_GPIO_Init     stm32f4xx_hal_gpio.o
    0x08000ea4   0x08000ea4   0x0000000c   Code   RO         3346    i.HAL_GetTick       stm32f4xx_hal.o
    0x08000eb0   0x08000eb0   0x00000018   Code   RO         3352    i.HAL_IncTick       stm32f4xx_hal.o
    0x08000ec8   0x08000ec8   0x0000003c   Code   RO         3353    i.HAL_Init          stm32f4xx_hal.o
    0x08000f04   0x08000f04   0x0000004c   Code   RO         3354    i.HAL_InitTick      stm32f4xx_hal.o
    0x08000f50   0x08000f50   0x00000094   Code   RO         2277    i.HAL_MspInit       drv_hal.o
    0x08000fe4   0x08000fe4   0x00000020   Code   RO         4058    i.HAL_NVIC_EnableIRQ  stm32f4xx_hal_cortex.o
    0x08001004   0x08001004   0x0000007c   Code   RO         4064    i.HAL_NVIC_SetPriority  stm32f4xx_hal_cortex.o
    0x08001080   0x08001080   0x00000028   Code   RO         4065    i.HAL_NVIC_SetPriorityGrouping  stm32f4xx_hal_cortex.o
    0x080010a8   0x080010a8   0x00000184   Code   RO         6509    i.HAL_RCC_ClockConfig  stm32f4xx_hal_rcc.o
    0x0800122c   0x0800122c   0x0000000c   Code   RO         6514    i.HAL_RCC_GetHCLKFreq  stm32f4xx_hal_rcc.o
    0x08001238   0x08001238   0x00000020   Code   RO         6516    i.HAL_RCC_GetPCLK1Freq  stm32f4xx_hal_rcc.o
    0x08001258   0x08001258   0x00000020   Code   RO         6517    i.HAL_RCC_GetPCLK2Freq  stm32f4xx_hal_rcc.o
    0x08001278   0x08001278   0x000000b0   Code   RO         6518    i.HAL_RCC_GetSysClockFreq  stm32f4xx_hal_rcc.o
    0x08001328   0x08001328   0x0000049c   Code   RO         6521    i.HAL_RCC_OscConfig  stm32f4xx_hal_rcc.o
    0x080017c4   0x080017c4   0x00000002   Code   RO         4068    i.HAL_SYSTICK_Callback  stm32f4xx_hal_cortex.o
    0x080017c6   0x080017c6   0x00000034   Code   RO         4069    i.HAL_SYSTICK_Config  stm32f4xx_hal_cortex.o
    0x080017fa   0x080017fa   0x00000008   Code   RO         4070    i.HAL_SYSTICK_IRQHandler  stm32f4xx_hal_cortex.o
    0x08001802   0x08001802   0x00000002   Code   RO         8179    i.HAL_UARTEx_RxEventCallback  stm32f4xx_hal_uart.o
    0x08001804   0x08001804   0x00000002   Code   RO         8193    i.HAL_UART_ErrorCallback  stm32f4xx_hal_uart.o
    0x08001806   0x08001806   0x00000002   PAD
    0x08001808   0x08001808   0x000002e0   Code   RO         8196    i.HAL_UART_IRQHandler  stm32f4xx_hal_uart.o
    0x08001ae8   0x08001ae8   0x00000072   Code   RO         8197    i.HAL_UART_Init     stm32f4xx_hal_uart.o
    0x08001b5a   0x08001b5a   0x00000002   Code   RO         8199    i.HAL_UART_MspInit  stm32f4xx_hal_uart.o
    0x08001b5c   0x08001b5c   0x00000042   Code   RO         8202    i.HAL_UART_Receive_IT  stm32f4xx_hal_uart.o
    0x08001b9e   0x08001b9e   0x00000002   PAD
    0x08001ba0   0x08001ba0   0x00000014   Code   RO          709    i.HAL_UART_RxCpltCallback  task_irq.o
    0x08001bb4   0x08001bb4   0x00000002   Code   RO         8208    i.HAL_UART_TxCpltCallback  stm32f4xx_hal_uart.o
    0x08001bb6   0x08001bb6   0x00000004   Code   RO         2278    i.HardFault_Handler  drv_hal.o
    0x08001bba   0x08001bba   0x00000004   Code   RO         2279    i.MemManage_Handler  drv_hal.o
    0x08001bbe   0x08001bbe   0x00000004   Code   RO         2280    i.NMI_Handler       drv_hal.o
    0x08001bc2   0x08001bc2   0x00000002   Code   RO         2281    i.PendSV_Handler    drv_hal.o
    0x08001bc4   0x08001bc4   0x00000002   Code   RO         2282    i.SVC_Handler       drv_hal.o
    0x08001bc6   0x08001bc6   0x00000002   PAD
    0x08001bc8   0x08001bc8   0x00000194   Code   RO         2674    i.S_GPIO_CLKEnable  drv_hal_gpio.o
    0x08001d5c   0x08001d5c   0x000000f2   Code   RO         2676    i.S_GPIO_NVICParamConfig  drv_hal_gpio.o
    0x08001e4e   0x08001e4e   0x0000000e   Code   RO         2677    i.S_GPIO_ParamConfig  drv_hal_gpio.o
    0x08001e5c   0x08001e5c   0x000000b4   Code   RO         2283    i.S_HAL_CLKConfig   drv_hal.o
    0x08001f10   0x08001f10   0x00000002   Code   RO         3166    i.S_Uart_CLKConfig  drv_hal_uart.o
    0x08001f12   0x08001f12   0x00000002   PAD
    0x08001f14   0x08001f14   0x00000120   Code   RO         3167    i.S_Uart_CLKEnable  drv_hal_uart.o
    0x08002034   0x08002034   0x00000044   Code   RO         3171    i.S_Uart_GPIOConfig  drv_hal_uart.o
    0x08002078   0x08002078   0x000000d0   Code   RO         3172    i.S_Uart_NVICConfig  drv_hal_uart.o
    0x08002148   0x08002148   0x00000038   Code   RO         3173    i.S_Uart_ParamConfig  drv_hal_uart.o
    0x08002180   0x08002180   0x00000070   Code   RO         3174    i.S_Uart_ParamMatch  drv_hal_uart.o
    0x080021f0   0x080021f0   0x00000008   Code   RO         2284    i.SysTick_Handler   drv_hal.o
    0x080021f8   0x080021f8   0x00000002   Code   RO         8572    i.SystemInit        system_stm32f4xx.o
    0x080021fa   0x080021fa   0x00000002   Code   RO          710    i.TIM2_IRQHandler   task_irq.o
    0x080021fc   0x080021fc   0x00000002   Code   RO          711    i.TIM3_IRQHandler   task_irq.o
    0x080021fe   0x080021fe   0x00000002   Code   RO          712    i.TIM4_IRQHandler   task_irq.o
    0x08002200   0x08002200   0x00000002   Code   RO          713    i.TIM5_IRQHandler   task_irq.o
    0x08002202   0x08002202   0x00000002   Code   RO          715    i.TIM7_IRQHandler   task_irq.o
    0x08002204   0x08002204   0x00000008   Code   RO          816    i.Task_Sys_Init     task_sysinit.o
    0x0800220c   0x0800220c   0x0000001c   Code   RO          842    i.Task_UserInit     task_userinit.o
    0x08002228   0x08002228   0x00000002   Code   RO          716    i.UART4_IRQHandler  task_irq.o
    0x0800222a   0x0800222a   0x00000002   Code   RO          717    i.UART5_IRQHandler  task_irq.o
    0x0800222c   0x0800222c   0x00000014   Code   RO         8210    i.UART_DMAAbortOnError  stm32f4xx_hal_uart.o
    0x08002240   0x08002240   0x0000006c   Code   RO         8220    i.UART_EndRxTransfer  stm32f4xx_hal_uart.o
    0x080022ac   0x080022ac   0x00000020   Code   RO         8221    i.UART_EndTransmit_IT  stm32f4xx_hal_uart.o
    0x080022cc   0x080022cc   0x000000f8   Code   RO         8223    i.UART_Receive_IT   stm32f4xx_hal_uart.o
    0x080023c4   0x080023c4   0x0000022c   Code   RO         8224    i.UART_SetConfig    stm32f4xx_hal_uart.o
    0x080025f0   0x080025f0   0x0000004a   Code   RO         8226    i.UART_Start_Receive_IT  stm32f4xx_hal_uart.o
    0x0800263a   0x0800263a   0x00000060   Code   RO         8227    i.UART_Transmit_IT  stm32f4xx_hal_uart.o
    0x0800269a   0x0800269a   0x00000002   PAD
    0x0800269c   0x0800269c   0x00000010   Code   RO          718    i.USART1_IRQHandler  task_irq.o
    0x080026ac   0x080026ac   0x00000002   Code   RO          719    i.USART2_IRQHandler  task_irq.o
    0x080026ae   0x080026ae   0x00000002   Code   RO          720    i.USART3_IRQHandler  task_irq.o
    0x080026b0   0x080026b0   0x00000004   Code   RO         2285    i.UsageFault_Handler  drv_hal.o
    0x080026b4   0x080026b4   0x00000050   Code   RO          239    i.UserLogic_Code    usercode.o
    0x08002704   0x08002704   0x00000020   Code   RO         8864    i.__0printf         mc_w.l(printfa.o)
    0x08002724   0x08002724   0x00000010   Code   RO         4071    i.__NVIC_GetPriorityGrouping  stm32f4xx_hal_cortex.o
    0x08002734   0x08002734   0x00000028   Code   RO         4072    i.__NVIC_SetPriority  stm32f4xx_hal_cortex.o
    0x0800275c   0x0800275c   0x0000000e   Code   RO         8973    i.__scatterload_copy  mc_w.l(handlers.o)
    0x0800276a   0x0800276a   0x00000002   Code   RO         8974    i.__scatterload_null  mc_w.l(handlers.o)
    0x0800276c   0x0800276c   0x0000000e   Code   RO         8975    i.__scatterload_zeroinit  mc_w.l(handlers.o)
    0x0800277a   0x0800277a   0x00000002   PAD
    0x0800277c   0x0800277c   0x00000184   Code   RO         8871    i._fp_digits        mc_w.l(printfa.o)
    0x08002900   0x08002900   0x000006dc   Code   RO         8872    i._printf_core      mc_w.l(printfa.o)
    0x08002fdc   0x08002fdc   0x00000024   Code   RO         8873    i._printf_post_padding  mc_w.l(printfa.o)
    0x08003000   0x08003000   0x0000002e   Code   RO         8874    i._printf_pre_padding  mc_w.l(printfa.o)
    0x0800302e   0x0800302e   0x00000002   PAD
    0x08003030   0x08003030   0x00000034   Code   RO         2287    i.fputc             drv_hal.o
    0x08003064   0x08003064   0x00000012   Code   RO            4    i.main              main.o
    0x08003076   0x08003076   0x00000002   PAD
    0x08003078   0x08003078   0x0000006c   Code   RO         8893    i.malloc            mc_w.l(malloc.o)
    0x080030e4   0x080030e4   0x00000018   Data   RO         8573    .constdata          system_stm32f4xx.o
    0x080030fc   0x080030fc   0x00000020   Data   RO         8971    Region$$Table       anon$$obj.o


    Execution Region RW_IRAM1 (Exec base: 0x20000000, Load base: 0x0800311c, Size: 0x000007e8, Max: 0x00020000, ABSOLUTE, COMPRESSED[0x00000050])

    Exec Addr    Load Addr    Size         Type   Attr      Idx    E Section Name        Object

    0x20000000   COMPRESSED   0x00000005   Data   RW          241    .data               usercode.o
    0x20000005   COMPRESSED   0x00000003   PAD
    0x20000008   COMPRESSED   0x000001a8   Data   RW          463    .data               config.o
    0x200001b0   COMPRESSED   0x00000008   Data   RW         2289    .data               drv_hal.o
    0x200001b8   COMPRESSED   0x00000009   Data   RW         3360    .data               stm32f4xx_hal.o
    0x200001c1   COMPRESSED   0x00000003   PAD
    0x200001c4   COMPRESSED   0x00000004   Data   RW         8574    .data               system_stm32f4xx.o
    0x200001c8   COMPRESSED   0x00000004   Data   RW         8954    .data               mc_w.l(mvars.o)
    0x200001cc   COMPRESSED   0x00000004   Data   RW         8955    .data               mc_w.l(mvars.o)
    0x200001d0        -       0x00000014   Zero   RW          240    .bss                usercode.o
    0x200001e4   COMPRESSED   0x00000004   PAD
    0x200001e8        -       0x00000200   Zero   RW         8606    HEAP                startup_stm32f407xx.o
    0x200003e8        -       0x00000400   Zero   RW         8605    STACK               startup_stm32f407xx.o


==============================================================================

Image component sizes


      Code (inc. data)   RO Data    RW Data    ZI Data      Debug   Object Name

         0          0          0        424          0     622056   config.o
       530         88          0          8          0       9303   drv_hal.o
       764         40          0          0          0       3068   drv_hal_gpio.o
       994        100          0          0          0       6138   drv_hal_uart.o
        18          0          0          0          0     692267   main.o
        36          8        392          0       1536        932   startup_stm32f407xx.o
       172         32          0          9          0       8777   stm32f4xx_hal.o
       314         22          0          0          0      35675   stm32f4xx_hal_cortex.o
       788          6          0          0          0       3244   stm32f4xx_hal_dma.o
       500         46          0          0          0       1600   stm32f4xx_hal_gpio.o
      1820         84          0          0          0       5804   stm32f4xx_hal_rcc.o
      2058         14          0          0          0      11315   stm32f4xx_hal_uart.o
         2          0         24          4          0       1431   system_stm32f4xx.o
        74         18          0          0          0       6920   task_irq.o
         8          0          0          0          0        484   task_sysinit.o
        28         10          0          0          0        492   task_userinit.o
        80         30          0          5         20     612526   usercode.o

    ----------------------------------------------------------------------
      8202        498        448        456       1560    2022032   Object Totals
         0          0         32          0          0          0   (incl. Generated)
        16          0          0          6          4          0   (incl. Padding)

    ----------------------------------------------------------------------

      Code (inc. data)   RO Data    RW Data    ZI Data      Debug   Library Member Name

        86          0          0          0          0          0   __dczerorl2.o
         0          0          0          0          0          0   entry.o
         0          0          0          0          0          0   entry10a.o
         0          0          0          0          0          0   entry11a.o
         8          4          0          0          0          0   entry2.o
         4          0          0          0          0          0   entry5.o
         0          0          0          0          0          0   entry7b.o
         0          0          0          0          0          0   entry8b.o
         8          4          0          0          0          0   entry9a.o
        30          0          0          0          0          0   handlers.o
        36          8          0          0          0         68   init.o
         0          0          0          0          0          0   iusefp.o
        30          0          0          0          0         68   llshl.o
        36          0          0          0          0         68   llsshr.o
        32          0          0          0          0         68   llushr.o
       108         16          0          0          0         84   malloc.o
        36          0          0          0          0         68   memcpya.o
        36          0          0          0          0        108   memseta.o
         0          0          0          8          0          0   mvars.o
      2258         90          0          0          0        452   printfa.o
        44          0          0          0          0         80   uidiv.o
        98          0          0          0          0         92   uldiv.o
        48          0          0          0          0         68   cdrcmple.o
       334          0          0          0          0        148   dadd.o
       222          0          0          0          0        100   ddiv.o
       186          0          0          0          0        176   depilogue.o
        48          0          0          0          0         68   dfixul.o
       228          0          0          0          0         96   dmul.o

    ----------------------------------------------------------------------
      3922        122          0          8          0       1812   Library Totals
         6          0          0          0          0          0   (incl. Padding)

    ----------------------------------------------------------------------

      Code (inc. data)   RO Data    RW Data    ZI Data      Debug   Library Name

      2850        122          0          8          0       1156   mc_w.l
      1066          0          0          0          0        656   mf_w.l

    ----------------------------------------------------------------------
      3922        122          0          8          0       1812   Library Totals

    ----------------------------------------------------------------------

==============================================================================


      Code (inc. data)   RO Data    RW Data    ZI Data      Debug   

     12124        620        448        464       1560    2015584   Grand Totals
     12124        620        448         80       1560    2015584   ELF Image Totals (compressed)
     12124        620        448         80          0          0   ROM Totals

==============================================================================

    Total RO  Size (Code + RO Data)                12572 (  12.28kB)
    Total RW  Size (RW Data + ZI Data)              2024 (   1.98kB)
    Total ROM Size (Code + RO Data + RW Data)      12652 (  12.36kB)

==============================================================================

