<html>
<body>
<pre>
<h1>礦ision Build Log</h1>
<h2>Tool Versions:</h2>
IDE-Version: μVision V5.28.0.0
Copyright (C) 2019 ARM Ltd and ARM Germany GmbH. All rights reserved.
License Information: 1 1, 1, LIC=ZB4CX-HCPXK-55CT2-9GQZC-67JGA-AGRD7
 
Tool Versions:
Toolchain:       MDK-ARM Plus  Version: 5.28.0.0
Toolchain Path:  D:\Keil_v5\ARM\ARMCC\Bin
C Compiler:      Armcc.exe V5.06 update 6 (build 750)
Assembler:       Armasm.exe V5.06 update 6 (build 750)
Linker/Locator:  ArmLink.exe V5.06 update 6 (build 750)
Library Manager: ArmAr.exe V5.06 update 6 (build 750)
Hex Converter:   FromElf.exe V5.06 update 6 (build 750)
CPU DLL:         SARMCM3.DLL V5.28.0.0
Dialog DLL:      DRAMSTM.DLL
Target DLL:      STLink\ST-LINKIII-KEIL_SWO.dll V3.0.6.0
Dialog DLL:      TCM.DLL V1.36.2.0
 
<h2>Project:</h2>
E:\STM32code\SGA库例程\SGA使用ADC与DAC例程\Project\STM32.uvprojx
Project File Date:  06/01/2023

<h2>Output:</h2>
*** Using Compiler 'V5.06 update 6 (build 750)', folder: 'D:\Keil_v5\ARM\ARMCC\Bin'
Build target 'Demo'
compiling task_irq.c...
compiling ocd_ds3231.c...
compiling threadpool.c...
compiling main.c...
compiling task_userinit.c...
compiling ocd_at24cxx.c...
compiling task_sysinit.c...
compiling ocd_ads1256.c...
compiling ocd_jy901.c...
compiling usercode.c...
compiling config.c...
compiling diskio.c...
compiling ff.c...
compiling ocd_oled.c...
compiling dev_ps2.c...
compiling algo_pid.c...
compiling drv_hal.c...
compiling ocd_fatfs.c...
compiling drv_hal_adc.c...
compiling ocd_rm3100.c...
compiling algo_func.c...
compiling drv_hal_dac.c...
compiling ocd_sdcard.c...
compiling drv_hal_delay.c...
compiling drv_hal_iic_soft.c...
compiling drv_hal_gpio.c...
compiling stm32f1xx_hal_can.c...
compiling drv_hal_pwm.c...
compiling drv_hal_spi_soft.c...
compiling stm32f1xx_hal.c...
compiling drv_hal_timer.c...
compiling drv_hal_spi.c...
compiling stm32f1xx_hal_adc_ex.c...
compiling drv_hal_uart.c...
compiling stm32f1xx_hal_adc.c...
compiling stm32f1xx_hal_cec.c...
compiling stm32f1xx_hal_dac.c...
compiling stm32f1xx_hal_crc.c...
compiling stm32f1xx_hal_dac_ex.c...
compiling stm32f1xx_hal_eth.c...
compiling stm32f1xx_hal_cortex.c...
compiling stm32f1xx_hal_flash.c...
compiling stm32f1xx_hal_exti.c...
compiling stm32f1xx_hal_dma.c...
compiling stm32f1xx_hal_flash_ex.c...
compiling stm32f1xx_hal_gpio.c...
compiling stm32f1xx_hal_i2s.c...
compiling stm32f1xx_hal_hcd.c...
compiling stm32f1xx_hal_mmc.c...
compiling stm32f1xx_hal_gpio_ex.c...
compiling stm32f1xx_hal_pcd.c...
compiling stm32f1xx_hal_irda.c...
compiling stm32f1xx_hal_pccard.c...
compiling stm32f1xx_hal_i2c.c...
compiling stm32f1xx_hal_iwdg.c...
compiling stm32f1xx_hal_nand.c...
compiling stm32f1xx_hal_nor.c...
compiling stm32f1xx_hal_rtc_ex.c...
compiling stm32f1xx_hal_rcc_ex.c...
compiling stm32f1xx_hal_smartcard.c...
compiling stm32f1xx_hal_sram.c...
compiling stm32f1xx_hal_rtc.c...
compiling stm32f1xx_hal_sd.c...
compiling stm32f1xx_hal_pcd_ex.c...
compiling stm32f1xx_hal_pwr.c...
compiling stm32f1xx_hal_rcc.c...
compiling stm32f1xx_hal_spi.c...
assembling startup_stm32f103xe.s...
compiling stm32f1xx_hal_tim.c...
compiling system_stm32f1xx.c...
compiling stm32f1xx_hal_wwdg.c...
compiling stm32f1xx_hal_uart.c...
compiling stm32f1xx_hal_usart.c...
compiling stm32f1xx_hal_tim_ex.c...
linking...
Program Size: Code=13876 RO-data=360 RW-data=692 ZI-data=1540  
".\Objects\STM32.axf" - 0 Error(s), 0 Warning(s).

<h2>Software Packages used:</h2>

Package Vendor: Keil
                http://www.keil.com/pack/Keil.STM32F1xx_DFP.2.4.0.pack
                Keil.STM32F1xx_DFP.2.4.0
                STMicroelectronics STM32F1 Series Device Support, Drivers and Examples

<h2>Collection of Component include folders:</h2>
  .\RTE\_Demo
  D:\Keil_v5\Keil\STM32F1xx_DFP\2.4.0\Device\Include

<h2>Collection of Component Files used:</h2>
Build Time Elapsed:  00:00:18
</pre>
</body>
</html>
